Archive member included to satisfy reference by file (symbol)

c:/st/stm32cubeide_1.4.0/stm32cubeide/plugins/com.st.stm32cube.ide.mcu.externaltools.gnu-tools-for-stm32.9-2020-q2-update.win32_1.5.0.202011040924/tools/bin/../lib/gcc/arm-none-eabi/9.3.1/../../../../arm-none-eabi/lib/thumb/v7e-m+dp/hard\libc_nano.a(lib_a-errno.o)
                              Core/Src/syscalls.o (__errno)
c:/st/stm32cubeide_1.4.0/stm32cubeide/plugins/com.st.stm32cube.ide.mcu.externaltools.gnu-tools-for-stm32.9-2020-q2-update.win32_1.5.0.202011040924/tools/bin/../lib/gcc/arm-none-eabi/9.3.1/../../../../arm-none-eabi/lib/thumb/v7e-m+dp/hard\libc_nano.a(lib_a-exit.o)
                              c:/st/stm32cubeide_1.4.0/stm32cubeide/plugins/com.st.stm32cube.ide.mcu.externaltools.gnu-tools-for-stm32.9-2020-q2-update.win32_1.5.0.202011040924/tools/bin/../lib/gcc/arm-none-eabi/9.3.1/../../../../arm-none-eabi/lib/thumb/v7e-m+dp/hard/crt0.o (exit)
c:/st/stm32cubeide_1.4.0/stm32cubeide/plugins/com.st.stm32cube.ide.mcu.externaltools.gnu-tools-for-stm32.9-2020-q2-update.win32_1.5.0.202011040924/tools/bin/../lib/gcc/arm-none-eabi/9.3.1/../../../../arm-none-eabi/lib/thumb/v7e-m+dp/hard\libc_nano.a(lib_a-impure.o)
                              c:/st/stm32cubeide_1.4.0/stm32cubeide/plugins/com.st.stm32cube.ide.mcu.externaltools.gnu-tools-for-stm32.9-2020-q2-update.win32_1.5.0.202011040924/tools/bin/../lib/gcc/arm-none-eabi/9.3.1/../../../../arm-none-eabi/lib/thumb/v7e-m+dp/hard\libc_nano.a(lib_a-exit.o) (_global_impure_ptr)
c:/st/stm32cubeide_1.4.0/stm32cubeide/plugins/com.st.stm32cube.ide.mcu.externaltools.gnu-tools-for-stm32.9-2020-q2-update.win32_1.5.0.202011040924/tools/bin/../lib/gcc/arm-none-eabi/9.3.1/../../../../arm-none-eabi/lib/thumb/v7e-m+dp/hard\libc_nano.a(lib_a-init.o)
                              c:/st/stm32cubeide_1.4.0/stm32cubeide/plugins/com.st.stm32cube.ide.mcu.externaltools.gnu-tools-for-stm32.9-2020-q2-update.win32_1.5.0.202011040924/tools/bin/../lib/gcc/arm-none-eabi/9.3.1/../../../../arm-none-eabi/lib/thumb/v7e-m+dp/hard/crt0.o (__libc_init_array)
c:/st/stm32cubeide_1.4.0/stm32cubeide/plugins/com.st.stm32cube.ide.mcu.externaltools.gnu-tools-for-stm32.9-2020-q2-update.win32_1.5.0.202011040924/tools/bin/../lib/gcc/arm-none-eabi/9.3.1/../../../../arm-none-eabi/lib/thumb/v7e-m+dp/hard\libc_nano.a(lib_a-memcpy-stub.o)
                              Core/Src/main.o (memcpy)
c:/st/stm32cubeide_1.4.0/stm32cubeide/plugins/com.st.stm32cube.ide.mcu.externaltools.gnu-tools-for-stm32.9-2020-q2-update.win32_1.5.0.202011040924/tools/bin/../lib/gcc/arm-none-eabi/9.3.1/../../../../arm-none-eabi/lib/thumb/v7e-m+dp/hard\libc_nano.a(lib_a-memset.o)
                              c:/st/stm32cubeide_1.4.0/stm32cubeide/plugins/com.st.stm32cube.ide.mcu.externaltools.gnu-tools-for-stm32.9-2020-q2-update.win32_1.5.0.202011040924/tools/bin/../lib/gcc/arm-none-eabi/9.3.1/../../../../arm-none-eabi/lib/thumb/v7e-m+dp/hard/crt0.o (memset)
c:/st/stm32cubeide_1.4.0/stm32cubeide/plugins/com.st.stm32cube.ide.mcu.externaltools.gnu-tools-for-stm32.9-2020-q2-update.win32_1.5.0.202011040924/tools/bin/../lib/gcc/arm-none-eabi/9.3.1/thumb/v7e-m+dp/hard\libgcc.a(_aeabi_uldivmod.o)
                              Drivers/STM32H7xx_HAL_Driver/Src/stm32h7xx_hal_uart.o (__aeabi_uldivmod)
c:/st/stm32cubeide_1.4.0/stm32cubeide/plugins/com.st.stm32cube.ide.mcu.externaltools.gnu-tools-for-stm32.9-2020-q2-update.win32_1.5.0.202011040924/tools/bin/../lib/gcc/arm-none-eabi/9.3.1/thumb/v7e-m+dp/hard\libgcc.a(_udivmoddi4.o)
                              c:/st/stm32cubeide_1.4.0/stm32cubeide/plugins/com.st.stm32cube.ide.mcu.externaltools.gnu-tools-for-stm32.9-2020-q2-update.win32_1.5.0.202011040924/tools/bin/../lib/gcc/arm-none-eabi/9.3.1/thumb/v7e-m+dp/hard\libgcc.a(_aeabi_uldivmod.o) (__udivmoddi4)
c:/st/stm32cubeide_1.4.0/stm32cubeide/plugins/com.st.stm32cube.ide.mcu.externaltools.gnu-tools-for-stm32.9-2020-q2-update.win32_1.5.0.202011040924/tools/bin/../lib/gcc/arm-none-eabi/9.3.1/thumb/v7e-m+dp/hard\libgcc.a(_dvmd_tls.o)
                              c:/st/stm32cubeide_1.4.0/stm32cubeide/plugins/com.st.stm32cube.ide.mcu.externaltools.gnu-tools-for-stm32.9-2020-q2-update.win32_1.5.0.202011040924/tools/bin/../lib/gcc/arm-none-eabi/9.3.1/thumb/v7e-m+dp/hard\libgcc.a(_aeabi_uldivmod.o) (__aeabi_ldiv0)

Allocating common symbols
Common symbol       size              file

last_line           0x600             Core/Src/main.o
defaultTaskHandle   0x4               Core/Src/main.o
p_objects_last_line
                    0xc00             Core/Src/main.o
huart3              0x90              Core/Src/main.o
xTaskHandle_LCD     0x4               Core/Src/main.o
BufferCOMP1         0x1850            Core/Src/main.o
pices_time          0x20              Core/Src/main.o
uwTick              0x4               Drivers/STM32H7xx_HAL_Driver/Src/stm32h7xx_hal.o
xQueueRegistry      0x40              Middlewares/Third_Party/FreeRTOS/Source/queue.o
[...]
Memory Configuration

Name             Origin             Length             Attributes
ITCMRAM          0x0000000000000000 0x0000000000010000 xrw
RAM              0x0000000020000000 0x0000000000020000 xrw
FLASH            0x0000000008000000 0x0000000000100000 xr
RAM_D1           0x0000000024000000 0x0000000000050000 xrw
RAM_D2           0x0000000030000000 0x0000000000008000 xrw
RAM_D3           0x0000000038000000 0x0000000000004000 xrw
*default*        0x0000000000000000 0xffffffffffffffff

Linker script and memory map

LOAD c:/st/stm32cubeide_1.4.0/stm32cubeide/plugins/com.st.stm32cube.ide.mcu.externaltools.gnu-tools-for-stm32.9-2020-q2-update.win32_1.5.0.202011040924/tools/bin/../lib/gcc/arm-none-eabi/9.3.1/thumb/v7e-m+dp/hard/crti.o
LOAD c:/st/stm32cubeide_1.4.0/stm32cubeide/plugins/com.st.stm32cube.ide.mcu.externaltools.gnu-tools-for-stm32.9-2020-q2-update.win32_1.5.0.202011040924/tools/bin/../lib/gcc/arm-none-eabi/9.3.1/thumb/v7e-m+dp/hard/crtbegin.o
LOAD c:/st/stm32cubeide_1.4.0/stm32cubeide/plugins/com.st.stm32cube.ide.mcu.externaltools.gnu-tools-for-stm32.9-2020-q2-update.win32_1.5.0.202011040924/tools/bin/../lib/gcc/arm-none-eabi/9.3.1/../../../../arm-none-eabi/lib/thumb/v7e-m+dp/hard/crt0.o
LOAD Core/Src/freertos.o
LOAD Core/Src/main.o
LOAD Core/Src/stm32h7xx_hal_msp.o
LOAD Core/Src/stm32h7xx_hal_timebase_tim.o
LOAD Core/Src/stm32h7xx_it.o
LOAD Core/Src/syscalls.o
LOAD Core/Src/sysmem.o
LOAD Core/Src/system_stm32h7xx.o
LOAD Core/Startup/startup_stm32h723zgtx.o
LOAD Drivers/STM32H7xx_HAL_Driver/Src/stm32h7xx_hal.o
LOAD Drivers/STM32H7xx_HAL_Driver/Src/stm32h7xx_hal_comp.o
LOAD Drivers/STM32H7xx_HAL_Driver/Src/stm32h7xx_hal_cortex.o
LOAD Drivers/STM32H7xx_HAL_Driver/Src/stm32h7xx_hal_dma.o
LOAD Drivers/STM32H7xx_HAL_Driver/Src/stm32h7xx_hal_dma_ex.o
LOAD Drivers/STM32H7xx_HAL_Driver/Src/stm32h7xx_hal_eth.o
LOAD Drivers/STM32H7xx_HAL_Driver/Src/stm32h7xx_hal_eth_ex.o
LOAD Drivers/STM32H7xx_HAL_Driver/Src/stm32h7xx_hal_exti.o
LOAD Drivers/STM32H7xx_HAL_Driver/Src/stm32h7xx_hal_flash.o
LOAD Drivers/STM32H7xx_HAL_Driver/Src/stm32h7xx_hal_flash_ex.o
LOAD Drivers/STM32H7xx_HAL_Driver/Src/stm32h7xx_hal_gpio.o
LOAD Drivers/STM32H7xx_HAL_Driver/Src/stm32h7xx_hal_hsem.o
LOAD Drivers/STM32H7xx_HAL_Driver/Src/stm32h7xx_hal_i2c.o
LOAD Drivers/STM32H7xx_HAL_Driver/Src/stm32h7xx_hal_i2c_ex.o
LOAD Drivers/STM32H7xx_HAL_Driver/Src/stm32h7xx_hal_mdma.o
LOAD Drivers/STM32H7xx_HAL_Driver/Src/stm32h7xx_hal_pwr.o
LOAD Drivers/STM32H7xx_HAL_Driver/Src/stm32h7xx_hal_pwr_ex.o
LOAD Drivers/STM32H7xx_HAL_Driver/Src/stm32h7xx_hal_rcc.o
LOAD Drivers/STM32H7xx_HAL_Driver/Src/stm32h7xx_hal_rcc_ex.o
LOAD Drivers/STM32H7xx_HAL_Driver/Src/stm32h7xx_hal_tim.o
LOAD Drivers/STM32H7xx_HAL_Driver/Src/stm32h7xx_hal_tim_ex.o
LOAD Drivers/STM32H7xx_HAL_Driver/Src/stm32h7xx_hal_uart.o
LOAD Drivers/STM32H7xx_HAL_Driver/Src/stm32h7xx_hal_uart_ex.o
LOAD Middlewares/Third_Party/FreeRTOS/Source/CMSIS_RTOS_V2/cmsis_os2.o
LOAD Middlewares/Third_Party/FreeRTOS/Source/croutine.o
LOAD Middlewares/Third_Party/FreeRTOS/Source/event_groups.o
LOAD Middlewares/Third_Party/FreeRTOS/Source/list.o
LOAD Middlewares/Third_Party/FreeRTOS/Source/queue.o
LOAD Middlewares/Third_Party/FreeRTOS/Source/stream_buffer.o
LOAD Middlewares/Third_Party/FreeRTOS/Source/tasks.o
LOAD Middlewares/Third_Party/FreeRTOS/Source/timers.o
LOAD Middlewares/Third_Party/FreeRTOS/Source/portable/GCC/ARM_CM4F/port.o
LOAD Middlewares/Third_Party/FreeRTOS/Source/portable/MemMang/heap_5.o
START GROUP
LOAD c:/st/stm32cubeide_1.4.0/stm32cubeide/plugins/com.st.stm32cube.ide.mcu.externaltools.gnu-tools-for-stm32.9-2020-q2-update.win32_1.5.0.202011040924/tools/bin/../lib/gcc/arm-none-eabi/9.3.1/../../../../arm-none-eabi/lib/thumb/v7e-m+dp/hard\libc_nano.a
LOAD c:/st/stm32cubeide_1.4.0/stm32cubeide/plugins/com.st.stm32cube.ide.mcu.externaltools.gnu-tools-for-stm32.9-2020-q2-update.win32_1.5.0.202011040924/tools/bin/../lib/gcc/arm-none-eabi/9.3.1/../../../../arm-none-eabi/lib/thumb/v7e-m+dp/hard\libm.a
END GROUP
START GROUP
LOAD c:/st/stm32cubeide_1.4.0/stm32cubeide/plugins/com.st.stm32cube.ide.mcu.externaltools.gnu-tools-for-stm32.9-2020-q2-update.win32_1.5.0.202011040924/tools/bin/../lib/gcc/arm-none-eabi/9.3.1/thumb/v7e-m+dp/hard\libgcc.a
LOAD c:/st/stm32cubeide_1.4.0/stm32cubeide/plugins/com.st.stm32cube.ide.mcu.externaltools.gnu-tools-for-stm32.9-2020-q2-update.win32_1.5.0.202011040924/tools/bin/../lib/gcc/arm-none-eabi/9.3.1/../../../../arm-none-eabi/lib/thumb/v7e-m+dp/hard\libc_nano.a
END GROUP
START GROUP
LOAD c:/st/stm32cubeide_1.4.0/stm32cubeide/plugins/com.st.stm32cube.ide.mcu.externaltools.gnu-tools-for-stm32.9-2020-q2-update.win32_1.5.0.202011040924/tools/bin/../lib/gcc/arm-none-eabi/9.3.1/thumb/v7e-m+dp/hard\libgcc.a
LOAD c:/st/stm32cubeide_1.4.0/stm32cubeide/plugins/com.st.stm32cube.ide.mcu.externaltools.gnu-tools-for-stm32.9-2020-q2-update.win32_1.5.0.202011040924/tools/bin/../lib/gcc/arm-none-eabi/9.3.1/../../../../arm-none-eabi/lib/thumb/v7e-m+dp/hard\libc_nano.a
LOAD c:/st/stm32cubeide_1.4.0/stm32cubeide/plugins/com.st.stm32cube.ide.mcu.externaltools.gnu-tools-for-stm32.9-2020-q2-update.win32_1.5.0.202011040924/tools/bin/../lib/gcc/arm-none-eabi/9.3.1/../../../../arm-none-eabi/lib/thumb/v7e-m+dp/hard\libnosys.a
END GROUP
START GROUP
LOAD c:/st/stm32cubeide_1.4.0/stm32cubeide/plugins/com.st.stm32cube.ide.mcu.externaltools.gnu-tools-for-stm32.9-2020-q2-update.win32_1.5.0.202011040924/tools/bin/../lib/gcc/arm-none-eabi/9.3.1/thumb/v7e-m+dp/hard\libgcc.a
LOAD c:/st/stm32cubeide_1.4.0/stm32cubeide/plugins/com.st.stm32cube.ide.mcu.externaltools.gnu-tools-for-stm32.9-2020-q2-update.win32_1.5.0.202011040924/tools/bin/../lib/gcc/arm-none-eabi/9.3.1/../../../../arm-none-eabi/lib/thumb/v7e-m+dp/hard\libc_nano.a
LOAD c:/st/stm32cubeide_1.4.0/stm32cubeide/plugins/com.st.stm32cube.ide.mcu.externaltools.gnu-tools-for-stm32.9-2020-q2-update.win32_1.5.0.202011040924/tools/bin/../lib/gcc/arm-none-eabi/9.3.1/../../../../arm-none-eabi/lib/thumb/v7e-m+dp/hard\libnosys.a
END GROUP
LOAD c:/st/stm32cubeide_1.4.0/stm32cubeide/plugins/com.st.stm32cube.ide.mcu.externaltools.gnu-tools-for-stm32.9-2020-q2-update.win32_1.5.0.202011040924/tools/bin/../lib/gcc/arm-none-eabi/9.3.1/thumb/v7e-m+dp/hard/crtend.o
LOAD c:/st/stm32cubeide_1.4.0/stm32cubeide/plugins/com.st.stm32cube.ide.mcu.externaltools.gnu-tools-for-stm32.9-2020-q2-update.win32_1.5.0.202011040924/tools/bin/../lib/gcc/arm-none-eabi/9.3.1/thumb/v7e-m+dp/hard/crtn.o
                0x0000000020020000                _estack = 0x20020000
                0x0000000000000200                _Min_Heap_Size = 0x200
                0x0000000000000400                _Min_Stack_Size = 0x400

.isr_vector     0x0000000008000000      0x2cc
                0x0000000008000000                . = ALIGN (0x4)
 *(.isr_vector)
 .isr_vector    0x0000000008000000      0x2cc Core/Startup/startup_stm32h723zgtx.o
                0x0000000008000000                g_pfnVectors
                0x00000000080002cc                . = ALIGN (0x4)

.text           0x00000000080002d0     0xa3a0
                0x00000000080002d0                . = ALIGN (0x4)
 *(.text)
 .text          0x00000000080002d0       0x40 c:/st/stm32cubeide_1.4.0/stm32cubeide/plugins/com.st.stm32cube.ide.mcu.externaltools.gnu-tools-for-stm32.9-2020-q2-update.win32_1.5.0.202011040924/tools/bin/../lib/gcc/arm-none-eabi/9.3.1/thumb/v7e-m+dp/hard/crtbegin.o
 .text          0x0000000008000310       0x30 c:/st/stm32cubeide_1.4.0/stm32cubeide/plugins/com.st.stm32cube.ide.mcu.externaltools.gnu-tools-for-stm32.9-2020-q2-update.win32_1.5.0.202011040924/tools/bin/../lib/gcc/arm-none-eabi/9.3.1/thumb/v7e-m+dp/hard\libgcc.a(_aeabi_uldivmod.o)
                0x0000000008000310                __aeabi_uldivmod
 .text          0x0000000008000340      0x2c4 c:/st/stm32cubeide_1.4.0/stm32cubeide/plugins/com.st.stm32cube.ide.mcu.externaltools.gnu-tools-for-stm32.9-2020-q2-update.win32_1.5.0.202011040924/tools/bin/../lib/gcc/arm-none-eabi/9.3.1/thumb/v7e-m+dp/hard\libgcc.a(_udivmoddi4.o)
                0x0000000008000340                __udivmoddi4
 .text          0x0000000008000604        0x4 c:/st/stm32cubeide_1.4.0/stm32cubeide/plugins/com.st.stm32cube.ide.mcu.externaltools.gnu-tools-for-stm32.9-2020-q2-update.win32_1.5.0.202011040924/tools/bin/../lib/gcc/arm-none-eabi/9.3.1/thumb/v7e-m+dp/hard\libgcc.a(_dvmd_tls.o)
                0x0000000008000604                __aeabi_idiv0
                0x0000000008000604                __aeabi_ldiv0
 *(.text*)
 .text.vApplicationIdleHook
                0x0000000008000608        0xe Core/Src/freertos.o
                0x0000000008000608                vApplicationIdleHook
 .text.vApplicationTickHook
                0x0000000008000616        0xe Core/Src/freertos.o
                0x0000000008000616                vApplicationTickHook
 .text.vApplicationStackOverflowHook
                0x0000000008000624       0x16 Core/Src/freertos.o
                0x0000000008000624                vApplicationStackOverflowHook
 .text.vApplicationMallocFailedHook
                0x000000000800063a        0xe Core/Src/freertos.o
                0x000000000800063a                vApplicationMallocFailedHook
 .text.vApplicationDaemonTaskStartupHook
                0x0000000008000648        0xe Core/Src/freertos.o
                0x0000000008000648                vApplicationDaemonTaskStartupHook
 *fill*         0x0000000008000656        0x2 
 .text.main     0x0000000008000658      0x160 Core/Src/main.o
                0x0000000008000658                main
 .text.SystemClock_Config
                0x00000000080007b8       0xf0 Core/Src/main.o
                0x00000000080007b8                SystemClock_Config
 .text.MX_COMP1_Init
                0x00000000080008a8       0x5c Core/Src/main.o
 .text.MX_COMP2_Init
                0x0000000008000904       0x5c Core/Src/main.o
 .text.MX_ETH_Init
                0x0000000008000960       0xa4 Core/Src/main.o
 .text.MX_USART1_UART_Init
                0x0000000008000a04       0xa8 Core/Src/main.o
 .text.MX_USART3_UART_Init
                0x0000000008000aac       0x98 Core/Src/main.o
 .text.MX_USB_OTG_HS_USB_Init
                0x0000000008000b44        0xe Core/Src/main.o
 *fill*         0x0000000008000b52        0x2 
 .text.MX_GPIO_Init
                0x0000000008000b54      0x30c Core/Src/main.o
 .text.vTask_LCD
                0x0000000008000e60       0xa0 Core/Src/main.o
                0x0000000008000e60                vTask_LCD
 .text.vTask_Kyeboard
                0x0000000008000f00      0x364 Core/Src/main.o
                0x0000000008000f00                vTask_Kyeboard
 .text.vTask_ContainerDetect
                0x0000000008001264       0x5c Core/Src/main.o
                0x0000000008001264                vTask_ContainerDetect
 .text.vTask_Scanner
                0x00000000080012c0      0x778 Core/Src/main.o
                0x00000000080012c0                vTask_Scanner
 .text.Clear_Counter
                0x0000000008001a38       0x5c Core/Src/main.o
                0x0000000008001a38                Clear_Counter
 .text.TuningLCD
                0x0000000008001a94       0xa8 Core/Src/main.o
                0x0000000008001a94                TuningLCD
 .text.CommandLCD
                0x0000000008001b3c       0x8c Core/Src/main.o
                0x0000000008001b3c                CommandLCD
 .text.WriteLCD
                0x0000000008001bc8       0x8c Core/Src/main.o
                0x0000000008001bc8                WriteLCD
 .text.Nybble   0x0000000008001c54       0x44 Core/Src/main.o
                0x0000000008001c54                Nybble
 .text.Delay_us
                0x0000000008001c98       0x44 Core/Src/main.o
                0x0000000008001c98                Delay_us
 .text.ShowTextOnLCD
                0x0000000008001cdc       0x68 Core/Src/main.o
                0x0000000008001cdc                ShowTextOnLCD
 .text.ShowNumberOnLCD
                0x0000000008001d44      0x1cc Core/Src/main.o
                0x0000000008001d44                ShowNumberOnLCD
 .text.DMATuning
                0x0000000008001f10       0x70 Core/Src/main.o
                0x0000000008001f10                DMATuning
 .text.TIM3_IRQHandler
                0x0000000008001f80       0x2c Core/Src/main.o
                0x0000000008001f80                TIM3_IRQHandler
 .text.StartDefaultTask
                0x0000000008001fac       0x10 Core/Src/main.o
                0x0000000008001fac                StartDefaultTask
 .text.HAL_TIM_PeriodElapsedCallback
                0x0000000008001fbc       0x24 Core/Src/main.o
                0x0000000008001fbc                HAL_TIM_PeriodElapsedCallback
 .text.Error_Handler
                0x0000000008001fe0        0xa Core/Src/main.o
                0x0000000008001fe0                Error_Handler
 *fill*         0x0000000008001fea        0x2 
 .text.HAL_MspInit
                0x0000000008001fec       0x3c Core/Src/stm32h7xx_hal_msp.o
                0x0000000008001fec                HAL_MspInit
 .text.HAL_COMP_MspInit
                0x0000000008002028      0x180 Core/Src/stm32h7xx_hal_msp.o
                0x0000000008002028                HAL_COMP_MspInit
 .text.HAL_ETH_MspInit
                0x00000000080021a8      0x19c Core/Src/stm32h7xx_hal_msp.o
                0x00000000080021a8                HAL_ETH_MspInit
 .text.HAL_UART_MspInit
                0x0000000008002344      0x190 Core/Src/stm32h7xx_hal_msp.o
                0x0000000008002344                HAL_UART_MspInit
 .text.HAL_InitTick
                0x00000000080024d4       0xc4 Core/Src/stm32h7xx_hal_timebase_tim.o
                0x00000000080024d4                HAL_InitTick
 .text.NMI_Handler
                0x0000000008002598        0x6 Core/Src/stm32h7xx_it.o
                0x0000000008002598                NMI_Handler
 .text.HardFault_Handler
                0x000000000800259e        0x6 Core/Src/stm32h7xx_it.o
                0x000000000800259e                HardFault_Handler
 .text.MemManage_Handler
                0x00000000080025a4        0x6 Core/Src/stm32h7xx_it.o
                0x00000000080025a4                MemManage_Handler
 .text.BusFault_Handler
                0x00000000080025aa        0x6 Core/Src/stm32h7xx_it.o
                0x00000000080025aa                BusFault_Handler
 .text.UsageFault_Handler
                0x00000000080025b0        0x6 Core/Src/stm32h7xx_it.o
                0x00000000080025b0                UsageFault_Handler
 .text.DebugMon_Handler
                0x00000000080025b6        0xe Core/Src/stm32h7xx_it.o
                0x00000000080025b6                DebugMon_Handler
 .text.TIM1_UP_IRQHandler
                0x00000000080025c4       0x14 Core/Src/stm32h7xx_it.o
                0x00000000080025c4                TIM1_UP_IRQHandler
 .text.SystemInit
                0x00000000080025d8       0xf8 Core/Src/system_stm32h7xx.o
                0x00000000080025d8                SystemInit
 .text.Reset_Handler
                0x00000000080026d0       0x50 Core/Startup/startup_stm32h723zgtx.o
                0x00000000080026d0                Reset_Handler
 .text.Default_Handler
                0x0000000008002720        0x2 Core/Startup/startup_stm32h723zgtx.o
                0x0000000008002720                RTC_Alarm_IRQHandler
                0x0000000008002720                EXTI2_IRQHandler
                0x0000000008002720                TIM8_CC_IRQHandler
                0x0000000008002720                UART8_IRQHandler
                0x0000000008002720                SPI4_IRQHandler
                0x0000000008002720                FDCAN3_IT0_IRQHandler
                0x0000000008002720                TIM1_CC_IRQHandler
                0x0000000008002720                BDMA_Channel6_IRQHandler
                0x0000000008002720                DMA2_Stream5_IRQHandler
                0x0000000008002720                DMA1_Stream5_IRQHandler
                0x0000000008002720                CORDIC_IRQHandler
                0x0000000008002720                BDMA_Channel1_IRQHandler
                0x0000000008002720                TAMP_STAMP_IRQHandler
                0x0000000008002720                EXTI3_IRQHandler
                0x0000000008002720                LPTIM4_IRQHandler
                0x0000000008002720                TIM8_TRG_COM_TIM14_IRQHandler
                0x0000000008002720                LPTIM2_IRQHandler
                0x0000000008002720                DFSDM1_FLT1_IRQHandler
                0x0000000008002720                DMAMUX2_OVR_IRQHandler
                0x0000000008002720                TIM8_UP_TIM13_IRQHandler
                0x0000000008002720                I2C3_ER_IRQHandler
                0x0000000008002720                DFSDM1_FLT2_IRQHandler
                0x0000000008002720                I2C5_EV_IRQHandler
                0x0000000008002720                USART10_IRQHandler
                0x0000000008002720                MDMA_IRQHandler
                0x0000000008002720                LPTIM3_IRQHandler
                0x0000000008002720                HSEM1_IRQHandler
                0x0000000008002720                EXTI0_IRQHandler
                0x0000000008002720                I2C2_EV_IRQHandler
                0x0000000008002720                DMA1_Stream2_IRQHandler
                0x0000000008002720                FPU_IRQHandler
                0x0000000008002720                OTG_HS_WKUP_IRQHandler
                0x0000000008002720                FDCAN1_IT1_IRQHandler
                0x0000000008002720                LTDC_ER_IRQHandler
                0x0000000008002720                DMA2_Stream2_IRQHandler
                0x0000000008002720                SPI1_IRQHandler
                0x0000000008002720                OCTOSPI1_IRQHandler
                0x0000000008002720                TIM6_DAC_IRQHandler
                0x0000000008002720                DMA2_Stream3_IRQHandler
                0x0000000008002720                OCTOSPI2_IRQHandler
                0x0000000008002720                DFSDM1_FLT3_IRQHandler
                0x0000000008002720                TIM23_IRQHandler
                0x0000000008002720                USART6_IRQHandler
                0x0000000008002720                TIM17_IRQHandler
                0x0000000008002720                USART3_IRQHandler
                0x0000000008002720                BDMA_Channel7_IRQHandler
                0x0000000008002720                LPTIM5_IRQHandler
                0x0000000008002720                UART5_IRQHandler
                0x0000000008002720                ADC3_IRQHandler
                0x0000000008002720                DMA2_Stream0_IRQHandler
                0x0000000008002720                TIM4_IRQHandler
                0x0000000008002720                BDMA_Channel2_IRQHandler
                0x0000000008002720                I2C1_EV_IRQHandler
                0x0000000008002720                DMA1_Stream6_IRQHandler
                0x0000000008002720                DMAMUX1_OVR_IRQHandler
                0x0000000008002720                DMA1_Stream1_IRQHandler
                0x0000000008002720                TIM16_IRQHandler
                0x0000000008002720                UART4_IRQHandler
                0x0000000008002720                BDMA_Channel5_IRQHandler
                0x0000000008002720                RCC_IRQHandler
                0x0000000008002720                UART9_IRQHandler
                0x0000000008002720                TIM8_BRK_TIM12_IRQHandler
                0x0000000008002720                TIM1_TRG_COM_IRQHandler
                0x0000000008002720                Default_Handler
                0x0000000008002720                ECC_IRQHandler
                0x0000000008002720                FMAC_IRQHandler
                0x0000000008002720                CEC_IRQHandler
                0x0000000008002720                EXTI15_10_IRQHandler
                0x0000000008002720                BDMA_Channel0_IRQHandler
                0x0000000008002720                ADC_IRQHandler
                0x0000000008002720                I2C5_ER_IRQHandler
                0x0000000008002720                DMA1_Stream7_IRQHandler
                0x0000000008002720                SPI5_IRQHandler
                0x0000000008002720                TIM7_IRQHandler
                0x0000000008002720                FDCAN3_IT1_IRQHandler
                0x0000000008002720                SDMMC1_IRQHandler
                0x0000000008002720                TIM5_IRQHandler
                0x0000000008002720                DMA2_Stream7_IRQHandler
                0x0000000008002720                TIM15_IRQHandler
                0x0000000008002720                PVD_AVD_IRQHandler
                0x0000000008002720                I2C3_EV_IRQHandler
                0x0000000008002720                EXTI9_5_IRQHandler
                0x0000000008002720                RTC_WKUP_IRQHandler
                0x0000000008002720                LTDC_IRQHandler
                0x0000000008002720                ETH_WKUP_IRQHandler
                0x0000000008002720                SPDIF_RX_IRQHandler
                0x0000000008002720                SPI2_IRQHandler
                0x0000000008002720                OTG_HS_EP1_IN_IRQHandler
                0x0000000008002720                DMA1_Stream0_IRQHandler
                0x0000000008002720                TIM24_IRQHandler
                0x0000000008002720                CRS_IRQHandler
                0x0000000008002720                EXTI4_IRQHandler
                0x0000000008002720                RNG_IRQHandler
                0x0000000008002720                FDCAN2_IT1_IRQHandler
                0x0000000008002720                ETH_IRQHandler
                0x0000000008002720                BDMA_Channel4_IRQHandler
                0x0000000008002720                OTG_HS_EP1_OUT_IRQHandler
                0x0000000008002720                WWDG_IRQHandler
                0x0000000008002720                SPI6_IRQHandler
                0x0000000008002720                MDIOS_IRQHandler
                0x0000000008002720                I2C4_EV_IRQHandler
                0x0000000008002720                FDCAN2_IT0_IRQHandler
                0x0000000008002720                LPUART1_IRQHandler
                0x0000000008002720                FDCAN1_IT0_IRQHandler
                0x0000000008002720                TIM2_IRQHandler
                0x0000000008002720                OTG_HS_IRQHandler
                0x0000000008002720                DMA2D_IRQHandler
                0x0000000008002720                TIM1_BRK_IRQHandler
                0x0000000008002720                EXTI1_IRQHandler
                0x0000000008002720                SDMMC2_IRQHandler
                0x0000000008002720                BDMA_Channel3_IRQHandler
                0x0000000008002720                DTS_IRQHandler
                0x0000000008002720                UART7_IRQHandler
                0x0000000008002720                MDIOS_WKUP_IRQHandler
                0x0000000008002720                USART2_IRQHandler
                0x0000000008002720                DFSDM1_FLT0_IRQHandler
                0x0000000008002720                SAI4_IRQHandler
                0x0000000008002720                I2C2_ER_IRQHandler
                0x0000000008002720                DMA2_Stream1_IRQHandler
                0x0000000008002720                FLASH_IRQHandler
                0x0000000008002720                DMA2_Stream4_IRQHandler
                0x0000000008002720                USART1_IRQHandler
                0x0000000008002720                SPI3_IRQHandler
                0x0000000008002720                WAKEUP_PIN_IRQHandler
                0x0000000008002720                DMA1_Stream4_IRQHandler
                0x0000000008002720                I2C1_ER_IRQHandler
                0x0000000008002720                FMC_IRQHandler
                0x0000000008002720                FDCAN_CAL_IRQHandler
                0x0000000008002720                SWPMI1_IRQHandler
                0x0000000008002720                COMP1_IRQHandler
                0x0000000008002720                LPTIM1_IRQHandler
                0x0000000008002720                DCMI_PSSI_IRQHandler
                0x0000000008002720                I2C4_ER_IRQHandler
                0x0000000008002720                DMA2_Stream6_IRQHandler
                0x0000000008002720                SAI1_IRQHandler
                0x0000000008002720                DMA1_Stream3_IRQHandler
 *fill*         0x0000000008002722        0x2 
 .text.HAL_Init
                0x0000000008002724       0x78 Drivers/STM32H7xx_HAL_Driver/Src/stm32h7xx_hal.o
                0x0000000008002724                HAL_Init
 .text.HAL_IncTick
                0x000000000800279c       0x28 Drivers/STM32H7xx_HAL_Driver/Src/stm32h7xx_hal.o
                0x000000000800279c                HAL_IncTick
 .text.HAL_GetTick
                0x00000000080027c4       0x18 Drivers/STM32H7xx_HAL_Driver/Src/stm32h7xx_hal.o
                0x00000000080027c4                HAL_GetTick
 .text.HAL_Delay
                0x00000000080027dc       0x48 Drivers/STM32H7xx_HAL_Driver/Src/stm32h7xx_hal.o
                0x00000000080027dc                HAL_Delay
 .text.HAL_SYSCFG_ETHInterfaceSelect
                0x0000000008002824       0x28 Drivers/STM32H7xx_HAL_Driver/Src/stm32h7xx_hal.o
                0x0000000008002824                HAL_SYSCFG_ETHInterfaceSelect
 .text.HAL_COMP_Init
                0x000000000800284c      0x254 Drivers/STM32H7xx_HAL_Driver/Src/stm32h7xx_hal_comp.o
                0x000000000800284c                HAL_COMP_Init
 .text.__NVIC_SetPriorityGrouping
                0x0000000008002aa0       0x48 Drivers/STM32H7xx_HAL_Driver/Src/stm32h7xx_hal_cortex.o
 .text.__NVIC_GetPriorityGrouping
                0x0000000008002ae8       0x1c Drivers/STM32H7xx_HAL_Driver/Src/stm32h7xx_hal_cortex.o
 .text.__NVIC_EnableIRQ
                0x0000000008002b04       0x3c Drivers/STM32H7xx_HAL_Driver/Src/stm32h7xx_hal_cortex.o
 .text.__NVIC_SetPriority
                0x0000000008002b40       0x54 Drivers/STM32H7xx_HAL_Driver/Src/stm32h7xx_hal_cortex.o
 .text.NVIC_EncodePriority
                0x0000000008002b94       0x66 Drivers/STM32H7xx_HAL_Driver/Src/stm32h7xx_hal_cortex.o
 .text.HAL_NVIC_SetPriorityGrouping
                0x0000000008002bfa       0x16 Drivers/STM32H7xx_HAL_Driver/Src/stm32h7xx_hal_cortex.o
                0x0000000008002bfa                HAL_NVIC_SetPriorityGrouping
 .text.HAL_NVIC_SetPriority
                0x0000000008002c10       0x34 Drivers/STM32H7xx_HAL_Driver/Src/stm32h7xx_hal_cortex.o
                0x0000000008002c10                HAL_NVIC_SetPriority
 .text.HAL_NVIC_EnableIRQ
                0x0000000008002c44       0x1c Drivers/STM32H7xx_HAL_Driver/Src/stm32h7xx_hal_cortex.o
                0x0000000008002c44                HAL_NVIC_EnableIRQ
 .text.HAL_ETH_Init
                0x0000000008002c60      0x1b4 Drivers/STM32H7xx_HAL_Driver/Src/stm32h7xx_hal_eth.o
                0x0000000008002c60                HAL_ETH_Init
 .text.ETH_SetMACConfig
                0x0000000008002e14      0x238 Drivers/STM32H7xx_HAL_Driver/Src/stm32h7xx_hal_eth.o
 .text.ETH_SetDMAConfig
                0x000000000800304c      0x10c Drivers/STM32H7xx_HAL_Driver/Src/stm32h7xx_hal_eth.o
 .text.ETH_MACDMAConfig
                0x0000000008003158      0x13a Drivers/STM32H7xx_HAL_Driver/Src/stm32h7xx_hal_eth.o
 *fill*         0x0000000008003292        0x2 
 .text.ETH_MAC_MDIO_ClkConfig
                0x0000000008003294       0xb0 Drivers/STM32H7xx_HAL_Driver/Src/stm32h7xx_hal_eth.o
 .text.ETH_DMATxDescListInit
                0x0000000008003344       0x8e Drivers/STM32H7xx_HAL_Driver/Src/stm32h7xx_hal_eth.o
 .text.ETH_DMARxDescListInit
                0x00000000080033d2       0xba Drivers/STM32H7xx_HAL_Driver/Src/stm32h7xx_hal_eth.o
 .text.HAL_GPIO_Init
                0x000000000800348c      0x350 Drivers/STM32H7xx_HAL_Driver/Src/stm32h7xx_hal_gpio.o
                0x000000000800348c                HAL_GPIO_Init
 .text.HAL_GPIO_ReadPin
                0x00000000080037dc       0x30 Drivers/STM32H7xx_HAL_Driver/Src/stm32h7xx_hal_gpio.o
                0x00000000080037dc                HAL_GPIO_ReadPin
 .text.HAL_GPIO_WritePin
                0x000000000800380c       0x32 Drivers/STM32H7xx_HAL_Driver/Src/stm32h7xx_hal_gpio.o
                0x000000000800380c                HAL_GPIO_WritePin
 *fill*         0x000000000800383e        0x2 
 .text.HAL_PWREx_ConfigSupply
                0x0000000008003840       0x74 Drivers/STM32H7xx_HAL_Driver/Src/stm32h7xx_hal_pwr_ex.o
                0x0000000008003840                HAL_PWREx_ConfigSupply
 .text.HAL_RCC_OscConfig
                0x00000000080038b4      0x71c Drivers/STM32H7xx_HAL_Driver/Src/stm32h7xx_hal_rcc.o
                0x00000000080038b4                HAL_RCC_OscConfig
 .text.HAL_RCC_ClockConfig
                0x0000000008003fd0      0x36c Drivers/STM32H7xx_HAL_Driver/Src/stm32h7xx_hal_rcc.o
                0x0000000008003fd0                HAL_RCC_ClockConfig
 .text.HAL_RCC_MCOConfig
                0x000000000800433c       0xd4 Drivers/STM32H7xx_HAL_Driver/Src/stm32h7xx_hal_rcc.o
                0x000000000800433c                HAL_RCC_MCOConfig
 .text.HAL_RCC_GetSysClockFreq
                0x0000000008004410      0x2f4 Drivers/STM32H7xx_HAL_Driver/Src/stm32h7xx_hal_rcc.o
                0x0000000008004410                HAL_RCC_GetSysClockFreq
 .text.HAL_RCC_GetHCLKFreq
                0x0000000008004704       0x60 Drivers/STM32H7xx_HAL_Driver/Src/stm32h7xx_hal_rcc.o
                0x0000000008004704                HAL_RCC_GetHCLKFreq
 .text.HAL_RCC_GetPCLK1Freq
                0x0000000008004764       0x2c Drivers/STM32H7xx_HAL_Driver/Src/stm32h7xx_hal_rcc.o
                0x0000000008004764                HAL_RCC_GetPCLK1Freq
 .text.HAL_RCC_GetPCLK2Freq
                0x0000000008004790       0x2c Drivers/STM32H7xx_HAL_Driver/Src/stm32h7xx_hal_rcc.o
                0x0000000008004790                HAL_RCC_GetPCLK2Freq
 .text.HAL_RCC_GetClockConfig
                0x00000000080047bc       0x84 Drivers/STM32H7xx_HAL_Driver/Src/stm32h7xx_hal_rcc.o
                0x00000000080047bc                HAL_RCC_GetClockConfig
 .text.HAL_RCCEx_PeriphCLKConfig
                0x0000000008004840      0xdf4 Drivers/STM32H7xx_HAL_Driver/Src/stm32h7xx_hal_rcc_ex.o
                0x0000000008004840                HAL_RCCEx_PeriphCLKConfig
 .text.HAL_RCCEx_GetD3PCLK1Freq
                0x0000000008005634       0x2c Drivers/STM32H7xx_HAL_Driver/Src/stm32h7xx_hal_rcc_ex.o
                0x0000000008005634                HAL_RCCEx_GetD3PCLK1Freq
 .text.HAL_RCCEx_GetPLL2ClockFreq
                0x0000000008005660      0x2a8 Drivers/STM32H7xx_HAL_Driver/Src/stm32h7xx_hal_rcc_ex.o
                0x0000000008005660                HAL_RCCEx_GetPLL2ClockFreq
 .text.HAL_RCCEx_GetPLL3ClockFreq
                0x0000000008005908      0x2a8 Drivers/STM32H7xx_HAL_Driver/Src/stm32h7xx_hal_rcc_ex.o
                0x0000000008005908                HAL_RCCEx_GetPLL3ClockFreq
 .text.RCCEx_PLL2_Config
                0x0000000008005bb0      0x164 Drivers/STM32H7xx_HAL_Driver/Src/stm32h7xx_hal_rcc_ex.o
 .text.RCCEx_PLL3_Config
                0x0000000008005d14      0x164 Drivers/STM32H7xx_HAL_Driver/Src/stm32h7xx_hal_rcc_ex.o
 .text.HAL_TIM_Base_Init
                0x0000000008005e78       0xae Drivers/STM32H7xx_HAL_Driver/Src/stm32h7xx_hal_tim.o
                0x0000000008005e78                HAL_TIM_Base_Init
 .text.HAL_TIM_Base_MspInit
                0x0000000008005f26       0x14 Drivers/STM32H7xx_HAL_Driver/Src/stm32h7xx_hal_tim.o
                0x0000000008005f26                HAL_TIM_Base_MspInit
 *fill*         0x0000000008005f3a        0x2 
 .text.HAL_TIM_Base_Start_IT
                0x0000000008005f3c      0x10c Drivers/STM32H7xx_HAL_Driver/Src/stm32h7xx_hal_tim.o
                0x0000000008005f3c                HAL_TIM_Base_Start_IT
 .text.HAL_TIM_IRQHandler
                0x0000000008006048      0x23e Drivers/STM32H7xx_HAL_Driver/Src/stm32h7xx_hal_tim.o
                0x0000000008006048                HAL_TIM_IRQHandler
 .text.HAL_TIM_OC_DelayElapsedCallback
                0x0000000008006286       0x14 Drivers/STM32H7xx_HAL_Driver/Src/stm32h7xx_hal_tim.o
                0x0000000008006286                HAL_TIM_OC_DelayElapsedCallback
 .text.HAL_TIM_IC_CaptureCallback
                0x000000000800629a       0x14 Drivers/STM32H7xx_HAL_Driver/Src/stm32h7xx_hal_tim.o
                0x000000000800629a                HAL_TIM_IC_CaptureCallback
 .text.HAL_TIM_PWM_PulseFinishedCallback
                0x00000000080062ae       0x14 Drivers/STM32H7xx_HAL_Driver/Src/stm32h7xx_hal_tim.o
                0x00000000080062ae                HAL_TIM_PWM_PulseFinishedCallback
 .text.HAL_TIM_TriggerCallback
                0x00000000080062c2       0x14 Drivers/STM32H7xx_HAL_Driver/Src/stm32h7xx_hal_tim.o
                0x00000000080062c2                HAL_TIM_TriggerCallback
 *fill*         0x00000000080062d6        0x2 
 .text.TIM_Base_SetConfig
                0x00000000080062d8      0x14c Drivers/STM32H7xx_HAL_Driver/Src/stm32h7xx_hal_tim.o
                0x00000000080062d8                TIM_Base_SetConfig
 .text.HAL_TIMEx_CommutCallback
                0x0000000008006424       0x14 Drivers/STM32H7xx_HAL_Driver/Src/stm32h7xx_hal_tim_ex.o
                0x0000000008006424                HAL_TIMEx_CommutCallback
 .text.HAL_TIMEx_BreakCallback
                0x0000000008006438       0x14 Drivers/STM32H7xx_HAL_Driver/Src/stm32h7xx_hal_tim_ex.o
                0x0000000008006438                HAL_TIMEx_BreakCallback
 .text.HAL_TIMEx_Break2Callback
                0x000000000800644c       0x14 Drivers/STM32H7xx_HAL_Driver/Src/stm32h7xx_hal_tim_ex.o
                0x000000000800644c                HAL_TIMEx_Break2Callback
 .text.HAL_UART_Init
                0x0000000008006460       0xa0 Drivers/STM32H7xx_HAL_Driver/Src/stm32h7xx_hal_uart.o
                0x0000000008006460                HAL_UART_Init
 .text.UART_SetConfig
                0x0000000008006500      0xcbc Drivers/STM32H7xx_HAL_Driver/Src/stm32h7xx_hal_uart.o
                0x0000000008006500                UART_SetConfig
 .text.UART_AdvFeatureConfig
                0x00000000080071bc      0x144 Drivers/STM32H7xx_HAL_Driver/Src/stm32h7xx_hal_uart.o
                0x00000000080071bc                UART_AdvFeatureConfig
 .text.UART_CheckIdleState
                0x0000000008007300       0x96 Drivers/STM32H7xx_HAL_Driver/Src/stm32h7xx_hal_uart.o
                0x0000000008007300                UART_CheckIdleState
 .text.UART_WaitOnFlagUntilTimeout
                0x0000000008007396      0x100 Drivers/STM32H7xx_HAL_Driver/Src/stm32h7xx_hal_uart.o
                0x0000000008007396                UART_WaitOnFlagUntilTimeout
 .text.HAL_UARTEx_DisableFifoMode
                0x0000000008007496       0x72 Drivers/STM32H7xx_HAL_Driver/Src/stm32h7xx_hal_uart_ex.o
                0x0000000008007496                HAL_UARTEx_DisableFifoMode
 .text.HAL_UARTEx_SetTxFifoThreshold
                0x0000000008007508       0x7c Drivers/STM32H7xx_HAL_Driver/Src/stm32h7xx_hal_uart_ex.o
                0x0000000008007508                HAL_UARTEx_SetTxFifoThreshold
 .text.HAL_UARTEx_SetRxFifoThreshold
                0x0000000008007584       0x7c Drivers/STM32H7xx_HAL_Driver/Src/stm32h7xx_hal_uart_ex.o
                0x0000000008007584                HAL_UARTEx_SetRxFifoThreshold
 .text.UARTEx_SetNbDataToProcess
                0x0000000008007600       0x9c Drivers/STM32H7xx_HAL_Driver/Src/stm32h7xx_hal_uart_ex.o
 .text.__NVIC_SetPriority
                0x000000000800769c       0x54 Middlewares/Third_Party/FreeRTOS/Source/CMSIS_RTOS_V2/cmsis_os2.o
 .text.SysTick_Handler
                0x00000000080076f0       0x20 Middlewares/Third_Party/FreeRTOS/Source/CMSIS_RTOS_V2/cmsis_os2.o
                0x00000000080076f0                SysTick_Handler
 .text.SVC_Setup
                0x0000000008007710       0x12 Middlewares/Third_Party/FreeRTOS/Source/CMSIS_RTOS_V2/cmsis_os2.o
 *fill*         0x0000000008007722        0x2 
 .text.osKernelInitialize
                0x0000000008007724       0x4c Middlewares/Third_Party/FreeRTOS/Source/CMSIS_RTOS_V2/cmsis_os2.o
                0x0000000008007724                osKernelInitialize
 .text.osKernelStart
                0x0000000008007770       0x4c Middlewares/Third_Party/FreeRTOS/Source/CMSIS_RTOS_V2/cmsis_os2.o
                0x0000000008007770                osKernelStart
 .text.osThreadNew
                0x00000000080077bc      0x126 Middlewares/Third_Party/FreeRTOS/Source/CMSIS_RTOS_V2/cmsis_os2.o
                0x00000000080077bc                osThreadNew
 .text.osDelay  0x00000000080078e2       0x36 Middlewares/Third_Party/FreeRTOS/Source/CMSIS_RTOS_V2/cmsis_os2.o
                0x00000000080078e2                osDelay
 .text.vApplicationGetIdleTaskMemory
                0x0000000008007918       0x34 Middlewares/Third_Party/FreeRTOS/Source/CMSIS_RTOS_V2/cmsis_os2.o
                0x0000000008007918                vApplicationGetIdleTaskMemory
 .text.vApplicationGetTimerTaskMemory
                0x000000000800794c       0x34 Middlewares/Third_Party/FreeRTOS/Source/CMSIS_RTOS_V2/cmsis_os2.o
                0x000000000800794c                vApplicationGetTimerTaskMemory
 .text.xEventGroupCreate
                0x0000000008007980       0x34 Middlewares/Third_Party/FreeRTOS/Source/event_groups.o
                0x0000000008007980                xEventGroupCreate
 .text.xEventGroupWaitBits
                0x00000000080079b4      0x19c Middlewares/Third_Party/FreeRTOS/Source/event_groups.o
                0x00000000080079b4                xEventGroupWaitBits
 .text.xEventGroupClearBits
                0x0000000008007b50       0x70 Middlewares/Third_Party/FreeRTOS/Source/event_groups.o
                0x0000000008007b50                xEventGroupClearBits
 .text.prvTestWaitCondition
                0x0000000008007bc0       0x44 Middlewares/Third_Party/FreeRTOS/Source/event_groups.o
 .text.vListInitialise
                0x0000000008007c04       0x40 Middlewares/Third_Party/FreeRTOS/Source/list.o
                0x0000000008007c04                vListInitialise
 .text.vListInitialiseItem
                0x0000000008007c44       0x1a Middlewares/Third_Party/FreeRTOS/Source/list.o
                0x0000000008007c44                vListInitialiseItem
 .text.vListInsertEnd
                0x0000000008007c5e       0x48 Middlewares/Third_Party/FreeRTOS/Source/list.o
                0x0000000008007c5e                vListInsertEnd
 .text.vListInsert
                0x0000000008007ca6       0x72 Middlewares/Third_Party/FreeRTOS/Source/list.o
                0x0000000008007ca6                vListInsert
 .text.uxListRemove
                0x0000000008007d18       0x54 Middlewares/Third_Party/FreeRTOS/Source/list.o
                0x0000000008007d18                uxListRemove
 .text.xQueueGenericReset
                0x0000000008007d6c       0xd0 Middlewares/Third_Party/FreeRTOS/Source/queue.o
                0x0000000008007d6c                xQueueGenericReset
 .text.xQueueGenericCreateStatic
                0x0000000008007e3c       0xf0 Middlewares/Third_Party/FreeRTOS/Source/queue.o
                0x0000000008007e3c                xQueueGenericCreateStatic
 .text.prvInitialiseNewQueue
                0x0000000008007f2c       0x46 Middlewares/Third_Party/FreeRTOS/Source/queue.o
 *fill*         0x0000000008007f72        0x2 
 .text.xQueueGenericSend
                0x0000000008007f74      0x1fc Middlewares/Third_Party/FreeRTOS/Source/queue.o
                0x0000000008007f74                xQueueGenericSend
 .text.xQueueGenericSendFromISR
                0x0000000008008170      0x136 Middlewares/Third_Party/FreeRTOS/Source/queue.o
                0x0000000008008170                xQueueGenericSendFromISR
 *fill*         0x00000000080082a6        0x2 
 .text.xQueueReceive
                0x00000000080082a8      0x1c0 Middlewares/Third_Party/FreeRTOS/Source/queue.o
                0x00000000080082a8                xQueueReceive
 .text.prvCopyDataToQueue
                0x0000000008008468       0xd4 Middlewares/Third_Party/FreeRTOS/Source/queue.o
 .text.prvCopyDataFromQueue
                0x000000000800853c       0x4c Middlewares/Third_Party/FreeRTOS/Source/queue.o
 .text.prvUnlockQueue
                0x0000000008008588       0xa4 Middlewares/Third_Party/FreeRTOS/Source/queue.o
 .text.prvIsQueueEmpty
                0x000000000800862c       0x2c Middlewares/Third_Party/FreeRTOS/Source/queue.o
 .text.prvIsQueueFull
                0x0000000008008658       0x30 Middlewares/Third_Party/FreeRTOS/Source/queue.o
 .text.vQueueAddToRegistry
                0x0000000008008688       0x54 Middlewares/Third_Party/FreeRTOS/Source/queue.o
                0x0000000008008688                vQueueAddToRegistry
 .text.vQueueWaitForMessageRestricted
                0x00000000080086dc       0x68 Middlewares/Third_Party/FreeRTOS/Source/queue.o
                0x00000000080086dc                vQueueWaitForMessageRestricted
 .text.xTaskCreateStatic
                0x0000000008008744       0xba Middlewares/Third_Party/FreeRTOS/Source/tasks.o
                0x0000000008008744                xTaskCreateStatic
 .text.xTaskCreate
                0x00000000080087fe       0x8a Middlewares/Third_Party/FreeRTOS/Source/tasks.o
                0x00000000080087fe                xTaskCreate
 .text.prvInitialiseNewTask
                0x0000000008008888      0x11e Middlewares/Third_Party/FreeRTOS/Source/tasks.o
 *fill*         0x00000000080089a6        0x2 
 .text.prvAddNewTaskToReadyList
                0x00000000080089a8       0xe0 Middlewares/Third_Party/FreeRTOS/Source/tasks.o
 .text.vTaskDelay
                0x0000000008008a88       0x68 Middlewares/Third_Party/FreeRTOS/Source/tasks.o
                0x0000000008008a88                vTaskDelay
 .text.vTaskStartScheduler
                0x0000000008008af0       0xcc Middlewares/Third_Party/FreeRTOS/Source/tasks.o
                0x0000000008008af0                vTaskStartScheduler
 .text.vTaskSuspendAll
                0x0000000008008bbc       0x1c Middlewares/Third_Party/FreeRTOS/Source/tasks.o
                0x0000000008008bbc                vTaskSuspendAll
 .text.xTaskResumeAll
                0x0000000008008bd8      0x13c Middlewares/Third_Party/FreeRTOS/Source/tasks.o
                0x0000000008008bd8                xTaskResumeAll
 .text.xTaskGetTickCount
                0x0000000008008d14       0x20 Middlewares/Third_Party/FreeRTOS/Source/tasks.o
                0x0000000008008d14                xTaskGetTickCount
 .text.xTaskIncrementTick
                0x0000000008008d34      0x184 Middlewares/Third_Party/FreeRTOS/Source/tasks.o
                0x0000000008008d34                xTaskIncrementTick
 .text.vTaskSwitchContext
                0x0000000008008eb8      0x104 Middlewares/Third_Party/FreeRTOS/Source/tasks.o
                0x0000000008008eb8                vTaskSwitchContext
 .text.vTaskPlaceOnEventList
                0x0000000008008fbc       0x48 Middlewares/Third_Party/FreeRTOS/Source/tasks.o
                0x0000000008008fbc                vTaskPlaceOnEventList
 .text.vTaskPlaceOnUnorderedEventList
                0x0000000008009004       0x78 Middlewares/Third_Party/FreeRTOS/Source/tasks.o
                0x0000000008009004                vTaskPlaceOnUnorderedEventList
 .text.vTaskPlaceOnEventListRestricted
                0x000000000800907c       0x58 Middlewares/Third_Party/FreeRTOS/Source/tasks.o
                0x000000000800907c                vTaskPlaceOnEventListRestricted
 .text.xTaskRemoveFromEventList
                0x00000000080090d4       0xc8 Middlewares/Third_Party/FreeRTOS/Source/tasks.o
                0x00000000080090d4                xTaskRemoveFromEventList
 .text.vTaskInternalSetTimeOutState
                0x000000000800919c       0x2c Middlewares/Third_Party/FreeRTOS/Source/tasks.o
                0x000000000800919c                vTaskInternalSetTimeOutState
 .text.xTaskCheckForTimeOut
                0x00000000080091c8       0xc4 Middlewares/Third_Party/FreeRTOS/Source/tasks.o
                0x00000000080091c8                xTaskCheckForTimeOut
 .text.vTaskMissedYield
                0x000000000800928c       0x18 Middlewares/Third_Party/FreeRTOS/Source/tasks.o
                0x000000000800928c                vTaskMissedYield
 .text.prvIdleTask
                0x00000000080092a4       0x34 Middlewares/Third_Party/FreeRTOS/Source/tasks.o
 .text.prvInitialiseTaskLists
                0x00000000080092d8       0x80 Middlewares/Third_Party/FreeRTOS/Source/tasks.o
 .text.prvCheckTasksWaitingTermination
                0x0000000008009358       0x5c Middlewares/Third_Party/FreeRTOS/Source/tasks.o
 .text.prvDeleteTCB
                0x00000000080093b4       0x5e Middlewares/Third_Party/FreeRTOS/Source/tasks.o
 *fill*         0x0000000008009412        0x2 
 .text.prvResetNextTaskUnblockTime
                0x0000000008009414       0x40 Middlewares/Third_Party/FreeRTOS/Source/tasks.o
 .text.xTaskGetSchedulerState
                0x0000000008009454       0x3c Middlewares/Third_Party/FreeRTOS/Source/tasks.o
                0x0000000008009454                xTaskGetSchedulerState
 .text.xTaskPriorityDisinherit
                0x0000000008009490       0xdc Middlewares/Third_Party/FreeRTOS/Source/tasks.o
                0x0000000008009490                xTaskPriorityDisinherit
 .text.uxTaskResetEventItemValue
                0x000000000800956c       0x30 Middlewares/Third_Party/FreeRTOS/Source/tasks.o
                0x000000000800956c                uxTaskResetEventItemValue
 .text.prvAddCurrentTaskToDelayedList
                0x000000000800959c       0xa8 Middlewares/Third_Party/FreeRTOS/Source/tasks.o
 .text.xTimerCreateTimerTask
                0x0000000008009644       0x90 Middlewares/Third_Party/FreeRTOS/Source/timers.o
                0x0000000008009644                xTimerCreateTimerTask
 .text.xTimerGenericCommand
                0x00000000080096d4       0x9c Middlewares/Third_Party/FreeRTOS/Source/timers.o
                0x00000000080096d4                xTimerGenericCommand
 .text.prvProcessExpiredTimer
                0x0000000008009770       0x98 Middlewares/Third_Party/FreeRTOS/Source/timers.o
 .text.prvTimerTask
                0x0000000008009808       0x28 Middlewares/Third_Party/FreeRTOS/Source/timers.o
 .text.prvProcessTimerOrBlockTask
                0x0000000008009830       0x9c Middlewares/Third_Party/FreeRTOS/Source/timers.o
 .text.prvGetNextExpireTime
                0x00000000080098cc       0x48 Middlewares/Third_Party/FreeRTOS/Source/timers.o
 .text.prvSampleTimeNow
                0x0000000008009914       0x40 Middlewares/Third_Party/FreeRTOS/Source/timers.o
 .text.prvInsertTimerInActiveList
                0x0000000008009954       0x84 Middlewares/Third_Party/FreeRTOS/Source/timers.o
 .text.prvProcessReceivedCommands
                0x00000000080099d8      0x1c4 Middlewares/Third_Party/FreeRTOS/Source/timers.o
 .text.prvSwitchTimerLists
                0x0000000008009b9c       0xc8 Middlewares/Third_Party/FreeRTOS/Source/timers.o
 .text.prvCheckForValidListAndQueue
                0x0000000008009c64       0x80 Middlewares/Third_Party/FreeRTOS/Source/timers.o
 .text.pxPortInitialiseStack
                0x0000000008009ce4       0x68 Middlewares/Third_Party/FreeRTOS/Source/portable/GCC/ARM_CM4F/port.o
                0x0000000008009ce4                pxPortInitialiseStack
 .text.prvTaskExitError
                0x0000000008009d4c       0x58 Middlewares/Third_Party/FreeRTOS/Source/portable/GCC/ARM_CM4F/port.o
 *fill*         0x0000000008009da4        0xc 
 .text.SVC_Handler
                0x0000000008009db0       0x28 Middlewares/Third_Party/FreeRTOS/Source/portable/GCC/ARM_CM4F/port.o
                0x0000000008009db0                SVC_Handler
 .text.prvPortStartFirstTask
                0x0000000008009dd8       0x28 Middlewares/Third_Party/FreeRTOS/Source/portable/GCC/ARM_CM4F/port.o
 .text.xPortStartScheduler
                0x0000000008009e00      0x144 Middlewares/Third_Party/FreeRTOS/Source/portable/GCC/ARM_CM4F/port.o
                0x0000000008009e00                xPortStartScheduler
 .text.vPortEnterCritical
                0x0000000008009f44       0x60 Middlewares/Third_Party/FreeRTOS/Source/portable/GCC/ARM_CM4F/port.o
                0x0000000008009f44                vPortEnterCritical
 .text.vPortExitCritical
                0x0000000008009fa4       0x54 Middlewares/Third_Party/FreeRTOS/Source/portable/GCC/ARM_CM4F/port.o
                0x0000000008009fa4                vPortExitCritical
 *fill*         0x0000000008009ff8        0x8 
 .text.PendSV_Handler
                0x000000000800a000       0x68 Middlewares/Third_Party/FreeRTOS/Source/portable/GCC/ARM_CM4F/port.o
                0x000000000800a000                PendSV_Handler
 .text.xPortSysTickHandler
                0x000000000800a068       0x44 Middlewares/Third_Party/FreeRTOS/Source/portable/GCC/ARM_CM4F/port.o
                0x000000000800a068                xPortSysTickHandler
 .text.vPortSetupTimerInterrupt
                0x000000000800a0ac       0x48 Middlewares/Third_Party/FreeRTOS/Source/portable/GCC/ARM_CM4F/port.o
                0x000000000800a0ac                vPortSetupTimerInterrupt
 .text.vPortEnableVFP
                0x000000000800a0f4       0x14 Middlewares/Third_Party/FreeRTOS/Source/portable/GCC/ARM_CM4F/port.o
 .text.vPortValidateInterruptPriority
                0x000000000800a108       0x80 Middlewares/Third_Party/FreeRTOS/Source/portable/GCC/ARM_CM4F/port.o
                0x000000000800a108                vPortValidateInterruptPriority
 .text.pvPortMalloc
                0x000000000800a188      0x150 Middlewares/Third_Party/FreeRTOS/Source/portable/MemMang/heap_5.o
                0x000000000800a188                pvPortMalloc
 .text.vPortFree
                0x000000000800a2d8       0xc4 Middlewares/Third_Party/FreeRTOS/Source/portable/MemMang/heap_5.o
                0x000000000800a2d8                vPortFree
 .text.prvInsertBlockIntoFreeList
                0x000000000800a39c       0xb4 Middlewares/Third_Party/FreeRTOS/Source/portable/MemMang/heap_5.o
 .text.vPortDefineHeapRegions
                0x000000000800a450      0x194 Middlewares/Third_Party/FreeRTOS/Source/portable/MemMang/heap_5.o
                0x000000000800a450                vPortDefineHeapRegions
 .text.__libc_init_array
                0x000000000800a5e4       0x48 c:/st/stm32cubeide_1.4.0/stm32cubeide/plugins/com.st.stm32cube.ide.mcu.externaltools.gnu-tools-for-stm32.9-2020-q2-update.win32_1.5.0.202011040924/tools/bin/../lib/gcc/arm-none-eabi/9.3.1/../../../../arm-none-eabi/lib/thumb/v7e-m+dp/hard\libc_nano.a(lib_a-init.o)
                0x000000000800a5e4                __libc_init_array
 .text.memcpy   0x000000000800a62c       0x1c c:/st/stm32cubeide_1.4.0/stm32cubeide/plugins/com.st.stm32cube.ide.mcu.externaltools.gnu-tools-for-stm32.9-2020-q2-update.win32_1.5.0.202011040924/tools/bin/../lib/gcc/arm-none-eabi/9.3.1/../../../../arm-none-eabi/lib/thumb/v7e-m+dp/hard\libc_nano.a(lib_a-memcpy-stub.o)
                0x000000000800a62c                memcpy
 .text.memset   0x000000000800a648       0x10 c:/st/stm32cubeide_1.4.0/stm32cubeide/plugins/com.st.stm32cube.ide.mcu.externaltools.gnu-tools-for-stm32.9-2020-q2-update.win32_1.5.0.202011040924/tools/bin/../lib/gcc/arm-none-eabi/9.3.1/../../../../arm-none-eabi/lib/thumb/v7e-m+dp/hard\libc_nano.a(lib_a-memset.o)
                0x000000000800a648                memset
 *(.glue_7)
 .glue_7        0x000000000800a658        0x0 linker stubs
 *(.glue_7t)
 .glue_7t       0x000000000800a658        0x0 linker stubs
 *(.eh_frame)
 .eh_frame      0x000000000800a658        0x0 c:/st/stm32cubeide_1.4.0/stm32cubeide/plugins/com.st.stm32cube.ide.mcu.externaltools.gnu-tools-for-stm32.9-2020-q2-update.win32_1.5.0.202011040924/tools/bin/../lib/gcc/arm-none-eabi/9.3.1/thumb/v7e-m+dp/hard/crtbegin.o
 *(.init)
 .init          0x000000000800a658        0x4 c:/st/stm32cubeide_1.4.0/stm32cubeide/plugins/com.st.stm32cube.ide.mcu.externaltools.gnu-tools-for-stm32.9-2020-q2-update.win32_1.5.0.202011040924/tools/bin/../lib/gcc/arm-none-eabi/9.3.1/thumb/v7e-m+dp/hard/crti.o
                0x000000000800a658                _init
 .init          0x000000000800a65c        0x8 c:/st/stm32cubeide_1.4.0/stm32cubeide/plugins/com.st.stm32cube.ide.mcu.externaltools.gnu-tools-for-stm32.9-2020-q2-update.win32_1.5.0.202011040924/tools/bin/../lib/gcc/arm-none-eabi/9.3.1/thumb/v7e-m+dp/hard/crtn.o
 *(.fini)
 .fini          0x000000000800a664        0x4 c:/st/stm32cubeide_1.4.0/stm32cubeide/plugins/com.st.stm32cube.ide.mcu.externaltools.gnu-tools-for-stm32.9-2020-q2-update.win32_1.5.0.202011040924/tools/bin/../lib/gcc/arm-none-eabi/9.3.1/thumb/v7e-m+dp/hard/crti.o
                0x000000000800a664                _fini
 .fini          0x000000000800a668        0x8 c:/st/stm32cubeide_1.4.0/stm32cubeide/plugins/com.st.stm32cube.ide.mcu.externaltools.gnu-tools-for-stm32.9-2020-q2-update.win32_1.5.0.202011040924/tools/bin/../lib/gcc/arm-none-eabi/9.3.1/thumb/v7e-m+dp/hard/crtn.o
                0x000000000800a670                . = ALIGN (0x4)
                0x000000000800a670                _etext = .

.vfp11_veneer   0x000000000800a670        0x0
 .vfp11_veneer  0x000000000800a670        0x0 linker stubs

.v4_bx          0x000000000800a670        0x0
 .v4_bx         0x000000000800a670        0x0 linker stubs

.iplt           0x000000000800a670        0x0
 .iplt          0x000000000800a670        0x0 c:/st/stm32cubeide_1.4.0/stm32cubeide/plugins/com.st.stm32cube.ide.mcu.externaltools.gnu-tools-for-stm32.9-2020-q2-update.win32_1.5.0.202011040924/tools/bin/../lib/gcc/arm-none-eabi/9.3.1/thumb/v7e-m+dp/hard/crtbegin.o

.rodata         0x000000000800a670       0xd0
                0x000000000800a670                . = ALIGN (0x4)
 *(.rodata)
 .rodata        0x000000000800a670       0x59 Core/Src/main.o
 *fill*         0x000000000800a6c9        0x3 
 .rodata        0x000000000800a6cc        0x5 Middlewares/Third_Party/FreeRTOS/Source/tasks.o
 *fill*         0x000000000800a6d1        0x3 
 .rodata        0x000000000800a6d4        0xd Middlewares/Third_Party/FreeRTOS/Source/timers.o
 *(.rodata*)
 *fill*         0x000000000800a6e1        0x3 
 .rodata.defaultTask_attributes
                0x000000000800a6e4       0x24 Core/Src/main.o
                0x000000000800a6e4                defaultTask_attributes
 .rodata.D1CorePrescTable
                0x000000000800a708       0x10 Core/Src/system_stm32h7xx.o
                0x000000000800a708                D1CorePrescTable
 .rodata.UARTPrescTable
                0x000000000800a718       0x18 Drivers/STM32H7xx_HAL_Driver/Src/stm32h7xx_hal_uart.o
                0x000000000800a718                UARTPrescTable
 .rodata.numerator.11369
                0x000000000800a730        0x8 Drivers/STM32H7xx_HAL_Driver/Src/stm32h7xx_hal_uart_ex.o
 .rodata.denominator.11370
                0x000000000800a738        0x8 Drivers/STM32H7xx_HAL_Driver/Src/stm32h7xx_hal_uart_ex.o
                0x000000000800a740                . = ALIGN (0x4)

.ARM.extab
 *(.ARM.extab* .gnu.linkonce.armextab.*)

.ARM            0x000000000800a740        0x8
                0x000000000800a740                __exidx_start = .
 *(.ARM.exidx*)
 .ARM.exidx     0x000000000800a740        0x8 c:/st/stm32cubeide_1.4.0/stm32cubeide/plugins/com.st.stm32cube.ide.mcu.externaltools.gnu-tools-for-stm32.9-2020-q2-update.win32_1.5.0.202011040924/tools/bin/../lib/gcc/arm-none-eabi/9.3.1/thumb/v7e-m+dp/hard\libgcc.a(_udivmoddi4.o)
                0x000000000800a748                __exidx_end = .

.rel.dyn        0x000000000800a748        0x0
 .rel.iplt      0x000000000800a748        0x0 c:/st/stm32cubeide_1.4.0/stm32cubeide/plugins/com.st.stm32cube.ide.mcu.externaltools.gnu-tools-for-stm32.9-2020-q2-update.win32_1.5.0.202011040924/tools/bin/../lib/gcc/arm-none-eabi/9.3.1/thumb/v7e-m+dp/hard/crtbegin.o

.preinit_array  0x000000000800a748        0x0
                0x000000000800a748                PROVIDE (__preinit_array_start = .)
 *(.preinit_array*)
                0x000000000800a748                PROVIDE (__preinit_array_end = .)

.init_array     0x000000000800a748        0x4
                0x000000000800a748                PROVIDE (__init_array_start = .)
 *(SORT_BY_NAME(.init_array.*))
 *(.init_array*)
 .init_array    0x000000000800a748        0x4 c:/st/stm32cubeide_1.4.0/stm32cubeide/plugins/com.st.stm32cube.ide.mcu.externaltools.gnu-tools-for-stm32.9-2020-q2-update.win32_1.5.0.202011040924/tools/bin/../lib/gcc/arm-none-eabi/9.3.1/thumb/v7e-m+dp/hard/crtbegin.o
                0x000000000800a74c                PROVIDE (__init_array_end = .)

.fini_array     0x000000000800a74c        0x4
                [!provide]                        PROVIDE (__fini_array_start = .)
 *(SORT_BY_NAME(.fini_array.*))
 *(.fini_array*)
 .fini_array    0x000000000800a74c        0x4 c:/st/stm32cubeide_1.4.0/stm32cubeide/plugins/com.st.stm32cube.ide.mcu.externaltools.gnu-tools-for-stm32.9-2020-q2-update.win32_1.5.0.202011040924/tools/bin/../lib/gcc/arm-none-eabi/9.3.1/thumb/v7e-m+dp/hard/crtbegin.o
                [!provide]                        PROVIDE (__fini_array_end = .)
                0x000000000800a750                _sidata = LOADADDR (.data)

.data           0x0000000020000000       0x28 load address 0x000000000800a750
                0x0000000020000000                . = ALIGN (0x4)
                0x0000000020000000                _sdata = .
 *(.data)
 *(.data*)
 .data.previous_state.12558
                0x0000000020000000        0x1 Core/Src/main.o
 *fill*         0x0000000020000001        0x3 
 .data.SystemCoreClock
                0x0000000020000004        0x4 Core/Src/system_stm32h7xx.o
                0x0000000020000004                SystemCoreClock
 .data.SystemD2Clock
                0x0000000020000008        0x4 Core/Src/system_stm32h7xx.o
                0x0000000020000008                SystemD2Clock
 .data.uwTickPrio
                0x000000002000000c        0x4 Drivers/STM32H7xx_HAL_Driver/Src/stm32h7xx_hal.o
                0x000000002000000c                uwTickPrio
 .data.uwTickFreq
                0x0000000020000010        0x1 Drivers/STM32H7xx_HAL_Driver/Src/stm32h7xx_hal.o
                0x0000000020000010                uwTickFreq
 *fill*         0x0000000020000011        0x3 
 .data.xHeapRegions
                0x0000000020000014       0x10 Middlewares/Third_Party/FreeRTOS/Source/CMSIS_RTOS_V2/cmsis_os2.o
 .data.uxCriticalNesting
                0x0000000020000024        0x4 Middlewares/Third_Party/FreeRTOS/Source/portable/GCC/ARM_CM4F/port.o
 *(.RamFunc)
 *(.RamFunc*)
                0x0000000020000028                . = ALIGN (0x4)
                0x0000000020000028                _edata = .

.igot.plt       0x0000000020000028        0x0 load address 0x000000000800a778
 .igot.plt      0x0000000020000028        0x0 c:/st/stm32cubeide_1.4.0/stm32cubeide/plugins/com.st.stm32cube.ide.mcu.externaltools.gnu-tools-for-stm32.9-2020-q2-update.win32_1.5.0.202011040924/tools/bin/../lib/gcc/arm-none-eabi/9.3.1/thumb/v7e-m+dp/hard/crtbegin.o

.RxDecripSection
                0x0000000020000028       0x60 load address 0x000000000800a778
 .RxDecripSection
                0x0000000020000028       0x60 Core/Src/main.o
                0x0000000020000028                DMARxDscrTab

.TxDecripSection
                0x0000000020000088       0x60 load address 0x000000000800a7d8
 .TxDecripSection
                0x0000000020000088       0x60 Core/Src/main.o
                0x0000000020000088                DMATxDscrTab
                0x00000000200000e8                . = ALIGN (0x4)

.bss            0x00000000200000e8     0xf304 load address 0x000000000800a838
                0x00000000200000e8                _sbss = .
                0x00000000200000e8                __bss_start__ = _sbss
 *(.bss)
 .bss           0x00000000200000e8       0x1c c:/st/stm32cubeide_1.4.0/stm32cubeide/plugins/com.st.stm32cube.ide.mcu.externaltools.gnu-tools-for-stm32.9-2020-q2-update.win32_1.5.0.202011040924/tools/bin/../lib/gcc/arm-none-eabi/9.3.1/thumb/v7e-m+dp/hard/crtbegin.o
 *(.bss*)
 .bss.NumObjectsInLastLine
                0x0000000020000104        0x1 Core/Src/main.o
                0x0000000020000104                NumObjectsInLastLine
 *fill*         0x0000000020000105        0x3 
 .bss.counter_num_extra_count
                0x0000000020000108        0x4 Core/Src/main.o
                0x0000000020000108                counter_num_extra_count
 .bss.numObjects
                0x000000002000010c        0x4 Core/Src/main.o
                0x000000002000010c                numObjects
 .bss.num_show_object_area
                0x0000000020000110        0x4 Core/Src/main.o
                0x0000000020000110                num_show_object_area
 .bss.max_area  0x0000000020000114        0x4 Core/Src/main.o
                0x0000000020000114                max_area
 .bss.system_time
                0x0000000020000118        0x4 Core/Src/main.o
                0x0000000020000118                system_time
 .bss.pice_period
                0x000000002000011c        0x4 Core/Src/main.o
                0x000000002000011c                pice_period
 .bss.xTaskHandle_Scanner
                0x0000000020000120        0x4 Core/Src/main.o
                0x0000000020000120                xTaskHandle_Scanner
 .bss.xTaskHandle_Keyboard
                0x0000000020000124        0x4 Core/Src/main.o
                0x0000000020000124                xTaskHandle_Keyboard
 .bss.event_state.12559
                0x0000000020000128        0x1 Core/Src/main.o
 *fill*         0x0000000020000129        0x3 
 .bss.HAL_RCC_COMP12_CLK_ENABLED
                0x000000002000012c        0x4 Core/Src/stm32h7xx_hal_msp.o
 .bss.KernelState
                0x0000000020000130        0x4 Middlewares/Third_Party/FreeRTOS/Source/CMSIS_RTOS_V2/cmsis_os2.o
 .bss.ucHeap    0x0000000020000134     0x8000 Middlewares/Third_Party/FreeRTOS/Source/CMSIS_RTOS_V2/cmsis_os2.o
 .bss.Idle_TCB.12999
                0x0000000020008134       0x5c Middlewares/Third_Party/FreeRTOS/Source/CMSIS_RTOS_V2/cmsis_os2.o
 .bss.Idle_Stack.13000
                0x0000000020008190      0x400 Middlewares/Third_Party/FreeRTOS/Source/CMSIS_RTOS_V2/cmsis_os2.o
 .bss.Timer_TCB.13006
                0x0000000020008590       0x5c Middlewares/Third_Party/FreeRTOS/Source/CMSIS_RTOS_V2/cmsis_os2.o
 .bss.Timer_Stack.13007
                0x00000000200085ec      0x800 Middlewares/Third_Party/FreeRTOS/Source/CMSIS_RTOS_V2/cmsis_os2.o
 .bss.pxCurrentTCB
                0x0000000020008dec        0x4 Middlewares/Third_Party/FreeRTOS/Source/tasks.o
                0x0000000020008dec                pxCurrentTCB
 .bss.pxReadyTasksLists
                0x0000000020008df0      0x460 Middlewares/Third_Party/FreeRTOS/Source/tasks.o
 .bss.xDelayedTaskList1
                0x0000000020009250       0x14 Middlewares/Third_Party/FreeRTOS/Source/tasks.o
 .bss.xDelayedTaskList2
                0x0000000020009264       0x14 Middlewares/Third_Party/FreeRTOS/Source/tasks.o
 .bss.pxDelayedTaskList
                0x0000000020009278        0x4 Middlewares/Third_Party/FreeRTOS/Source/tasks.o
 .bss.pxOverflowDelayedTaskList
                0x000000002000927c        0x4 Middlewares/Third_Party/FreeRTOS/Source/tasks.o
 .bss.xPendingReadyList
                0x0000000020009280       0x14 Middlewares/Third_Party/FreeRTOS/Source/tasks.o
 .bss.xTasksWaitingTermination
                0x0000000020009294       0x14 Middlewares/Third_Party/FreeRTOS/Source/tasks.o
 .bss.uxDeletedTasksWaitingCleanUp
                0x00000000200092a8        0x4 Middlewares/Third_Party/FreeRTOS/Source/tasks.o
 .bss.xSuspendedTaskList
                0x00000000200092ac       0x14 Middlewares/Third_Party/FreeRTOS/Source/tasks.o
 .bss.uxCurrentNumberOfTasks
                0x00000000200092c0        0x4 Middlewares/Third_Party/FreeRTOS/Source/tasks.o
 .bss.xTickCount
                0x00000000200092c4        0x4 Middlewares/Third_Party/FreeRTOS/Source/tasks.o
 .bss.uxTopReadyPriority
                0x00000000200092c8        0x4 Middlewares/Third_Party/FreeRTOS/Source/tasks.o
 .bss.xSchedulerRunning
                0x00000000200092cc        0x4 Middlewares/Third_Party/FreeRTOS/Source/tasks.o
 .bss.xPendedTicks
                0x00000000200092d0        0x4 Middlewares/Third_Party/FreeRTOS/Source/tasks.o
 .bss.xYieldPending
                0x00000000200092d4        0x4 Middlewares/Third_Party/FreeRTOS/Source/tasks.o
 .bss.xNumOfOverflows
                0x00000000200092d8        0x4 Middlewares/Third_Party/FreeRTOS/Source/tasks.o
 .bss.uxTaskNumber
                0x00000000200092dc        0x4 Middlewares/Third_Party/FreeRTOS/Source/tasks.o
 .bss.xNextTaskUnblockTime
                0x00000000200092e0        0x4 Middlewares/Third_Party/FreeRTOS/Source/tasks.o
 .bss.xIdleTaskHandle
                0x00000000200092e4        0x4 Middlewares/Third_Party/FreeRTOS/Source/tasks.o
 .bss.uxSchedulerSuspended
                0x00000000200092e8        0x4 Middlewares/Third_Party/FreeRTOS/Source/tasks.o
 .bss.xActiveTimerList1
                0x00000000200092ec       0x14 Middlewares/Third_Party/FreeRTOS/Source/timers.o
 .bss.xActiveTimerList2
                0x0000000020009300       0x14 Middlewares/Third_Party/FreeRTOS/Source/timers.o
 .bss.pxCurrentTimerList
                0x0000000020009314        0x4 Middlewares/Third_Party/FreeRTOS/Source/timers.o
 .bss.pxOverflowTimerList
                0x0000000020009318        0x4 Middlewares/Third_Party/FreeRTOS/Source/timers.o
 .bss.xTimerQueue
                0x000000002000931c        0x4 Middlewares/Third_Party/FreeRTOS/Source/timers.o
 .bss.xTimerTaskHandle
                0x0000000020009320        0x4 Middlewares/Third_Party/FreeRTOS/Source/timers.o
 .bss.xLastTime.6928
                0x0000000020009324        0x4 Middlewares/Third_Party/FreeRTOS/Source/timers.o
 .bss.ucStaticTimerQueueStorage.6979
                0x0000000020009328       0xa0 Middlewares/Third_Party/FreeRTOS/Source/timers.o
 .bss.xStaticTimerQueue.6978
                0x00000000200093c8       0x50 Middlewares/Third_Party/FreeRTOS/Source/timers.o
 .bss.ucMaxSysCallPriority
                0x0000000020009418        0x1 Middlewares/Third_Party/FreeRTOS/Source/portable/GCC/ARM_CM4F/port.o
 *fill*         0x0000000020009419        0x3 
 .bss.ulMaxPRIGROUPValue
                0x000000002000941c        0x4 Middlewares/Third_Party/FreeRTOS/Source/portable/GCC/ARM_CM4F/port.o
 .bss.xStart    0x0000000020009420        0x8 Middlewares/Third_Party/FreeRTOS/Source/portable/MemMang/heap_5.o
 .bss.pxEnd     0x0000000020009428        0x4 Middlewares/Third_Party/FreeRTOS/Source/portable/MemMang/heap_5.o
 .bss.xFreeBytesRemaining
                0x000000002000942c        0x4 Middlewares/Third_Party/FreeRTOS/Source/portable/MemMang/heap_5.o
 .bss.xMinimumEverFreeBytesRemaining
                0x0000000020009430        0x4 Middlewares/Third_Party/FreeRTOS/Source/portable/MemMang/heap_5.o
 .bss.xNumberOfSuccessfulAllocations
                0x0000000020009434        0x4 Middlewares/Third_Party/FreeRTOS/Source/portable/MemMang/heap_5.o
 .bss.xNumberOfSuccessfulFrees
                0x0000000020009438        0x4 Middlewares/Third_Party/FreeRTOS/Source/portable/MemMang/heap_5.o
 .bss.xBlockAllocatedBit
                0x000000002000943c        0x4 Middlewares/Third_Party/FreeRTOS/Source/portable/MemMang/heap_5.o
 *(COMMON)
 COMMON         0x0000000020009440     0x5f1c Core/Src/main.o
                0x0000000020009440                last_line
                0x0000000020009a40                defaultTaskHandle
                0x0000000020009a44                p_objects_last_line
                0x000000002000a644                huart3
                0x000000002000a6d4                xTaskHandle_LCD
                0x000000002000a6d8                BufferCOMP1
                0x000000002000bf28                pices_time
                0x000000002000bf48                comp_out_data
                0x000000002000bf88                hcomp1
                0x000000002000bfb4                objects_area_last_line
                0x000000002000c5b4                huart1
                0x000000002000c644                BufferCOMP2
                0x000000002000de94                objects_last_line
                0x000000002000ea94                PositionLCD
                0x000000002000ea9c                hcomp2
                0x000000002000eac8                xEventGroup_StatusFlags
                0x000000002000eacc                xTaskHandle_ContainerDetect
                0x000000002000ead0                heth
                0x000000002000eb58                TxConfig
                0x000000002000eb8c                Objects_area
 COMMON         0x000000002000f35c       0x4c Core/Src/stm32h7xx_hal_timebase_tim.o
                0x000000002000f35c                htim1
 COMMON         0x000000002000f3a8        0x4 Drivers/STM32H7xx_HAL_Driver/Src/stm32h7xx_hal.o
                0x000000002000f3a8                uwTick
 COMMON         0x000000002000f3ac       0x40 Middlewares/Third_Party/FreeRTOS/Source/queue.o
                0x000000002000f3ac                xQueueRegistry
                0x000000002000f3ec                . = ALIGN (0x4)
                0x000000002000f3ec                _ebss = .
                0x000000002000f3ec                __bss_end__ = _ebss

._user_heap_stack
                0x000000002000f3ec      0x604 load address 0x000000000800a838
                0x000000002000f3f0                . = ALIGN (0x8)
 *fill*         0x000000002000f3ec        0x4 
                [!provide]                        PROVIDE (end = .)
                0x000000002000f3f0                PROVIDE (_end = .)
                0x000000002000f5f0                . = (. + _Min_Heap_Size)
 *fill*         0x000000002000f3f0      0x200 
                0x000000002000f9f0                . = (. + _Min_Stack_Size)
 *fill*         0x000000002000f5f0      0x400 
                0x000000002000f9f0                . = ALIGN (0x8)

/DISCARD/
 libc.a(*)
 libm.a(*)
 libgcc.a(*)

.ARM.attributes
                0x0000000000000000       0x2e
 *(.ARM.attributes)
 .ARM.attributes
                0x0000000000000000       0x1e c:/st/stm32cubeide_1.4.0/stm32cubeide/plugins/com.st.stm32cube.ide.mcu.externaltools.gnu-tools-for-stm32.9-2020-q2-update.win32_1.5.0.202011040924/tools/bin/../lib/gcc/arm-none-eabi/9.3.1/thumb/v7e-m+dp/hard/crti.o
 .ARM.attributes
                0x000000000000001e       0x32 c:/st/stm32cubeide_1.4.0/stm32cubeide/plugins/com.st.stm32cube.ide.mcu.externaltools.gnu-tools-for-stm32.9-2020-q2-update.win32_1.5.0.202011040924/tools/bin/../lib/gcc/arm-none-eabi/9.3.1/thumb/v7e-m+dp/hard/crtbegin.o
 .ARM.attributes
                0x0000000000000050       0x32 Core/Src/freertos.o
 .ARM.attributes
                0x0000000000000082       0x32 Core/Src/main.o
 .ARM.attributes
                0x00000000000000b4       0x32 Core/Src/stm32h7xx_hal_msp.o
 .ARM.attributes
                0x00000000000000e6       0x32 Core/Src/stm32h7xx_hal_timebase_tim.o
 .ARM.attributes
                0x0000000000000118       0x32 Core/Src/stm32h7xx_it.o
 .ARM.attributes
                0x000000000000014a       0x32 Core/Src/system_stm32h7xx.o
 .ARM.attributes
                0x000000000000017c       0x21 Core/Startup/startup_stm32h723zgtx.o
 .ARM.attributes
                0x000000000000019d       0x32 Drivers/STM32H7xx_HAL_Driver/Src/stm32h7xx_hal.o
 .ARM.attributes
                0x00000000000001cf       0x32 Drivers/STM32H7xx_HAL_Driver/Src/stm32h7xx_hal_comp.o
 .ARM.attributes
                0x0000000000000201       0x32 Drivers/STM32H7xx_HAL_Driver/Src/stm32h7xx_hal_cortex.o
 .ARM.attributes
                0x0000000000000233       0x32 Drivers/STM32H7xx_HAL_Driver/Src/stm32h7xx_hal_eth.o
 .ARM.attributes
                0x0000000000000265       0x32 Drivers/STM32H7xx_HAL_Driver/Src/stm32h7xx_hal_gpio.o
 .ARM.attributes
                0x0000000000000297       0x32 Drivers/STM32H7xx_HAL_Driver/Src/stm32h7xx_hal_pwr_ex.o
 .ARM.attributes
                0x00000000000002c9       0x32 Drivers/STM32H7xx_HAL_Driver/Src/stm32h7xx_hal_rcc.o
 .ARM.attributes
                0x00000000000002fb       0x32 Drivers/STM32H7xx_HAL_Driver/Src/stm32h7xx_hal_rcc_ex.o
 .ARM.attributes
                0x000000000000032d       0x32 Drivers/STM32H7xx_HAL_Driver/Src/stm32h7xx_hal_tim.o
 .ARM.attributes
                0x000000000000035f       0x32 Drivers/STM32H7xx_HAL_Driver/Src/stm32h7xx_hal_tim_ex.o
 .ARM.attributes
                0x0000000000000391       0x32 Drivers/STM32H7xx_HAL_Driver/Src/stm32h7xx_hal_uart.o
 .ARM.attributes
                0x00000000000003c3       0x32 Drivers/STM32H7xx_HAL_Driver/Src/stm32h7xx_hal_uart_ex.o
 .ARM.attributes
                0x00000000000003f5       0x32 Middlewares/Third_Party/FreeRTOS/Source/CMSIS_RTOS_V2/cmsis_os2.o
 .ARM.attributes
                0x0000000000000427       0x32 Middlewares/Third_Party/FreeRTOS/Source/event_groups.o
 .ARM.attributes
                0x0000000000000459       0x32 Middlewares/Third_Party/FreeRTOS/Source/list.o
 .ARM.attributes
                0x000000000000048b       0x32 Middlewares/Third_Party/FreeRTOS/Source/queue.o
 .ARM.attributes
                0x00000000000004bd       0x32 Middlewares/Third_Party/FreeRTOS/Source/tasks.o
 .ARM.attributes
                0x00000000000004ef       0x32 Middlewares/Third_Party/FreeRTOS/Source/timers.o
 .ARM.attributes
                0x0000000000000521       0x32 Middlewares/Third_Party/FreeRTOS/Source/portable/GCC/ARM_CM4F/port.o
 .ARM.attributes
                0x0000000000000553       0x32 Middlewares/Third_Party/FreeRTOS/Source/portable/MemMang/heap_5.o
 .ARM.attributes
                0x0000000000000585       0x32 c:/st/stm32cubeide_1.4.0/stm32cubeide/plugins/com.st.stm32cube.ide.mcu.externaltools.gnu-tools-for-stm32.9-2020-q2-update.win32_1.5.0.202011040924/tools/bin/../lib/gcc/arm-none-eabi/9.3.1/../../../../arm-none-eabi/lib/thumb/v7e-m+dp/hard\libc_nano.a(lib_a-init.o)
 .ARM.attributes
                0x00000000000005b7       0x32 c:/st/stm32cubeide_1.4.0/stm32cubeide/plugins/com.st.stm32cube.ide.mcu.externaltools.gnu-tools-for-stm32.9-2020-q2-update.win32_1.5.0.202011040924/tools/bin/../lib/gcc/arm-none-eabi/9.3.1/../../../../arm-none-eabi/lib/thumb/v7e-m+dp/hard\libc_nano.a(lib_a-memcpy-stub.o)
 .ARM.attributes
                0x00000000000005e9       0x32 c:/st/stm32cubeide_1.4.0/stm32cubeide/plugins/com.st.stm32cube.ide.mcu.externaltools.gnu-tools-for-stm32.9-2020-q2-update.win32_1.5.0.202011040924/tools/bin/../lib/gcc/arm-none-eabi/9.3.1/../../../../arm-none-eabi/lib/thumb/v7e-m+dp/hard\libc_nano.a(lib_a-memset.o)
 .ARM.attributes
                0x000000000000061b       0x1e c:/st/stm32cubeide_1.4.0/stm32cubeide/plugins/com.st.stm32cube.ide.mcu.externaltools.gnu-tools-for-stm32.9-2020-q2-update.win32_1.5.0.202011040924/tools/bin/../lib/gcc/arm-none-eabi/9.3.1/thumb/v7e-m+dp/hard\libgcc.a(_aeabi_uldivmod.o)
 .ARM.attributes
                0x0000000000000639       0x32 c:/st/stm32cubeide_1.4.0/stm32cubeide/plugins/com.st.stm32cube.ide.mcu.externaltools.gnu-tools-for-stm32.9-2020-q2-update.win32_1.5.0.202011040924/tools/bin/../lib/gcc/arm-none-eabi/9.3.1/thumb/v7e-m+dp/hard\libgcc.a(_udivmoddi4.o)
 .ARM.attributes
                0x000000000000066b       0x1e c:/st/stm32cubeide_1.4.0/stm32cubeide/plugins/com.st.stm32cube.ide.mcu.externaltools.gnu-tools-for-stm32.9-2020-q2-update.win32_1.5.0.202011040924/tools/bin/../lib/gcc/arm-none-eabi/9.3.1/thumb/v7e-m+dp/hard\libgcc.a(_dvmd_tls.o)
 .ARM.attributes
                0x0000000000000689       0x1e c:/st/stm32cubeide_1.4.0/stm32cubeide/plugins/com.st.stm32cube.ide.mcu.externaltools.gnu-tools-for-stm32.9-2020-q2-update.win32_1.5.0.202011040924/tools/bin/../lib/gcc/arm-none-eabi/9.3.1/thumb/v7e-m+dp/hard/crtn.o
OUTPUT(line_V3.elf elf32-littlearm)
LOAD linker stubs
LOAD c:/st/stm32cubeide_1.4.0/stm32cubeide/plugins/com.st.stm32cube.ide.mcu.externaltools.gnu-tools-for-stm32.9-2020-q2-update.win32_1.5.0.202011040924/tools/bin/../lib/gcc/arm-none-eabi/9.3.1/../../../../arm-none-eabi/lib/thumb/v7e-m+dp/hard\libc.a
LOAD c:/st/stm32cubeide_1.4.0/stm32cubeide/plugins/com.st.stm32cube.ide.mcu.externaltools.gnu-tools-for-stm32.9-2020-q2-update.win32_1.5.0.202011040924/tools/bin/../lib/gcc/arm-none-eabi/9.3.1/../../../../arm-none-eabi/lib/thumb/v7e-m+dp/hard\libm.a
LOAD c:/st/stm32cubeide_1.4.0/stm32cubeide/plugins/com.st.stm32cube.ide.mcu.externaltools.gnu-tools-for-stm32.9-2020-q2-update.win32_1.5.0.202011040924/tools/bin/../lib/gcc/arm-none-eabi/9.3.1/thumb/v7e-m+dp/hard\libgcc.a

.debug_info     0x0000000000000000    0x3242b
 .debug_info    0x0000000000000000      0xc19 Core/Src/freertos.o
 .debug_info    0x0000000000000c19     0x4338 Core/Src/main.o
 .debug_info    0x0000000000004f51     0x2ef7 Core/Src/stm32h7xx_hal_msp.o
 .debug_info    0x0000000000007e48     0x1adc Core/Src/stm32h7xx_hal_timebase_tim.o
 .debug_info    0x0000000000009924     0x12ba Core/Src/stm32h7xx_it.o
 .debug_info    0x000000000000abde     0x15c5 Core/Src/system_stm32h7xx.o
 .debug_info    0x000000000000c1a3       0x22 Core/Startup/startup_stm32h723zgtx.o
 .debug_info    0x000000000000c1c5     0x210c Drivers/STM32H7xx_HAL_Driver/Src/stm32h7xx_hal.o
 .debug_info    0x000000000000e2d1     0x12aa Drivers/STM32H7xx_HAL_Driver/Src/stm32h7xx_hal_comp.o
 .debug_info    0x000000000000f57b     0x1c07 Drivers/STM32H7xx_HAL_Driver/Src/stm32h7xx_hal_cortex.o
 .debug_info    0x0000000000011182     0x3294 Drivers/STM32H7xx_HAL_Driver/Src/stm32h7xx_hal_eth.o
 .debug_info    0x0000000000014416     0x17f5 Drivers/STM32H7xx_HAL_Driver/Src/stm32h7xx_hal_gpio.o
 .debug_info    0x0000000000015c0b     0x1919 Drivers/STM32H7xx_HAL_Driver/Src/stm32h7xx_hal_pwr_ex.o
 .debug_info    0x0000000000017524     0x185e Drivers/STM32H7xx_HAL_Driver/Src/stm32h7xx_hal_rcc.o
 .debug_info    0x0000000000018d82     0x1ce6 Drivers/STM32H7xx_HAL_Driver/Src/stm32h7xx_hal_rcc_ex.o
 .debug_info    0x000000000001aa68     0x3639 Drivers/STM32H7xx_HAL_Driver/Src/stm32h7xx_hal_tim.o
 .debug_info    0x000000000001e0a1     0x21cf Drivers/STM32H7xx_HAL_Driver/Src/stm32h7xx_hal_tim_ex.o
 .debug_info    0x0000000000020270     0x2937 Drivers/STM32H7xx_HAL_Driver/Src/stm32h7xx_hal_uart.o
 .debug_info    0x0000000000022ba7     0x178e Drivers/STM32H7xx_HAL_Driver/Src/stm32h7xx_hal_uart_ex.o
 .debug_info    0x0000000000024335     0x4367 Middlewares/Third_Party/FreeRTOS/Source/CMSIS_RTOS_V2/cmsis_os2.o
 .debug_info    0x000000000002869c     0x140e Middlewares/Third_Party/FreeRTOS/Source/event_groups.o
 .debug_info    0x0000000000029aaa      0xb82 Middlewares/Third_Party/FreeRTOS/Source/list.o
 .debug_info    0x000000000002a62c     0x23b0 Middlewares/Third_Party/FreeRTOS/Source/queue.o
 .debug_info    0x000000000002c9dc     0x2b12 Middlewares/Third_Party/FreeRTOS/Source/tasks.o
 .debug_info    0x000000000002f4ee     0x1c08 Middlewares/Third_Party/FreeRTOS/Source/timers.o
 .debug_info    0x00000000000310f6      0x4f1 Middlewares/Third_Party/FreeRTOS/Source/portable/GCC/ARM_CM4F/port.o
 .debug_info    0x00000000000315e7      0xe44 Middlewares/Third_Party/FreeRTOS/Source/portable/MemMang/heap_5.o

.debug_abbrev   0x0000000000000000     0x4d58
 .debug_abbrev  0x0000000000000000      0x202 Core/Src/freertos.o
 .debug_abbrev  0x0000000000000202      0x3ac Core/Src/main.o
 .debug_abbrev  0x00000000000005ae      0x2a7 Core/Src/stm32h7xx_hal_msp.o
 .debug_abbrev  0x0000000000000855      0x271 Core/Src/stm32h7xx_hal_timebase_tim.o
 .debug_abbrev  0x0000000000000ac6      0x211 Core/Src/stm32h7xx_it.o
 .debug_abbrev  0x0000000000000cd7      0x251 Core/Src/system_stm32h7xx.o
 .debug_abbrev  0x0000000000000f28       0x12 Core/Startup/startup_stm32h723zgtx.o
 .debug_abbrev  0x0000000000000f3a      0x324 Drivers/STM32H7xx_HAL_Driver/Src/stm32h7xx_hal.o
 .debug_abbrev  0x000000000000125e      0x285 Drivers/STM32H7xx_HAL_Driver/Src/stm32h7xx_hal_comp.o
 .debug_abbrev  0x00000000000014e3      0x409 Drivers/STM32H7xx_HAL_Driver/Src/stm32h7xx_hal_cortex.o
 .debug_abbrev  0x00000000000018ec      0x328 Drivers/STM32H7xx_HAL_Driver/Src/stm32h7xx_hal_eth.o
 .debug_abbrev  0x0000000000001c14      0x2cb Drivers/STM32H7xx_HAL_Driver/Src/stm32h7xx_hal_gpio.o
 .debug_abbrev  0x0000000000001edf      0x33f Drivers/STM32H7xx_HAL_Driver/Src/stm32h7xx_hal_pwr_ex.o
 .debug_abbrev  0x000000000000221e      0x311 Drivers/STM32H7xx_HAL_Driver/Src/stm32h7xx_hal_rcc.o
 .debug_abbrev  0x000000000000252f      0x31d Drivers/STM32H7xx_HAL_Driver/Src/stm32h7xx_hal_rcc_ex.o
 .debug_abbrev  0x000000000000284c      0x2f9 Drivers/STM32H7xx_HAL_Driver/Src/stm32h7xx_hal_tim.o
 .debug_abbrev  0x0000000000002b45      0x301 Drivers/STM32H7xx_HAL_Driver/Src/stm32h7xx_hal_tim_ex.o
 .debug_abbrev  0x0000000000002e46      0x309 Drivers/STM32H7xx_HAL_Driver/Src/stm32h7xx_hal_uart.o
 .debug_abbrev  0x000000000000314f      0x2a5 Drivers/STM32H7xx_HAL_Driver/Src/stm32h7xx_hal_uart_ex.o
 .debug_abbrev  0x00000000000033f4      0x4ce Middlewares/Third_Party/FreeRTOS/Source/CMSIS_RTOS_V2/cmsis_os2.o
 .debug_abbrev  0x00000000000038c2      0x32f Middlewares/Third_Party/FreeRTOS/Source/event_groups.o
 .debug_abbrev  0x0000000000003bf1      0x1f7 Middlewares/Third_Party/FreeRTOS/Source/list.o
 .debug_abbrev  0x0000000000003de8      0x380 Middlewares/Third_Party/FreeRTOS/Source/queue.o
 .debug_abbrev  0x0000000000004168      0x3ad Middlewares/Third_Party/FreeRTOS/Source/tasks.o
 .debug_abbrev  0x0000000000004515      0x32a Middlewares/Third_Party/FreeRTOS/Source/timers.o
 .debug_abbrev  0x000000000000483f      0x231 Middlewares/Third_Party/FreeRTOS/Source/portable/GCC/ARM_CM4F/port.o
 .debug_abbrev  0x0000000000004a70      0x2e8 Middlewares/Third_Party/FreeRTOS/Source/portable/MemMang/heap_5.o

.debug_aranges  0x0000000000000000     0x1bd0
 .debug_aranges
                0x0000000000000000       0x40 Core/Src/freertos.o
 .debug_aranges
                0x0000000000000040      0x118 Core/Src/main.o
 .debug_aranges
                0x0000000000000158       0x50 Core/Src/stm32h7xx_hal_msp.o
 .debug_aranges
                0x00000000000001a8       0x30 Core/Src/stm32h7xx_hal_timebase_tim.o
 .debug_aranges
                0x00000000000001d8       0x50 Core/Src/stm32h7xx_it.o
 .debug_aranges
                0x0000000000000228       0x28 Core/Src/system_stm32h7xx.o
 .debug_aranges
                0x0000000000000250       0x28 Core/Startup/startup_stm32h723zgtx.o
 .debug_aranges
                0x0000000000000278      0x1c8 Drivers/STM32H7xx_HAL_Driver/Src/stm32h7xx_hal.o
 .debug_aranges
                0x0000000000000440       0x88 Drivers/STM32H7xx_HAL_Driver/Src/stm32h7xx_hal_comp.o
 .debug_aranges
                0x00000000000004c8      0x120 Drivers/STM32H7xx_HAL_Driver/Src/stm32h7xx_hal_cortex.o
 .debug_aranges
                0x00000000000005e8      0x1b0 Drivers/STM32H7xx_HAL_Driver/Src/stm32h7xx_hal_eth.o
 .debug_aranges
                0x0000000000000798       0x58 Drivers/STM32H7xx_HAL_Driver/Src/stm32h7xx_hal_gpio.o
 .debug_aranges
                0x00000000000007f0      0x148 Drivers/STM32H7xx_HAL_Driver/Src/stm32h7xx_hal_pwr_ex.o
 .debug_aranges
                0x0000000000000938       0x88 Drivers/STM32H7xx_HAL_Driver/Src/stm32h7xx_hal_rcc.o
 .debug_aranges
                0x00000000000009c0       0xf8 Drivers/STM32H7xx_HAL_Driver/Src/stm32h7xx_hal_rcc_ex.o
 .debug_aranges
                0x0000000000000ab8      0x3e0 Drivers/STM32H7xx_HAL_Driver/Src/stm32h7xx_hal_tim.o
 .debug_aranges
                0x0000000000000e98      0x188 Drivers/STM32H7xx_HAL_Driver/Src/stm32h7xx_hal_tim_ex.o
 .debug_aranges
                0x0000000000001020      0x248 Drivers/STM32H7xx_HAL_Driver/Src/stm32h7xx_hal_uart.o
 .debug_aranges
                0x0000000000001268       0xa0 Drivers/STM32H7xx_HAL_Driver/Src/stm32h7xx_hal_uart_ex.o
 .debug_aranges
                0x0000000000001308      0x2d8 Middlewares/Third_Party/FreeRTOS/Source/CMSIS_RTOS_V2/cmsis_os2.o
 .debug_aranges
                0x00000000000015e0       0x90 Middlewares/Third_Party/FreeRTOS/Source/event_groups.o
 .debug_aranges
                0x0000000000001670       0x40 Middlewares/Third_Party/FreeRTOS/Source/list.o
 .debug_aranges
                0x00000000000016b0      0x158 Middlewares/Third_Party/FreeRTOS/Source/queue.o
 .debug_aranges
                0x0000000000001808      0x208 Middlewares/Third_Party/FreeRTOS/Source/tasks.o
 .debug_aranges
                0x0000000000001a10       0xf0 Middlewares/Third_Party/FreeRTOS/Source/timers.o
 .debug_aranges
                0x0000000000001b00       0x80 Middlewares/Third_Party/FreeRTOS/Source/portable/GCC/ARM_CM4F/port.o
 .debug_aranges
                0x0000000000001b80       0x50 Middlewares/Third_Party/FreeRTOS/Source/portable/MemMang/heap_5.o

.debug_ranges   0x0000000000000000     0x1a58
 .debug_ranges  0x0000000000000000       0x30 Core/Src/freertos.o
 .debug_ranges  0x0000000000000030      0x108 Core/Src/main.o
 .debug_ranges  0x0000000000000138       0x40 Core/Src/stm32h7xx_hal_msp.o
 .debug_ranges  0x0000000000000178       0x20 Core/Src/stm32h7xx_hal_timebase_tim.o
 .debug_ranges  0x0000000000000198       0x40 Core/Src/stm32h7xx_it.o
 .debug_ranges  0x00000000000001d8       0x18 Core/Src/system_stm32h7xx.o
 .debug_ranges  0x00000000000001f0       0x20 Core/Startup/startup_stm32h723zgtx.o
 .debug_ranges  0x0000000000000210      0x1b8 Drivers/STM32H7xx_HAL_Driver/Src/stm32h7xx_hal.o
 .debug_ranges  0x00000000000003c8       0x78 Drivers/STM32H7xx_HAL_Driver/Src/stm32h7xx_hal_comp.o
 .debug_ranges  0x0000000000000440      0x110 Drivers/STM32H7xx_HAL_Driver/Src/stm32h7xx_hal_cortex.o
 .debug_ranges  0x0000000000000550      0x1a0 Drivers/STM32H7xx_HAL_Driver/Src/stm32h7xx_hal_eth.o
 .debug_ranges  0x00000000000006f0       0x48 Drivers/STM32H7xx_HAL_Driver/Src/stm32h7xx_hal_gpio.o
 .debug_ranges  0x0000000000000738      0x138 Drivers/STM32H7xx_HAL_Driver/Src/stm32h7xx_hal_pwr_ex.o
 .debug_ranges  0x0000000000000870       0x78 Drivers/STM32H7xx_HAL_Driver/Src/stm32h7xx_hal_rcc.o
 .debug_ranges  0x00000000000008e8       0xe8 Drivers/STM32H7xx_HAL_Driver/Src/stm32h7xx_hal_rcc_ex.o
 .debug_ranges  0x00000000000009d0      0x3d0 Drivers/STM32H7xx_HAL_Driver/Src/stm32h7xx_hal_tim.o
 .debug_ranges  0x0000000000000da0      0x178 Drivers/STM32H7xx_HAL_Driver/Src/stm32h7xx_hal_tim_ex.o
 .debug_ranges  0x0000000000000f18      0x268 Drivers/STM32H7xx_HAL_Driver/Src/stm32h7xx_hal_uart.o
 .debug_ranges  0x0000000000001180       0x90 Drivers/STM32H7xx_HAL_Driver/Src/stm32h7xx_hal_uart_ex.o
 .debug_ranges  0x0000000000001210      0x2c8 Middlewares/Third_Party/FreeRTOS/Source/CMSIS_RTOS_V2/cmsis_os2.o
 .debug_ranges  0x00000000000014d8       0x80 Middlewares/Third_Party/FreeRTOS/Source/event_groups.o
 .debug_ranges  0x0000000000001558       0x30 Middlewares/Third_Party/FreeRTOS/Source/list.o
 .debug_ranges  0x0000000000001588      0x148 Middlewares/Third_Party/FreeRTOS/Source/queue.o
 .debug_ranges  0x00000000000016d0      0x1f8 Middlewares/Third_Party/FreeRTOS/Source/tasks.o
 .debug_ranges  0x00000000000018c8       0xe0 Middlewares/Third_Party/FreeRTOS/Source/timers.o
 .debug_ranges  0x00000000000019a8       0x70 Middlewares/Third_Party/FreeRTOS/Source/portable/GCC/ARM_CM4F/port.o
 .debug_ranges  0x0000000000001a18       0x40 Middlewares/Third_Party/FreeRTOS/Source/portable/MemMang/heap_5.o

.debug_macro    0x0000000000000000    0x365aa
 .debug_macro   0x0000000000000000      0x33d Core/Src/freertos.o
 .debug_macro   0x000000000000033d      0xac0 Core/Src/freertos.o
 .debug_macro   0x0000000000000dfd      0x174 Core/Src/freertos.o
 .debug_macro   0x0000000000000f71       0x22 Core/Src/freertos.o
 .debug_macro   0x0000000000000f93       0x8e Core/Src/freertos.o
 .debug_macro   0x0000000000001021       0x51 Core/Src/freertos.o
 .debug_macro   0x0000000000001072      0x103 Core/Src/freertos.o
 .debug_macro   0x0000000000001175       0x6a Core/Src/freertos.o
 .debug_macro   0x00000000000011df      0x1df Core/Src/freertos.o
 .debug_macro   0x00000000000013be      0x17b Core/Src/freertos.o
 .debug_macro   0x0000000000001539      0x15a Core/Src/freertos.o
 .debug_macro   0x0000000000001693       0xc9 Core/Src/freertos.o
 .debug_macro   0x000000000000175c       0x1c Core/Src/freertos.o
 .debug_macro   0x0000000000001778       0x26 Core/Src/freertos.o
 .debug_macro   0x000000000000179e      0x4b0 Core/Src/freertos.o
 .debug_macro   0x0000000000001c4e       0xb5 Core/Src/freertos.o
 .debug_macro   0x0000000000001d03       0xaa Core/Src/freertos.o
 .debug_macro   0x0000000000001dad      0x244 Core/Src/freertos.o
 .debug_macro   0x0000000000001ff1       0x2e Core/Src/freertos.o
 .debug_macro   0x000000000000201f       0x3b Core/Src/freertos.o
 .debug_macro   0x000000000000205a       0x1c Core/Src/freertos.o
 .debug_macro   0x0000000000002076       0x22 Core/Src/freertos.o
 .debug_macro   0x0000000000002098      0x101 Core/Src/freertos.o
 .debug_macro   0x0000000000002199     0x1305 Core/Src/freertos.o
 .debug_macro   0x000000000000349e      0x11f Core/Src/freertos.o
 .debug_macro   0x00000000000035bd       0x27 Core/Src/freertos.o
 .debug_macro   0x00000000000035e4    0x2114b Core/Src/freertos.o
 .debug_macro   0x000000000002472f       0x43 Core/Src/freertos.o
 .debug_macro   0x0000000000024772     0x3cbe Core/Src/freertos.o
 .debug_macro   0x0000000000028430       0x52 Core/Src/freertos.o
 .debug_macro   0x0000000000028482       0x17 Core/Src/freertos.o
 .debug_macro   0x0000000000028499       0x3c Core/Src/freertos.o
 .debug_macro   0x00000000000284d5       0x34 Core/Src/freertos.o
 .debug_macro   0x0000000000028509       0x16 Core/Src/freertos.o
 .debug_macro   0x000000000002851f       0x43 Core/Src/freertos.o
 .debug_macro   0x0000000000028562       0x34 Core/Src/freertos.o
 .debug_macro   0x0000000000028596       0x10 Core/Src/freertos.o
 .debug_macro   0x00000000000285a6       0x58 Core/Src/freertos.o
 .debug_macro   0x00000000000285fe       0x71 Core/Src/freertos.o
 .debug_macro   0x000000000002866f       0x1c Core/Src/freertos.o
 .debug_macro   0x000000000002868b      0x12a Core/Src/freertos.o
 .debug_macro   0x00000000000287b5      0x333 Core/Src/freertos.o
 .debug_macro   0x0000000000028ae8      0x1a9 Core/Src/freertos.o
 .debug_macro   0x0000000000028c91       0x5d Core/Src/freertos.o
 .debug_macro   0x0000000000028cee     0x2462 Core/Src/freertos.o
 .debug_macro   0x000000000002b150     0x104f Core/Src/freertos.o
 .debug_macro   0x000000000002c19f      0x14d Core/Src/freertos.o
 .debug_macro   0x000000000002c2ec      0x117 Core/Src/freertos.o
 .debug_macro   0x000000000002c403      0x3f8 Core/Src/freertos.o
 .debug_macro   0x000000000002c7fb       0x27 Core/Src/freertos.o
 .debug_macro   0x000000000002c822      0x788 Core/Src/freertos.o
 .debug_macro   0x000000000002cfaa      0x229 Core/Src/freertos.o
 .debug_macro   0x000000000002d1d3       0x66 Core/Src/freertos.o
 .debug_macro   0x000000000002d239      0x3a6 Core/Src/freertos.o
 .debug_macro   0x000000000002d5df      0xa59 Core/Src/freertos.o
 .debug_macro   0x000000000002e038      0x129 Core/Src/freertos.o
 .debug_macro   0x000000000002e161      0x3fa Core/Src/freertos.o
 .debug_macro   0x000000000002e55b      0x275 Core/Src/freertos.o
 .debug_macro   0x000000000002e7d0      0x2ef Core/Src/freertos.o
 .debug_macro   0x000000000002eabf      0x3cb Core/Src/freertos.o
 .debug_macro   0x000000000002ee8a      0x45c Core/Src/freertos.o
 .debug_macro   0x000000000002f2e6       0x3c Core/Src/freertos.o
 .debug_macro   0x000000000002f322       0x4a Core/Src/freertos.o
 .debug_macro   0x000000000002f36c      0x22c Core/Src/freertos.o
 .debug_macro   0x000000000002f598       0x67 Core/Src/freertos.o
 .debug_macro   0x000000000002f5ff       0xa5 Core/Src/freertos.o
 .debug_macro   0x000000000002f6a4      0x1c5 Core/Src/freertos.o
 .debug_macro   0x000000000002f869      0x22b Core/Src/freertos.o
 .debug_macro   0x000000000002fa94       0x35 Core/Src/freertos.o
 .debug_macro   0x000000000002fac9      0xad7 Core/Src/freertos.o
 .debug_macro   0x00000000000305a0      0x2a0 Core/Src/freertos.o
 .debug_macro   0x0000000000030840      0x67e Core/Src/freertos.o
 .debug_macro   0x0000000000030ebe       0xa6 Core/Src/freertos.o
 .debug_macro   0x0000000000030f64      0x5e6 Core/Src/freertos.o
 .debug_macro   0x000000000003154a      0x39c Core/Src/freertos.o
 .debug_macro   0x00000000000318e6      0x3dd Core/Src/main.o
 .debug_macro   0x0000000000031cc3       0x16 Core/Src/main.o
 .debug_macro   0x0000000000031cd9       0x35 Core/Src/main.o
 .debug_macro   0x0000000000031d0e       0x20 Core/Src/main.o
 .debug_macro   0x0000000000031d2e      0x17b Core/Src/main.o
 .debug_macro   0x0000000000031ea9       0x66 Core/Src/main.o
 .debug_macro   0x0000000000031f0f       0x74 Core/Src/main.o
 .debug_macro   0x0000000000031f83       0xdd Core/Src/main.o
 .debug_macro   0x0000000000032060       0x91 Core/Src/main.o
 .debug_macro   0x00000000000320f1      0x2d5 Core/Src/stm32h7xx_hal_msp.o
 .debug_macro   0x00000000000323c6      0x2c6 Core/Src/stm32h7xx_hal_timebase_tim.o
 .debug_macro   0x000000000003268c      0x2df Core/Src/stm32h7xx_it.o
 .debug_macro   0x000000000003296b      0x2cc Core/Src/system_stm32h7xx.o
 .debug_macro   0x0000000000032c37      0x2f0 Drivers/STM32H7xx_HAL_Driver/Src/stm32h7xx_hal.o
 .debug_macro   0x0000000000032f27      0x2d5 Drivers/STM32H7xx_HAL_Driver/Src/stm32h7xx_hal_comp.o
 .debug_macro   0x00000000000331fc      0x2c6 Drivers/STM32H7xx_HAL_Driver/Src/stm32h7xx_hal_cortex.o
 .debug_macro   0x00000000000334c2      0x353 Drivers/STM32H7xx_HAL_Driver/Src/stm32h7xx_hal_eth.o
 .debug_macro   0x0000000000033815      0x302 Drivers/STM32H7xx_HAL_Driver/Src/stm32h7xx_hal_gpio.o
 .debug_macro   0x0000000000033b17      0x2ff Drivers/STM32H7xx_HAL_Driver/Src/stm32h7xx_hal_pwr_ex.o
 .debug_macro   0x0000000000033e16      0x2ea Drivers/STM32H7xx_HAL_Driver/Src/stm32h7xx_hal_rcc.o
 .debug_macro   0x0000000000034100      0x2e4 Drivers/STM32H7xx_HAL_Driver/Src/stm32h7xx_hal_rcc_ex.o
 .debug_macro   0x00000000000343e4      0x2c7 Drivers/STM32H7xx_HAL_Driver/Src/stm32h7xx_hal_tim.o
 .debug_macro   0x00000000000346ab      0x2c6 Drivers/STM32H7xx_HAL_Driver/Src/stm32h7xx_hal_tim_ex.o