main.c:1524:6:StartDefaultTask	8	static
main.c:939:6:StartKeyboardTask	16	static
main.c:1165:6:StartScanerTask	536	static
main.c:322:6:SystemClock_Config	128	static,ignoring_inline_asm
main.c:226:5:main	128	static,ignoring_inline_asm
main.c:1350:6:Clear_Counter	0	static
main.c:1128:6:StartContainerDetectTask	8	static
main.c:1431:6:Nybble	0	static
main.c:1398:6:CommandLCD	8	static
main.c:1371:6:TuningLCD	8	static
main.c:1415:6:WriteLCD	8	static
main.c:900:6:StartLCDTask	8	static
main.c:1447:6:ShowTextOnLCD	0	static
main.c:1461:6:ShowNumberOnLCD	12	static
main.c:1543:6:HAL_TIM_PeriodElapsedCallback	0	static
main.c:1560:6:Error_Handler	0	static,ignoring_inline_asm
