stm32h7xx_hal_msp.c:71:6:HAL_MspInit	8	static
stm32h7xx_hal_msp.c:96:6:HAL_COMP_MspInit	48	static
stm32h7xx_hal_msp.c:175:6:HAL_COMP_MspDeInit	8	static
stm32h7xx_hal_msp.c:232:6:HAL_ETH_MspInit	64	static
stm32h7xx_hal_msp.c:301:6:HAL_ETH_MspDeInit	8	static
stm32h7xx_hal_msp.c:345:6:HAL_TIM_Base_MspInit	32	static
stm32h7xx_hal_msp.c:444:6:HAL_TIM_MspPostInit	32	static
stm32h7xx_hal_msp.c:476:6:HAL_TIM_Base_MspDeInit	8	static
stm32h7xx_hal_msp.c:530:6:HAL_UART_MspInit	216	static
stm32h7xx_hal_msp.c:576:6:HAL_UART_MspDeInit	0	static
