core_cm7.h:1902:22:__NVIC_EnableIRQ	16	static,ignoring_inline_asm
core_cm7.h:2032:22:__NVIC_SetPriority	16	static
main.c:197:5:main	32	static
main.c:300:6:SystemClock_Config	120	static
main.c:359:13:MX_COMP1_Init	8	static
main.c:393:13:MX_COMP2_Init	8	static
main.c:427:13:MX_ETH_Init	8	static
main.c:473:13:MX_USART1_UART_Init	8	static
main.c:523:13:MX_USART3_UART_Init	8	static
main.c:571:13:MX_USB_OTG_HS_USB_Init	4	static
main.c:592:13:MX_GPIO_Init	64	static
main.c:756:6:vTask_LCD	16	static
main.c:795:6:vTask_Kyeboard	40	static
main.c:1004:6:vTask_ContainerDetect	16	static
main.c:1041:6:vTask_Scanner	7720	static
main.c:1218:6:Clear_Counter	16	static
main.c:1237:6:TuningLCD	8	static
main.c:1270:6:CommandLCD	16	static
main.c:1291:6:WriteLCD	16	static
main.c:1311:6:Nybble	16	static,ignoring_inline_asm
main.c:1327:6:Delay_us	24	static,ignoring_inline_asm
main.c:1341:6:ShowTextOnLCD	16	static
main.c:1353:6:ShowNumberOnLCD	24	static
main.c:1413:6:TimersTuning	4	static
main.c:1436:6:ComparatorsTuning	4	static
main.c:1445:6:SystemInterruptsTuning	8	static
main.c:1467:6:DMATuning	4	static
main.c:1486:6:TIM3_IRQHandler	8	static
main.c:1498:6:DMA1_Channel1_IRQHandler	16	static,ignoring_inline_asm
main.c:1530:6:StartDefaultTask	16	static
main.c:1549:6:HAL_TIM_PeriodElapsedCallback	16	static
main.c:1566:6:Error_Handler	4	static,ignoring_inline_asm
