main.c:229:5:main	8	static
main.c:336:6:SystemClock_Config	120	static
main.c:395:13:MX_COMP1_Init	8	static
main.c:429:13:MX_COMP2_Init	8	static
main.c:463:13:MX_ETH_Init	8	static
main.c:509:13:MX_TIM3_Init	64	static
main.c:568:13:MX_TIM17_Init	80	static
main.c:647:13:MX_USART3_UART_Init	8	static
main.c:695:13:MX_USB_OTG_HS_USB_Init	4	static
main.c:714:13:MX_DMA_Init	16	static
main.c:732:13:MX_GPIO_Init	64	static
main.c:896:6:StartLCDTask	16	static
main.c:935:6:StartKeyboardTask	40	static
main.c:1144:6:StartContainerDetectTask	16	static
main.c:1181:6:StartScanerTask	32	static
main.c:1352:6:Clear_Counter	16	static
main.c:1373:6:TuningLCD	8	static
main.c:1406:6:CommandLCD	16	static
main.c:1427:6:WriteLCD	16	static
main.c:1447:6:Nybble	16	static,ignoring_inline_asm
main.c:1463:6:Delay_us	24	static,ignoring_inline_asm
main.c:1477:6:ShowTextOnLCD	16	static
main.c:1491:6:ShowNumberOnLCD	24	static
main.c:1560:6:HAL_TIM_PWM_PulseFinishedCallback	16	static
main.c:1576:6:DMA1_Stream0_Complete_Callback	16	static
main.c:1596:6:StartDefaultTask	16	static
main.c:1615:6:HAL_TIM_PeriodElapsedCallback	16	static
main.c:1636:6:Error_Handler	4	static,ignoring_inline_asm
