main.c:226:5:main	8	static
main.c:322:6:SystemClock_Config	120	static
main.c:381:13:MX_COMP1_Init	8	static
main.c:415:13:MX_COMP2_Init	8	static
main.c:449:13:MX_ETH_Init	8	static
main.c:495:13:MX_TIM2_Init	64	static
main.c:553:13:MX_TIM3_Init	40	static
main.c:598:13:MX_TIM17_Init	80	static
main.c:661:13:MX_USART3_UART_Init	8	static
main.c:709:13:MX_USB_OTG_HS_USB_Init	4	static
main.c:728:13:MX_DMA_Init	16	static
main.c:752:13:MX_GPIO_Init	64	static
main.c:900:6:StartLCDTask	16	static
main.c:939:6:StartKeyboardTask	40	static
main.c:1133:6:StartContainerDetectTask	16	static
main.c:1170:6:StartScanerTask	520	static
main.c:1355:6:Clear_Counter	16	static
main.c:1376:6:TuningLCD	8	static
main.c:1411:6:CommandLCD	16	static
main.c:1434:6:WriteLCD	16	static
main.c:1456:6:Nybble	16	static,ignoring_inline_asm
main.c:1472:6:ShowTextOnLCD	16	static
main.c:1486:6:ShowNumberOnLCD	24	static
main.c:1549:6:StartDefaultTask	16	static
main.c:1568:6:HAL_TIM_PeriodElapsedCallback	16	static
main.c:1585:6:Error_Handler	4	static,ignoring_inline_asm
