main.c:230:5:main	8	static
main.c:328:6:SystemClock_Config	120	static
main.c:387:13:MX_COMP1_Init	8	static
main.c:421:13:MX_COMP2_Init	8	static
main.c:455:13:MX_ETH_Init	8	static
main.c:501:13:MX_TIM2_Init	64	static
main.c:559:13:MX_TIM3_Init	40	static
main.c:604:13:MX_TIM17_Init	80	static
main.c:667:13:MX_USART3_UART_Init	8	static
main.c:715:13:MX_USB_OTG_HS_USB_Init	4	static
main.c:734:13:MX_DMA_Init	16	static
main.c:758:13:MX_GPIO_Init	64	static
main.c:906:6:StartLCDTask	16	static
main.c:945:6:StartKeyboardTask	40	static
main.c:1154:6:StartContainerDetectTask	16	static
main.c:1191:6:StartScanerTask	520	static
main.c:1376:6:Clear_Counter	16	static
main.c:1397:6:TuningLCD	8	static
main.c:1430:6:CommandLCD	16	static
main.c:1451:6:WriteLCD	16	static
main.c:1471:6:Nybble	16	static,ignoring_inline_asm
main.c:1487:6:Delay_us	24	static,ignoring_inline_asm
main.c:1501:6:ShowTextOnLCD	16	static
main.c:1515:6:ShowNumberOnLCD	24	static
main.c:1578:6:StartDefaultTask	16	static
main.c:1597:6:HAL_TIM_PeriodElapsedCallback	16	static
main.c:1614:6:Error_Handler	4	static,ignoring_inline_asm
