Archive member included to satisfy reference by file (symbol)

c:/st/stm32cubeide_1.6.1/stm32cubeide/plugins/com.st.stm32cube.ide.mcu.externaltools.gnu-tools-for-stm32.9-2020-q2-update.win32_1.5.0.202011040924/tools/bin/../lib/gcc/arm-none-eabi/9.3.1/../../../../arm-none-eabi/lib/thumb/v7e-m+dp/hard\libc_nano.a(lib_a-errno.o)
                              Core/Src/syscalls.o (__errno)
c:/st/stm32cubeide_1.6.1/stm32cubeide/plugins/com.st.stm32cube.ide.mcu.externaltools.gnu-tools-for-stm32.9-2020-q2-update.win32_1.5.0.202011040924/tools/bin/../lib/gcc/arm-none-eabi/9.3.1/../../../../arm-none-eabi/lib/thumb/v7e-m+dp/hard\libc_nano.a(lib_a-exit.o)
                              c:/st/stm32cubeide_1.6.1/stm32cubeide/plugins/com.st.stm32cube.ide.mcu.externaltools.gnu-tools-for-stm32.9-2020-q2-update.win32_1.5.0.202011040924/tools/bin/../lib/gcc/arm-none-eabi/9.3.1/../../../../arm-none-eabi/lib/thumb/v7e-m+dp/hard/crt0.o (exit)
c:/st/stm32cubeide_1.6.1/stm32cubeide/plugins/com.st.stm32cube.ide.mcu.externaltools.gnu-tools-for-stm32.9-2020-q2-update.win32_1.5.0.202011040924/tools/bin/../lib/gcc/arm-none-eabi/9.3.1/../../../../arm-none-eabi/lib/thumb/v7e-m+dp/hard\libc_nano.a(lib_a-impure.o)
                              c:/st/stm32cubeide_1.6.1/stm32cubeide/plugins/com.st.stm32cube.ide.mcu.externaltools.gnu-tools-for-stm32.9-2020-q2-update.win32_1.5.0.202011040924/tools/bin/../lib/gcc/arm-none-eabi/9.3.1/../../../../arm-none-eabi/lib/thumb/v7e-m+dp/hard\libc_nano.a(lib_a-exit.o) (_global_impure_ptr)
c:/st/stm32cubeide_1.6.1/stm32cubeide/plugins/com.st.stm32cube.ide.mcu.externaltools.gnu-tools-for-stm32.9-2020-q2-update.win32_1.5.0.202011040924/tools/bin/../lib/gcc/arm-none-eabi/9.3.1/../../../../arm-none-eabi/lib/thumb/v7e-m+dp/hard\libc_nano.a(lib_a-init.o)
                              c:/st/stm32cubeide_1.6.1/stm32cubeide/plugins/com.st.stm32cube.ide.mcu.externaltools.gnu-tools-for-stm32.9-2020-q2-update.win32_1.5.0.202011040924/tools/bin/../lib/gcc/arm-none-eabi/9.3.1/../../../../arm-none-eabi/lib/thumb/v7e-m+dp/hard/crt0.o (__libc_init_array)
c:/st/stm32cubeide_1.6.1/stm32cubeide/plugins/com.st.stm32cube.ide.mcu.externaltools.gnu-tools-for-stm32.9-2020-q2-update.win32_1.5.0.202011040924/tools/bin/../lib/gcc/arm-none-eabi/9.3.1/../../../../arm-none-eabi/lib/thumb/v7e-m+dp/hard\libc_nano.a(lib_a-memcpy-stub.o)
                              Middlewares/Third_Party/FreeRTOS/Source/CMSIS_RTOS_V2/cmsis_os2.o (memcpy)
c:/st/stm32cubeide_1.6.1/stm32cubeide/plugins/com.st.stm32cube.ide.mcu.externaltools.gnu-tools-for-stm32.9-2020-q2-update.win32_1.5.0.202011040924/tools/bin/../lib/gcc/arm-none-eabi/9.3.1/../../../../arm-none-eabi/lib/thumb/v7e-m+dp/hard\libc_nano.a(lib_a-memset.o)
                              c:/st/stm32cubeide_1.6.1/stm32cubeide/plugins/com.st.stm32cube.ide.mcu.externaltools.gnu-tools-for-stm32.9-2020-q2-update.win32_1.5.0.202011040924/tools/bin/../lib/gcc/arm-none-eabi/9.3.1/../../../../arm-none-eabi/lib/thumb/v7e-m+dp/hard/crt0.o (memset)
c:/st/stm32cubeide_1.6.1/stm32cubeide/plugins/com.st.stm32cube.ide.mcu.externaltools.gnu-tools-for-stm32.9-2020-q2-update.win32_1.5.0.202011040924/tools/bin/../lib/gcc/arm-none-eabi/9.3.1/thumb/v7e-m+dp/hard\libgcc.a(_aeabi_ldivmod.o)
                              Drivers/STM32H7xx_HAL_Driver/Src/stm32h7xx_hal_uart.o (__aeabi_ldivmod)
c:/st/stm32cubeide_1.6.1/stm32cubeide/plugins/com.st.stm32cube.ide.mcu.externaltools.gnu-tools-for-stm32.9-2020-q2-update.win32_1.5.0.202011040924/tools/bin/../lib/gcc/arm-none-eabi/9.3.1/thumb/v7e-m+dp/hard\libgcc.a(_aeabi_uldivmod.o)
                              Drivers/STM32H7xx_HAL_Driver/Src/stm32h7xx_hal_uart.o (__aeabi_uldivmod)
c:/st/stm32cubeide_1.6.1/stm32cubeide/plugins/com.st.stm32cube.ide.mcu.externaltools.gnu-tools-for-stm32.9-2020-q2-update.win32_1.5.0.202011040924/tools/bin/../lib/gcc/arm-none-eabi/9.3.1/thumb/v7e-m+dp/hard\libgcc.a(_udivmoddi4.o)
                              c:/st/stm32cubeide_1.6.1/stm32cubeide/plugins/com.st.stm32cube.ide.mcu.externaltools.gnu-tools-for-stm32.9-2020-q2-update.win32_1.5.0.202011040924/tools/bin/../lib/gcc/arm-none-eabi/9.3.1/thumb/v7e-m+dp/hard\libgcc.a(_aeabi_ldivmod.o) (__udivmoddi4)
c:/st/stm32cubeide_1.6.1/stm32cubeide/plugins/com.st.stm32cube.ide.mcu.externaltools.gnu-tools-for-stm32.9-2020-q2-update.win32_1.5.0.202011040924/tools/bin/../lib/gcc/arm-none-eabi/9.3.1/thumb/v7e-m+dp/hard\libgcc.a(_dvmd_tls.o)
                              c:/st/stm32cubeide_1.6.1/stm32cubeide/plugins/com.st.stm32cube.ide.mcu.externaltools.gnu-tools-for-stm32.9-2020-q2-update.win32_1.5.0.202011040924/tools/bin/../lib/gcc/arm-none-eabi/9.3.1/thumb/v7e-m+dp/hard\libgcc.a(_aeabi_ldivmod.o) (__aeabi_ldiv0)

Allocating common symbols
Common symbol       size              file

last_line           0x60              Core/Src/main.o
defaultTaskHandle   0x4               Core/Src/main.o
p_objects_last_line
                    0xc0              Core/Src/main.o
[...]
Memory Configuration

Name             Origin             Length             Attributes
ITCMRAM          0x0000000000000000 0x0000000000010000 xrw
RAM              0x0000000020000000 0x0000000000020000 xrw
FLASH            0x0000000008000000 0x0000000000100000 xr
RAM_D1           0x0000000024000000 0x0000000000050000 xrw
RAM_D2           0x0000000030000000 0x0000000000008000 xrw
RAM_D3           0x0000000038000000 0x0000000000004000 xrw
*default*        0x0000000000000000 0xffffffffffffffff

Linker script and memory map

LOAD c:/st/stm32cubeide_1.6.1/stm32cubeide/plugins/com.st.stm32cube.ide.mcu.externaltools.gnu-tools-for-stm32.9-2020-q2-update.win32_1.5.0.202011040924/tools/bin/../lib/gcc/arm-none-eabi/9.3.1/thumb/v7e-m+dp/hard/crti.o
LOAD c:/st/stm32cubeide_1.6.1/stm32cubeide/plugins/com.st.stm32cube.ide.mcu.externaltools.gnu-tools-for-stm32.9-2020-q2-update.win32_1.5.0.202011040924/tools/bin/../lib/gcc/arm-none-eabi/9.3.1/thumb/v7e-m+dp/hard/crtbegin.o
LOAD c:/st/stm32cubeide_1.6.1/stm32cubeide/plugins/com.st.stm32cube.ide.mcu.externaltools.gnu-tools-for-stm32.9-2020-q2-update.win32_1.5.0.202011040924/tools/bin/../lib/gcc/arm-none-eabi/9.3.1/../../../../arm-none-eabi/lib/thumb/v7e-m+dp/hard/crt0.o
LOAD Core/Src/freertos.o
LOAD Core/Src/main.o
LOAD Core/Src/stm32h7xx_hal_msp.o
LOAD Core/Src/stm32h7xx_hal_timebase_tim.o
LOAD Core/Src/stm32h7xx_it.o
LOAD Core/Src/syscalls.o
LOAD Core/Src/sysmem.o
LOAD Core/Src/system_stm32h7xx.o
LOAD Core/Startup/startup_stm32h723zgtx.o
LOAD Drivers/STM32H7xx_HAL_Driver/Src/stm32h7xx_hal.o
LOAD Drivers/STM32H7xx_HAL_Driver/Src/stm32h7xx_hal_comp.o
LOAD Drivers/STM32H7xx_HAL_Driver/Src/stm32h7xx_hal_cortex.o
LOAD Drivers/STM32H7xx_HAL_Driver/Src/stm32h7xx_hal_dma.o
LOAD Drivers/STM32H7xx_HAL_Driver/Src/stm32h7xx_hal_dma_ex.o
LOAD Drivers/STM32H7xx_HAL_Driver/Src/stm32h7xx_hal_eth.o
LOAD Drivers/STM32H7xx_HAL_Driver/Src/stm32h7xx_hal_eth_ex.o
LOAD Drivers/STM32H7xx_HAL_Driver/Src/stm32h7xx_hal_exti.o
LOAD Drivers/STM32H7xx_HAL_Driver/Src/stm32h7xx_hal_flash.o
LOAD Drivers/STM32H7xx_HAL_Driver/Src/stm32h7xx_hal_flash_ex.o
LOAD Drivers/STM32H7xx_HAL_Driver/Src/stm32h7xx_hal_gpio.o
LOAD Drivers/STM32H7xx_HAL_Driver/Src/stm32h7xx_hal_hsem.o
LOAD Drivers/STM32H7xx_HAL_Driver/Src/stm32h7xx_hal_i2c.o
LOAD Drivers/STM32H7xx_HAL_Driver/Src/stm32h7xx_hal_i2c_ex.o
LOAD Drivers/STM32H7xx_HAL_Driver/Src/stm32h7xx_hal_mdma.o
LOAD Drivers/STM32H7xx_HAL_Driver/Src/stm32h7xx_hal_pwr.o
LOAD Drivers/STM32H7xx_HAL_Driver/Src/stm32h7xx_hal_pwr_ex.o
LOAD Drivers/STM32H7xx_HAL_Driver/Src/stm32h7xx_hal_rcc.o
LOAD Drivers/STM32H7xx_HAL_Driver/Src/stm32h7xx_hal_rcc_ex.o
LOAD Drivers/STM32H7xx_HAL_Driver/Src/stm32h7xx_hal_tim.o
LOAD Drivers/STM32H7xx_HAL_Driver/Src/stm32h7xx_hal_tim_ex.o
LOAD Drivers/STM32H7xx_HAL_Driver/Src/stm32h7xx_hal_uart.o
LOAD Drivers/STM32H7xx_HAL_Driver/Src/stm32h7xx_hal_uart_ex.o
LOAD Middlewares/Third_Party/FreeRTOS/Source/CMSIS_RTOS_V2/cmsis_os2.o
LOAD Middlewares/Third_Party/FreeRTOS/Source/croutine.o
LOAD Middlewares/Third_Party/FreeRTOS/Source/event_groups.o
LOAD Middlewares/Third_Party/FreeRTOS/Source/list.o
LOAD Middlewares/Third_Party/FreeRTOS/Source/queue.o
LOAD Middlewares/Third_Party/FreeRTOS/Source/stream_buffer.o
LOAD Middlewares/Third_Party/FreeRTOS/Source/tasks.o
LOAD Middlewares/Third_Party/FreeRTOS/Source/timers.o
LOAD Middlewares/Third_Party/FreeRTOS/Source/portable/GCC/ARM_CM4F/port.o
LOAD Middlewares/Third_Party/FreeRTOS/Source/portable/MemMang/heap_5.o
START GROUP
LOAD c:/st/stm32cubeide_1.6.1/stm32cubeide/plugins/com.st.stm32cube.ide.mcu.externaltools.gnu-tools-for-stm32.9-2020-q2-update.win32_1.5.0.202011040924/tools/bin/../lib/gcc/arm-none-eabi/9.3.1/../../../../arm-none-eabi/lib/thumb/v7e-m+dp/hard\libc_nano.a
LOAD c:/st/stm32cubeide_1.6.1/stm32cubeide/plugins/com.st.stm32cube.ide.mcu.externaltools.gnu-tools-for-stm32.9-2020-q2-update.win32_1.5.0.202011040924/tools/bin/../lib/gcc/arm-none-eabi/9.3.1/../../../../arm-none-eabi/lib/thumb/v7e-m+dp/hard\libm.a
END GROUP
START GROUP
LOAD c:/st/stm32cubeide_1.6.1/stm32cubeide/plugins/com.st.stm32cube.ide.mcu.externaltools.gnu-tools-for-stm32.9-2020-q2-update.win32_1.5.0.202011040924/tools/bin/../lib/gcc/arm-none-eabi/9.3.1/thumb/v7e-m+dp/hard\libgcc.a
LOAD c:/st/stm32cubeide_1.6.1/stm32cubeide/plugins/com.st.stm32cube.ide.mcu.externaltools.gnu-tools-for-stm32.9-2020-q2-update.win32_1.5.0.202011040924/tools/bin/../lib/gcc/arm-none-eabi/9.3.1/../../../../arm-none-eabi/lib/thumb/v7e-m+dp/hard\libc_nano.a
END GROUP
START GROUP
LOAD c:/st/stm32cubeide_1.6.1/stm32cubeide/plugins/com.st.stm32cube.ide.mcu.externaltools.gnu-tools-for-stm32.9-2020-q2-update.win32_1.5.0.202011040924/tools/bin/../lib/gcc/arm-none-eabi/9.3.1/thumb/v7e-m+dp/hard\libgcc.a
LOAD c:/st/stm32cubeide_1.6.1/stm32cubeide/plugins/com.st.stm32cube.ide.mcu.externaltools.gnu-tools-for-stm32.9-2020-q2-update.win32_1.5.0.202011040924/tools/bin/../lib/gcc/arm-none-eabi/9.3.1/../../../../arm-none-eabi/lib/thumb/v7e-m+dp/hard\libc_nano.a
LOAD c:/st/stm32cubeide_1.6.1/stm32cubeide/plugins/com.st.stm32cube.ide.mcu.externaltools.gnu-tools-for-stm32.9-2020-q2-update.win32_1.5.0.202011040924/tools/bin/../lib/gcc/arm-none-eabi/9.3.1/../../../../arm-none-eabi/lib/thumb/v7e-m+dp/hard\libnosys.a
END GROUP
START GROUP
LOAD c:/st/stm32cubeide_1.6.1/stm32cubeide/plugins/com.st.stm32cube.ide.mcu.externaltools.gnu-tools-for-stm32.9-2020-q2-update.win32_1.5.0.202011040924/tools/bin/../lib/gcc/arm-none-eabi/9.3.1/thumb/v7e-m+dp/hard\libgcc.a
LOAD c:/st/stm32cubeide_1.6.1/stm32cubeide/plugins/com.st.stm32cube.ide.mcu.externaltools.gnu-tools-for-stm32.9-2020-q2-update.win32_1.5.0.202011040924/tools/bin/../lib/gcc/arm-none-eabi/9.3.1/../../../../arm-none-eabi/lib/thumb/v7e-m+dp/hard\libc_nano.a
LOAD c:/st/stm32cubeide_1.6.1/stm32cubeide/plugins/com.st.stm32cube.ide.mcu.externaltools.gnu-tools-for-stm32.9-2020-q2-update.win32_1.5.0.202011040924/tools/bin/../lib/gcc/arm-none-eabi/9.3.1/../../../../arm-none-eabi/lib/thumb/v7e-m+dp/hard\libnosys.a
END GROUP
LOAD c:/st/stm32cubeide_1.6.1/stm32cubeide/plugins/com.st.stm32cube.ide.mcu.externaltools.gnu-tools-for-stm32.9-2020-q2-update.win32_1.5.0.202011040924/tools/bin/../lib/gcc/arm-none-eabi/9.3.1/thumb/v7e-m+dp/hard/crtend.o
LOAD c:/st/stm32cubeide_1.6.1/stm32cubeide/plugins/com.st.stm32cube.ide.mcu.externaltools.gnu-tools-for-stm32.9-2020-q2-update.win32_1.5.0.202011040924/tools/bin/../lib/gcc/arm-none-eabi/9.3.1/thumb/v7e-m+dp/hard/crtn.o
                0x0000000020020000                _estack = 0x20020000
                0x0000000000000200                _Min_Heap_Size = 0x200
                0x0000000000000400                _Min_Stack_Size = 0x400

.isr_vector     0x0000000008000000      0x2cc
                0x0000000008000000                . = ALIGN (0x4)
 *(.isr_vector)
 .isr_vector    0x0000000008000000      0x2cc Core/Startup/startup_stm32h723zgtx.o
                0x0000000008000000                g_pfnVectors
                0x00000000080002cc                . = ALIGN (0x4)

.text           0x00000000080002d0     0x72cc
                0x00000000080002d0                . = ALIGN (0x4)
 *(.text)
 .text          0x00000000080002d0       0x40 c:/st/stm32cubeide_1.6.1/stm32cubeide/plugins/com.st.stm32cube.ide.mcu.externaltools.gnu-tools-for-stm32.9-2020-q2-update.win32_1.5.0.202011040924/tools/bin/../lib/gcc/arm-none-eabi/9.3.1/thumb/v7e-m+dp/hard/crtbegin.o
 .text          0x0000000008000310       0x30 c:/st/stm32cubeide_1.6.1/stm32cubeide/plugins/com.st.stm32cube.ide.mcu.externaltools.gnu-tools-for-stm32.9-2020-q2-update.win32_1.5.0.202011040924/tools/bin/../lib/gcc/arm-none-eabi/9.3.1/thumb/v7e-m+dp/hard\libgcc.a(_aeabi_uldivmod.o)
                0x0000000008000310                __aeabi_uldivmod
 .text          0x0000000008000340      0x2c4 c:/st/stm32cubeide_1.6.1/stm32cubeide/plugins/com.st.stm32cube.ide.mcu.externaltools.gnu-tools-for-stm32.9-2020-q2-update.win32_1.5.0.202011040924/tools/bin/../lib/gcc/arm-none-eabi/9.3.1/thumb/v7e-m+dp/hard\libgcc.a(_udivmoddi4.o)
                0x0000000008000340                __udivmoddi4
 .text          0x0000000008000604        0x4 c:/st/stm32cubeide_1.6.1/stm32cubeide/plugins/com.st.stm32cube.ide.mcu.externaltools.gnu-tools-for-stm32.9-2020-q2-update.win32_1.5.0.202011040924/tools/bin/../lib/gcc/arm-none-eabi/9.3.1/thumb/v7e-m+dp/hard\libgcc.a(_dvmd_tls.o)
                0x0000000008000604                __aeabi_idiv0
                0x0000000008000604                __aeabi_ldiv0
 *(.text*)
 .text.vApplicationIdleHook
                0x0000000008000608        0x2 Core/Src/freertos.o
                0x0000000008000608                vApplicationIdleHook
 .text.vApplicationTickHook
                0x000000000800060a        0x2 Core/Src/freertos.o
                0x000000000800060a                vApplicationTickHook
 .text.vApplicationStackOverflowHook
                0x000000000800060c        0x2 Core/Src/freertos.o
                0x000000000800060c                vApplicationStackOverflowHook
 .text.vApplicationMallocFailedHook
                0x000000000800060e        0x2 Core/Src/freertos.o
                0x000000000800060e                vApplicationMallocFailedHook
 .text.vApplicationDaemonTaskStartupHook
                0x0000000008000610        0x2 Core/Src/freertos.o
                0x0000000008000610                vApplicationDaemonTaskStartupHook
 .text.StartDefaultTask
                0x0000000008000612        0xa Core/Src/main.o
                0x0000000008000612                StartDefaultTask
 .text.StartKeyboardTask
                0x000000000800061c       0x38 Core/Src/main.o
                0x000000000800061c                StartKeyboardTask
 *fill*         0x0000000008000654        0x4 
 .text.StartScanerTask
                0x0000000008000658      0x2a8 Core/Src/main.o
                0x0000000008000658                StartScanerTask
 .text.SystemClock_Config
                0x0000000008000900       0xb0 Core/Src/main.o
                0x0000000008000900                SystemClock_Config
 .text.startup.main
                0x00000000080009b0      0x5e8 Core/Src/main.o
                0x00000000080009b0                main
 .text.Clear_Counter
                0x0000000008000f98       0x48 Core/Src/main.o
                0x0000000008000f98                Clear_Counter
 .text.StartContainerDetectTask
                0x0000000008000fe0       0x48 Core/Src/main.o
                0x0000000008000fe0                StartContainerDetectTask
 .text.Nybble   0x0000000008001028       0x18 Core/Src/main.o
                0x0000000008001028                Nybble
 .text.CommandLCD
                0x0000000008001040       0x48 Core/Src/main.o
                0x0000000008001040                CommandLCD
 .text.TuningLCD
                0x0000000008001088       0x78 Core/Src/main.o
                0x0000000008001088                TuningLCD
 .text.WriteLCD
                0x0000000008001100       0x48 Core/Src/main.o
                0x0000000008001100                WriteLCD
 .text.StartLCDTask
                0x0000000008001148       0x7c Core/Src/main.o
                0x0000000008001148                StartLCDTask
 .text.HAL_TIM_PeriodElapsedCallback
                0x00000000080011c4       0x14 Core/Src/main.o
                0x00000000080011c4                HAL_TIM_PeriodElapsedCallback
 .text.Error_Handler
                0x00000000080011d8        0x4 Core/Src/main.o
                0x00000000080011d8                Error_Handler
 .text.HAL_MspInit
                0x00000000080011dc       0x30 Core/Src/stm32h7xx_hal_msp.o
                0x00000000080011dc                HAL_MspInit
 .text.HAL_COMP_MspInit
                0x000000000800120c      0x120 Core/Src/stm32h7xx_hal_msp.o
                0x000000000800120c                HAL_COMP_MspInit
 .text.HAL_ETH_MspInit
                0x000000000800132c      0x13c Core/Src/stm32h7xx_hal_msp.o
                0x000000000800132c                HAL_ETH_MspInit
 .text.HAL_TIM_Base_MspInit
                0x0000000008001468      0x15c Core/Src/stm32h7xx_hal_msp.o
                0x0000000008001468                HAL_TIM_Base_MspInit
 .text.HAL_TIM_MspPostInit
                0x00000000080015c4       0x60 Core/Src/stm32h7xx_hal_msp.o
                0x00000000080015c4                HAL_TIM_MspPostInit
 .text.HAL_UART_MspInit
                0x0000000008001624       0x94 Core/Src/stm32h7xx_hal_msp.o
                0x0000000008001624                HAL_UART_MspInit
 .text.HAL_InitTick
                0x00000000080016b8       0x90 Core/Src/stm32h7xx_hal_timebase_tim.o
                0x00000000080016b8                HAL_InitTick
 .text.NMI_Handler
                0x0000000008001748        0x2 Core/Src/stm32h7xx_it.o
                0x0000000008001748                NMI_Handler
 .text.HardFault_Handler
                0x000000000800174a        0x2 Core/Src/stm32h7xx_it.o
                0x000000000800174a                HardFault_Handler
 .text.MemManage_Handler
                0x000000000800174c        0x2 Core/Src/stm32h7xx_it.o
                0x000000000800174c                MemManage_Handler
 .text.BusFault_Handler
                0x000000000800174e        0x2 Core/Src/stm32h7xx_it.o
                0x000000000800174e                BusFault_Handler
 .text.UsageFault_Handler
                0x0000000008001750        0x2 Core/Src/stm32h7xx_it.o
                0x0000000008001750                UsageFault_Handler
 .text.DebugMon_Handler
                0x0000000008001752        0x2 Core/Src/stm32h7xx_it.o
                0x0000000008001752                DebugMon_Handler
 .text.DMA1_Stream0_IRQHandler
                0x0000000008001754        0xc Core/Src/stm32h7xx_it.o
                0x0000000008001754                DMA1_Stream0_IRQHandler
 .text.DMA1_Stream1_IRQHandler
                0x0000000008001760        0xc Core/Src/stm32h7xx_it.o
                0x0000000008001760                DMA1_Stream1_IRQHandler
 .text.DMA1_Stream2_IRQHandler
                0x000000000800176c        0xc Core/Src/stm32h7xx_it.o
                0x000000000800176c                DMA1_Stream2_IRQHandler
 .text.TIM1_UP_IRQHandler
                0x0000000008001778        0xc Core/Src/stm32h7xx_it.o
                0x0000000008001778                TIM1_UP_IRQHandler
 .text.TIM3_IRQHandler
                0x0000000008001784        0xc Core/Src/stm32h7xx_it.o
                0x0000000008001784                TIM3_IRQHandler
 .text.SystemInit
                0x0000000008001790       0xac Core/Src/system_stm32h7xx.o
                0x0000000008001790                SystemInit
 .text.Reset_Handler
                0x000000000800183c       0x50 Core/Startup/startup_stm32h723zgtx.o
                0x000000000800183c                Reset_Handler
 .text.Default_Handler
                0x000000000800188c        0x2 Core/Startup/startup_stm32h723zgtx.o
                0x000000000800188c                RTC_Alarm_IRQHandler
                0x000000000800188c                EXTI2_IRQHandler
                0x000000000800188c                TIM8_CC_IRQHandler
                0x000000000800188c                UART8_IRQHandler
                0x000000000800188c                SPI4_IRQHandler
                0x000000000800188c                FDCAN3_IT0_IRQHandler
                0x000000000800188c                TIM1_CC_IRQHandler
                0x000000000800188c                BDMA_Channel6_IRQHandler
                0x000000000800188c                DMA2_Stream5_IRQHandler
                0x000000000800188c                DMA1_Stream5_IRQHandler
                0x000000000800188c                CORDIC_IRQHandler
                0x000000000800188c                BDMA_Channel1_IRQHandler
                0x000000000800188c                TAMP_STAMP_IRQHandler
                0x000000000800188c                EXTI3_IRQHandler
                0x000000000800188c                LPTIM4_IRQHandler
                0x000000000800188c                TIM8_TRG_COM_TIM14_IRQHandler
                0x000000000800188c                LPTIM2_IRQHandler
                0x000000000800188c                DFSDM1_FLT1_IRQHandler
                0x000000000800188c                DMAMUX2_OVR_IRQHandler
                0x000000000800188c                TIM8_UP_TIM13_IRQHandler
                0x000000000800188c                I2C3_ER_IRQHandler
                0x000000000800188c                DFSDM1_FLT2_IRQHandler
                0x000000000800188c                I2C5_EV_IRQHandler
                0x000000000800188c                USART10_IRQHandler
                0x000000000800188c                MDMA_IRQHandler
                0x000000000800188c                LPTIM3_IRQHandler
                0x000000000800188c                HSEM1_IRQHandler
                0x000000000800188c                EXTI0_IRQHandler
                0x000000000800188c                I2C2_EV_IRQHandler
                0x000000000800188c                FPU_IRQHandler
                0x000000000800188c                OTG_HS_WKUP_IRQHandler
                0x000000000800188c                FDCAN1_IT1_IRQHandler
                0x000000000800188c                LTDC_ER_IRQHandler
                0x000000000800188c                DMA2_Stream2_IRQHandler
                0x000000000800188c                SPI1_IRQHandler
                0x000000000800188c                OCTOSPI1_IRQHandler
                0x000000000800188c                TIM6_DAC_IRQHandler
                0x000000000800188c                DMA2_Stream3_IRQHandler
                0x000000000800188c                OCTOSPI2_IRQHandler
                0x000000000800188c                DFSDM1_FLT3_IRQHandler
                0x000000000800188c                TIM23_IRQHandler
                0x000000000800188c                USART6_IRQHandler
                0x000000000800188c                TIM17_IRQHandler
                0x000000000800188c                USART3_IRQHandler
                0x000000000800188c                BDMA_Channel7_IRQHandler
                0x000000000800188c                LPTIM5_IRQHandler
                0x000000000800188c                UART5_IRQHandler
                0x000000000800188c                ADC3_IRQHandler
                0x000000000800188c                DMA2_Stream0_IRQHandler
                0x000000000800188c                TIM4_IRQHandler
                0x000000000800188c                BDMA_Channel2_IRQHandler
                0x000000000800188c                I2C1_EV_IRQHandler
                0x000000000800188c                DMA1_Stream6_IRQHandler
                0x000000000800188c                DMAMUX1_OVR_IRQHandler
                0x000000000800188c                TIM16_IRQHandler
                0x000000000800188c                UART4_IRQHandler
                0x000000000800188c                BDMA_Channel5_IRQHandler
                0x000000000800188c                RCC_IRQHandler
                0x000000000800188c                UART9_IRQHandler
                0x000000000800188c                TIM8_BRK_TIM12_IRQHandler
                0x000000000800188c                TIM1_TRG_COM_IRQHandler
                0x000000000800188c                Default_Handler
                0x000000000800188c                ECC_IRQHandler
                0x000000000800188c                FMAC_IRQHandler
                0x000000000800188c                CEC_IRQHandler
                0x000000000800188c                EXTI15_10_IRQHandler
                0x000000000800188c                BDMA_Channel0_IRQHandler
                0x000000000800188c                ADC_IRQHandler
                0x000000000800188c                I2C5_ER_IRQHandler
                0x000000000800188c                DMA1_Stream7_IRQHandler
                0x000000000800188c                SPI5_IRQHandler
                0x000000000800188c                TIM7_IRQHandler
                0x000000000800188c                FDCAN3_IT1_IRQHandler
                0x000000000800188c                SDMMC1_IRQHandler
                0x000000000800188c                TIM5_IRQHandler
                0x000000000800188c                DMA2_Stream7_IRQHandler
                0x000000000800188c                TIM15_IRQHandler
                0x000000000800188c                PVD_AVD_IRQHandler
                0x000000000800188c                I2C3_EV_IRQHandler
                0x000000000800188c                EXTI9_5_IRQHandler
                0x000000000800188c                RTC_WKUP_IRQHandler
                0x000000000800188c                LTDC_IRQHandler
                0x000000000800188c                ETH_WKUP_IRQHandler
                0x000000000800188c                SPDIF_RX_IRQHandler
                0x000000000800188c                SPI2_IRQHandler
                0x000000000800188c                OTG_HS_EP1_IN_IRQHandler
                0x000000000800188c                TIM24_IRQHandler
                0x000000000800188c                CRS_IRQHandler
                0x000000000800188c                EXTI4_IRQHandler
                0x000000000800188c                RNG_IRQHandler
                0x000000000800188c                FDCAN2_IT1_IRQHandler
                0x000000000800188c                ETH_IRQHandler
                0x000000000800188c                BDMA_Channel4_IRQHandler
                0x000000000800188c                OTG_HS_EP1_OUT_IRQHandler
                0x000000000800188c                WWDG_IRQHandler
                0x000000000800188c                SPI6_IRQHandler
                0x000000000800188c                MDIOS_IRQHandler
                0x000000000800188c                I2C4_EV_IRQHandler
                0x000000000800188c                FDCAN2_IT0_IRQHandler
                0x000000000800188c                LPUART1_IRQHandler
                0x000000000800188c                FDCAN1_IT0_IRQHandler
                0x000000000800188c                TIM2_IRQHandler
                0x000000000800188c                OTG_HS_IRQHandler
                0x000000000800188c                DMA2D_IRQHandler
                0x000000000800188c                TIM1_BRK_IRQHandler
                0x000000000800188c                EXTI1_IRQHandler
                0x000000000800188c                SDMMC2_IRQHandler
                0x000000000800188c                BDMA_Channel3_IRQHandler
                0x000000000800188c                DTS_IRQHandler
                0x000000000800188c                UART7_IRQHandler
                0x000000000800188c                MDIOS_WKUP_IRQHandler
                0x000000000800188c                USART2_IRQHandler
                0x000000000800188c                DFSDM1_FLT0_IRQHandler
                0x000000000800188c                SAI4_IRQHandler
                0x000000000800188c                I2C2_ER_IRQHandler
                0x000000000800188c                DMA2_Stream1_IRQHandler
                0x000000000800188c                FLASH_IRQHandler
                0x000000000800188c                DMA2_Stream4_IRQHandler
                0x000000000800188c                USART1_IRQHandler
                0x000000000800188c                SPI3_IRQHandler
                0x000000000800188c                WAKEUP_PIN_IRQHandler
                0x000000000800188c                DMA1_Stream4_IRQHandler
                0x000000000800188c                I2C1_ER_IRQHandler
                0x000000000800188c                FMC_IRQHandler
                0x000000000800188c                FDCAN_CAL_IRQHandler
                0x000000000800188c                SWPMI1_IRQHandler
                0x000000000800188c                COMP1_IRQHandler
                0x000000000800188c                LPTIM1_IRQHandler
                0x000000000800188c                DCMI_PSSI_IRQHandler
                0x000000000800188c                I2C4_ER_IRQHandler
                0x000000000800188c                DMA2_Stream6_IRQHandler
                0x000000000800188c                SAI1_IRQHandler
                0x000000000800188c                DMA1_Stream3_IRQHandler
 *fill*         0x000000000800188e        0x2 
 .text.HAL_Init
                0x0000000008001890       0x5c Drivers/STM32H7xx_HAL_Driver/Src/stm32h7xx_hal.o
                0x0000000008001890                HAL_Init
 .text.HAL_IncTick
                0x00000000080018ec       0x18 Drivers/STM32H7xx_HAL_Driver/Src/stm32h7xx_hal.o
                0x00000000080018ec                HAL_IncTick
 .text.HAL_GetTick
                0x0000000008001904        0xc Drivers/STM32H7xx_HAL_Driver/Src/stm32h7xx_hal.o
                0x0000000008001904                HAL_GetTick
 .text.HAL_Delay
                0x0000000008001910       0x24 Drivers/STM32H7xx_HAL_Driver/Src/stm32h7xx_hal.o
                0x0000000008001910                HAL_Delay
 .text.HAL_SYSCFG_ETHInterfaceSelect
                0x0000000008001934       0x14 Drivers/STM32H7xx_HAL_Driver/Src/stm32h7xx_hal.o
                0x0000000008001934                HAL_SYSCFG_ETHInterfaceSelect
 .text.HAL_COMP_Init
                0x0000000008001948      0x130 Drivers/STM32H7xx_HAL_Driver/Src/stm32h7xx_hal_comp.o
                0x0000000008001948                HAL_COMP_Init
 .text.HAL_NVIC_SetPriorityGrouping
                0x0000000008001a78       0x24 Drivers/STM32H7xx_HAL_Driver/Src/stm32h7xx_hal_cortex.o
                0x0000000008001a78                HAL_NVIC_SetPriorityGrouping
 .text.HAL_NVIC_SetPriority
                0x0000000008001a9c       0x64 Drivers/STM32H7xx_HAL_Driver/Src/stm32h7xx_hal_cortex.o
                0x0000000008001a9c                HAL_NVIC_SetPriority
 .text.HAL_NVIC_EnableIRQ
                0x0000000008001b00       0x1c Drivers/STM32H7xx_HAL_Driver/Src/stm32h7xx_hal_cortex.o
                0x0000000008001b00                HAL_NVIC_EnableIRQ
 .text.DMA_CalcBaseAndBitshift
                0x0000000008001b1c       0x9c Drivers/STM32H7xx_HAL_Driver/Src/stm32h7xx_hal_dma.o
 .text.DMA_CalcDMAMUXChannelBaseAndMask
                0x0000000008001bb8       0x90 Drivers/STM32H7xx_HAL_Driver/Src/stm32h7xx_hal_dma.o
 .text.DMA_CalcDMAMUXRequestGenBaseAndMask
                0x0000000008001c48       0x70 Drivers/STM32H7xx_HAL_Driver/Src/stm32h7xx_hal_dma.o
 .text.HAL_DMA_Init
                0x0000000008001cb8      0x37c Drivers/STM32H7xx_HAL_Driver/Src/stm32h7xx_hal_dma.o
                0x0000000008001cb8                HAL_DMA_Init
 .text.HAL_DMA_IRQHandler
                0x0000000008002034      0x550 Drivers/STM32H7xx_HAL_Driver/Src/stm32h7xx_hal_dma.o
                0x0000000008002034                HAL_DMA_IRQHandler
 .text.ETH_SetMACConfig
                0x0000000008002584      0x1b2 Drivers/STM32H7xx_HAL_Driver/Src/stm32h7xx_hal_eth.o
 *fill*         0x0000000008002736        0x2 
 .text.ETH_SetDMAConfig
                0x0000000008002738       0x90 Drivers/STM32H7xx_HAL_Driver/Src/stm32h7xx_hal_eth.o
 .text.HAL_ETH_SetMDIOClockRange
                0x00000000080027c8       0x78 Drivers/STM32H7xx_HAL_Driver/Src/stm32h7xx_hal_eth.o
                0x00000000080027c8                HAL_ETH_SetMDIOClockRange
 .text.HAL_ETH_Init
                0x0000000008002840      0x210 Drivers/STM32H7xx_HAL_Driver/Src/stm32h7xx_hal_eth.o
                0x0000000008002840                HAL_ETH_Init
 .text.HAL_GPIO_Init
                0x0000000008002a50      0x1c0 Drivers/STM32H7xx_HAL_Driver/Src/stm32h7xx_hal_gpio.o
                0x0000000008002a50                HAL_GPIO_Init
 .text.HAL_GPIO_ReadPin
                0x0000000008002c10        0xc Drivers/STM32H7xx_HAL_Driver/Src/stm32h7xx_hal_gpio.o
                0x0000000008002c10                HAL_GPIO_ReadPin
 .text.HAL_GPIO_WritePin
                0x0000000008002c1c        0xa Drivers/STM32H7xx_HAL_Driver/Src/stm32h7xx_hal_gpio.o
                0x0000000008002c1c                HAL_GPIO_WritePin
 *fill*         0x0000000008002c26        0x2 
 .text.HAL_PWREx_ConfigSupply
                0x0000000008002c28       0x48 Drivers/STM32H7xx_HAL_Driver/Src/stm32h7xx_hal_pwr_ex.o
                0x0000000008002c28                HAL_PWREx_ConfigSupply
 .text.HAL_RCC_OscConfig
                0x0000000008002c70      0x4ac Drivers/STM32H7xx_HAL_Driver/Src/stm32h7xx_hal_rcc.o
                0x0000000008002c70                HAL_RCC_OscConfig
 .text.HAL_RCC_MCOConfig
                0x000000000800311c       0x9c Drivers/STM32H7xx_HAL_Driver/Src/stm32h7xx_hal_rcc.o
                0x000000000800311c                HAL_RCC_MCOConfig
 .text.HAL_RCC_GetSysClockFreq
                0x00000000080031b8      0x140 Drivers/STM32H7xx_HAL_Driver/Src/stm32h7xx_hal_rcc.o
                0x00000000080031b8                HAL_RCC_GetSysClockFreq
 .text.HAL_RCC_ClockConfig
                0x00000000080032f8      0x24c Drivers/STM32H7xx_HAL_Driver/Src/stm32h7xx_hal_rcc.o
                0x00000000080032f8                HAL_RCC_ClockConfig
 .text.HAL_RCC_GetHCLKFreq
                0x0000000008003544       0x44 Drivers/STM32H7xx_HAL_Driver/Src/stm32h7xx_hal_rcc.o
                0x0000000008003544                HAL_RCC_GetHCLKFreq
 .text.HAL_RCC_GetPCLK1Freq
                0x0000000008003588       0x24 Drivers/STM32H7xx_HAL_Driver/Src/stm32h7xx_hal_rcc.o
                0x0000000008003588                HAL_RCC_GetPCLK1Freq
 .text.HAL_RCC_GetPCLK2Freq
                0x00000000080035ac       0x24 Drivers/STM32H7xx_HAL_Driver/Src/stm32h7xx_hal_rcc.o
                0x00000000080035ac                HAL_RCC_GetPCLK2Freq
 .text.HAL_RCC_GetClockConfig
                0x00000000080035d0       0x54 Drivers/STM32H7xx_HAL_Driver/Src/stm32h7xx_hal_rcc.o
                0x00000000080035d0                HAL_RCC_GetClockConfig
 .text.RCCEx_PLL2_Config
                0x0000000008003624       0xf0 Drivers/STM32H7xx_HAL_Driver/Src/stm32h7xx_hal_rcc_ex.o
 .text.RCCEx_PLL3_Config
                0x0000000008003714       0xf0 Drivers/STM32H7xx_HAL_Driver/Src/stm32h7xx_hal_rcc_ex.o
 .text.HAL_RCCEx_PeriphCLKConfig
                0x0000000008003804      0x8f0 Drivers/STM32H7xx_HAL_Driver/Src/stm32h7xx_hal_rcc_ex.o
                0x0000000008003804                HAL_RCCEx_PeriphCLKConfig
 .text.HAL_RCCEx_GetD3PCLK1Freq
                0x00000000080040f4       0x24 Drivers/STM32H7xx_HAL_Driver/Src/stm32h7xx_hal_rcc_ex.o
                0x00000000080040f4                HAL_RCCEx_GetD3PCLK1Freq
 .text.HAL_RCCEx_GetPLL2ClockFreq
                0x0000000008004118      0x150 Drivers/STM32H7xx_HAL_Driver/Src/stm32h7xx_hal_rcc_ex.o
                0x0000000008004118                HAL_RCCEx_GetPLL2ClockFreq
 .text.HAL_RCCEx_GetPLL3ClockFreq
                0x0000000008004268      0x150 Drivers/STM32H7xx_HAL_Driver/Src/stm32h7xx_hal_rcc_ex.o
                0x0000000008004268                HAL_RCCEx_GetPLL3ClockFreq
 .text.TIM_OC1_SetConfig
                0x00000000080043b8       0x98 Drivers/STM32H7xx_HAL_Driver/Src/stm32h7xx_hal_tim.o
 .text.TIM_OC3_SetConfig
                0x0000000008004450       0x84 Drivers/STM32H7xx_HAL_Driver/Src/stm32h7xx_hal_tim.o
 .text.TIM_OC4_SetConfig
                0x00000000080044d4       0x64 Drivers/STM32H7xx_HAL_Driver/Src/stm32h7xx_hal_tim.o
 .text.TIM_OC5_SetConfig
                0x0000000008004538       0x64 Drivers/STM32H7xx_HAL_Driver/Src/stm32h7xx_hal_tim.o
 .text.TIM_OC6_SetConfig
                0x000000000800459c       0x64 Drivers/STM32H7xx_HAL_Driver/Src/stm32h7xx_hal_tim.o
 .text.HAL_TIM_Base_Start_IT
                0x0000000008004600       0x8c Drivers/STM32H7xx_HAL_Driver/Src/stm32h7xx_hal_tim.o
                0x0000000008004600                HAL_TIM_Base_Start_IT
 .text.HAL_TIM_OC_MspInit
                0x000000000800468c        0x2 Drivers/STM32H7xx_HAL_Driver/Src/stm32h7xx_hal_tim.o
                0x000000000800468c                HAL_TIM_OC_MspInit
 .text.HAL_TIM_PWM_MspInit
                0x000000000800468e        0x2 Drivers/STM32H7xx_HAL_Driver/Src/stm32h7xx_hal_tim.o
                0x000000000800468e                HAL_TIM_PWM_MspInit
 .text.HAL_TIM_OC_DelayElapsedCallback
                0x0000000008004690        0x2 Drivers/STM32H7xx_HAL_Driver/Src/stm32h7xx_hal_tim.o
                0x0000000008004690                HAL_TIM_OC_DelayElapsedCallback
 .text.HAL_TIM_IC_CaptureCallback
                0x0000000008004692        0x2 Drivers/STM32H7xx_HAL_Driver/Src/stm32h7xx_hal_tim.o
                0x0000000008004692                HAL_TIM_IC_CaptureCallback
 .text.HAL_TIM_PWM_PulseFinishedCallback
                0x0000000008004694        0x2 Drivers/STM32H7xx_HAL_Driver/Src/stm32h7xx_hal_tim.o
                0x0000000008004694                HAL_TIM_PWM_PulseFinishedCallback
 .text.HAL_TIM_TriggerCallback
                0x0000000008004696        0x2 Drivers/STM32H7xx_HAL_Driver/Src/stm32h7xx_hal_tim.o
                0x0000000008004696                HAL_TIM_TriggerCallback
 .text.HAL_TIM_IRQHandler
                0x0000000008004698      0x160 Drivers/STM32H7xx_HAL_Driver/Src/stm32h7xx_hal_tim.o
                0x0000000008004698                HAL_TIM_IRQHandler
 .text.TIM_Base_SetConfig
                0x00000000080047f8       0xdc Drivers/STM32H7xx_HAL_Driver/Src/stm32h7xx_hal_tim.o
                0x00000000080047f8                TIM_Base_SetConfig
 .text.HAL_TIM_Base_Init
                0x00000000080048d4       0x60 Drivers/STM32H7xx_HAL_Driver/Src/stm32h7xx_hal_tim.o
                0x00000000080048d4                HAL_TIM_Base_Init
 .text.HAL_TIM_OC_Init
                0x0000000008004934       0x60 Drivers/STM32H7xx_HAL_Driver/Src/stm32h7xx_hal_tim.o
                0x0000000008004934                HAL_TIM_OC_Init
 .text.HAL_TIM_PWM_Init
                0x0000000008004994       0x60 Drivers/STM32H7xx_HAL_Driver/Src/stm32h7xx_hal_tim.o
                0x0000000008004994                HAL_TIM_PWM_Init
 .text.TIM_OC2_SetConfig
                0x00000000080049f4       0x8c Drivers/STM32H7xx_HAL_Driver/Src/stm32h7xx_hal_tim.o
                0x00000000080049f4                TIM_OC2_SetConfig
 .text.HAL_TIM_OC_ConfigChannel
                0x0000000008004a80       0x66 Drivers/STM32H7xx_HAL_Driver/Src/stm32h7xx_hal_tim.o
                0x0000000008004a80                HAL_TIM_OC_ConfigChannel
 .text.HAL_TIM_PWM_ConfigChannel
                0x0000000008004ae6      0x102 Drivers/STM32H7xx_HAL_Driver/Src/stm32h7xx_hal_tim.o
                0x0000000008004ae6                HAL_TIM_PWM_ConfigChannel
 .text.TIM_ETR_SetConfig
                0x0000000008004be8       0x14 Drivers/STM32H7xx_HAL_Driver/Src/stm32h7xx_hal_tim.o
                0x0000000008004be8                TIM_ETR_SetConfig
 .text.HAL_TIM_ConfigClockSource
                0x0000000008004bfc      0x160 Drivers/STM32H7xx_HAL_Driver/Src/stm32h7xx_hal_tim.o
                0x0000000008004bfc                HAL_TIM_ConfigClockSource
 .text.HAL_TIMEx_MasterConfigSynchronization
                0x0000000008004d5c       0xa4 Drivers/STM32H7xx_HAL_Driver/Src/stm32h7xx_hal_tim_ex.o
                0x0000000008004d5c                HAL_TIMEx_MasterConfigSynchronization
 .text.HAL_TIMEx_ConfigBreakDeadTime
                0x0000000008004e00       0x84 Drivers/STM32H7xx_HAL_Driver/Src/stm32h7xx_hal_tim_ex.o
                0x0000000008004e00                HAL_TIMEx_ConfigBreakDeadTime
 .text.HAL_TIMEx_CommutCallback
                0x0000000008004e84        0x2 Drivers/STM32H7xx_HAL_Driver/Src/stm32h7xx_hal_tim_ex.o
                0x0000000008004e84                HAL_TIMEx_CommutCallback
 .text.HAL_TIMEx_BreakCallback
                0x0000000008004e86        0x2 Drivers/STM32H7xx_HAL_Driver/Src/stm32h7xx_hal_tim_ex.o
                0x0000000008004e86                HAL_TIMEx_BreakCallback
 .text.HAL_TIMEx_Break2Callback
                0x0000000008004e88        0x2 Drivers/STM32H7xx_HAL_Driver/Src/stm32h7xx_hal_tim_ex.o
                0x0000000008004e88                HAL_TIMEx_Break2Callback
 *fill*         0x0000000008004e8a        0x2 
 .text.UART_SetConfig
                0x0000000008004e8c      0x3dc Drivers/STM32H7xx_HAL_Driver/Src/stm32h7xx_hal_uart.o
                0x0000000008004e8c                UART_SetConfig
 .text.UART_AdvFeatureConfig
                0x0000000008005268       0xaa Drivers/STM32H7xx_HAL_Driver/Src/stm32h7xx_hal_uart.o
                0x0000000008005268                UART_AdvFeatureConfig
 .text.UART_WaitOnFlagUntilTimeout
                0x0000000008005312       0x94 Drivers/STM32H7xx_HAL_Driver/Src/stm32h7xx_hal_uart.o
                0x0000000008005312                UART_WaitOnFlagUntilTimeout
 .text.UART_CheckIdleState
                0x00000000080053a6       0x6a Drivers/STM32H7xx_HAL_Driver/Src/stm32h7xx_hal_uart.o
                0x00000000080053a6                UART_CheckIdleState
 .text.HAL_UART_Init
                0x0000000008005410       0x60 Drivers/STM32H7xx_HAL_Driver/Src/stm32h7xx_hal_uart.o
                0x0000000008005410                HAL_UART_Init
 .text.UARTEx_SetNbDataToProcess
                0x0000000008005470       0x44 Drivers/STM32H7xx_HAL_Driver/Src/stm32h7xx_hal_uart_ex.o
 .text.HAL_UARTEx_DisableFifoMode
                0x00000000080054b4       0x36 Drivers/STM32H7xx_HAL_Driver/Src/stm32h7xx_hal_uart_ex.o
                0x00000000080054b4                HAL_UARTEx_DisableFifoMode
 .text.HAL_UARTEx_SetTxFifoThreshold
                0x00000000080054ea       0x48 Drivers/STM32H7xx_HAL_Driver/Src/stm32h7xx_hal_uart_ex.o
                0x00000000080054ea                HAL_UARTEx_SetTxFifoThreshold
 .text.HAL_UARTEx_SetRxFifoThreshold
                0x0000000008005532       0x48 Drivers/STM32H7xx_HAL_Driver/Src/stm32h7xx_hal_uart_ex.o
                0x0000000008005532                HAL_UARTEx_SetRxFifoThreshold
 *fill*         0x000000000800557a        0x2 
 .text.SysTick_Handler
                0x000000000800557c       0x1c Middlewares/Third_Party/FreeRTOS/Source/CMSIS_RTOS_V2/cmsis_os2.o
                0x000000000800557c                SysTick_Handler
 .text.osKernelInitialize
                0x0000000008005598       0x30 Middlewares/Third_Party/FreeRTOS/Source/CMSIS_RTOS_V2/cmsis_os2.o
                0x0000000008005598                osKernelInitialize
 .text.osKernelStart
                0x00000000080055c8       0x34 Middlewares/Third_Party/FreeRTOS/Source/CMSIS_RTOS_V2/cmsis_os2.o
                0x00000000080055c8                osKernelStart
 .text.osThreadNew
                0x00000000080055fc       0x92 Middlewares/Third_Party/FreeRTOS/Source/CMSIS_RTOS_V2/cmsis_os2.o
                0x00000000080055fc                osThreadNew
 .text.osDelay  0x000000000800568e       0x18 Middlewares/Third_Party/FreeRTOS/Source/CMSIS_RTOS_V2/cmsis_os2.o
                0x000000000800568e                osDelay
 .text.osEventFlagsNew
                0x00000000080056a6       0x22 Middlewares/Third_Party/FreeRTOS/Source/CMSIS_RTOS_V2/cmsis_os2.o
                0x00000000080056a6                osEventFlagsNew
 .text.osEventFlagsSet
                0x00000000080056c8       0x50 Middlewares/Third_Party/FreeRTOS/Source/CMSIS_RTOS_V2/cmsis_os2.o
                0x00000000080056c8                osEventFlagsSet
 .text.osEventFlagsGet
                0x0000000008005718       0x12 Middlewares/Third_Party/FreeRTOS/Source/CMSIS_RTOS_V2/cmsis_os2.o
                0x0000000008005718                osEventFlagsGet
 .text.osEventFlagsWait
                0x000000000800572a       0x54 Middlewares/Third_Party/FreeRTOS/Source/CMSIS_RTOS_V2/cmsis_os2.o
                0x000000000800572a                osEventFlagsWait
 *fill*         0x000000000800577e        0x2 
 .text.vApplicationGetIdleTaskMemory
                0x0000000008005780       0x18 Middlewares/Third_Party/FreeRTOS/Source/CMSIS_RTOS_V2/cmsis_os2.o
                0x0000000008005780                vApplicationGetIdleTaskMemory
 .text.vApplicationGetTimerTaskMemory
                0x0000000008005798       0x18 Middlewares/Third_Party/FreeRTOS/Source/CMSIS_RTOS_V2/cmsis_os2.o
                0x0000000008005798                vApplicationGetTimerTaskMemory
 .text.xEventGroupCreateStatic
                0x00000000080057b0       0x48 Middlewares/Third_Party/FreeRTOS/Source/event_groups.o
                0x00000000080057b0                xEventGroupCreateStatic
 .text.xEventGroupCreate
                0x00000000080057f8       0x1c Middlewares/Third_Party/FreeRTOS/Source/event_groups.o
                0x00000000080057f8                xEventGroupCreate
 .text.xEventGroupWaitBits
                0x0000000008005814      0x110 Middlewares/Third_Party/FreeRTOS/Source/event_groups.o
                0x0000000008005814                xEventGroupWaitBits
 .text.xEventGroupClearBits
                0x0000000008005924       0x46 Middlewares/Third_Party/FreeRTOS/Source/event_groups.o
                0x0000000008005924                xEventGroupClearBits
 .text.xEventGroupGetBitsFromISR
                0x000000000800596a       0x1c Middlewares/Third_Party/FreeRTOS/Source/event_groups.o
                0x000000000800596a                xEventGroupGetBitsFromISR
 .text.xEventGroupSetBits
                0x0000000008005986       0x86 Middlewares/Third_Party/FreeRTOS/Source/event_groups.o
                0x0000000008005986                xEventGroupSetBits
 .text.vEventGroupSetBitsCallback
                0x0000000008005a0c        0x4 Middlewares/Third_Party/FreeRTOS/Source/event_groups.o
                0x0000000008005a0c                vEventGroupSetBitsCallback
 .text.xEventGroupSetBitsFromISR
                0x0000000008005a10       0x10 Middlewares/Third_Party/FreeRTOS/Source/event_groups.o
                0x0000000008005a10                xEventGroupSetBitsFromISR
 .text.vListInitialise
                0x0000000008005a20       0x16 Middlewares/Third_Party/FreeRTOS/Source/list.o
                0x0000000008005a20                vListInitialise
 .text.vListInitialiseItem
                0x0000000008005a36        0x6 Middlewares/Third_Party/FreeRTOS/Source/list.o
                0x0000000008005a36                vListInitialiseItem
 .text.vListInsertEnd
                0x0000000008005a3c       0x18 Middlewares/Third_Party/FreeRTOS/Source/list.o
                0x0000000008005a3c                vListInsertEnd
 .text.vListInsert
                0x0000000008005a54       0x2e Middlewares/Third_Party/FreeRTOS/Source/list.o
                0x0000000008005a54                vListInsert
 .text.uxListRemove
                0x0000000008005a82       0x20 Middlewares/Third_Party/FreeRTOS/Source/list.o
                0x0000000008005a82                uxListRemove
 .text.prvIsQueueEmpty
                0x0000000008005aa2       0x16 Middlewares/Third_Party/FreeRTOS/Source/queue.o
 .text.prvCopyDataToQueue
                0x0000000008005ab8       0x6a Middlewares/Third_Party/FreeRTOS/Source/queue.o
 .text.prvCopyDataFromQueue
                0x0000000008005b22       0x2a Middlewares/Third_Party/FreeRTOS/Source/queue.o
 .text.prvUnlockQueue
                0x0000000008005b4c       0x70 Middlewares/Third_Party/FreeRTOS/Source/queue.o
 .text.xQueueGenericReset
                0x0000000008005bbc       0x80 Middlewares/Third_Party/FreeRTOS/Source/queue.o
                0x0000000008005bbc                xQueueGenericReset
 .text.xQueueGenericCreateStatic
                0x0000000008005c3c       0x9c Middlewares/Third_Party/FreeRTOS/Source/queue.o
                0x0000000008005c3c                xQueueGenericCreateStatic
 .text.xQueueGenericSend
                0x0000000008005cd8      0x164 Middlewares/Third_Party/FreeRTOS/Source/queue.o
                0x0000000008005cd8                xQueueGenericSend
 .text.xQueueGenericSendFromISR
                0x0000000008005e3c       0xc4 Middlewares/Third_Party/FreeRTOS/Source/queue.o
                0x0000000008005e3c                xQueueGenericSendFromISR
 .text.xQueueReceive
                0x0000000008005f00      0x140 Middlewares/Third_Party/FreeRTOS/Source/queue.o
                0x0000000008005f00                xQueueReceive
 .text.vQueueAddToRegistry
                0x0000000008006040       0x24 Middlewares/Third_Party/FreeRTOS/Source/queue.o
                0x0000000008006040                vQueueAddToRegistry
 .text.vQueueWaitForMessageRestricted
                0x0000000008006064       0x46 Middlewares/Third_Party/FreeRTOS/Source/queue.o
                0x0000000008006064                vQueueWaitForMessageRestricted
 *fill*         0x00000000080060aa        0x2 
 .text.prvAddNewTaskToReadyList
                0x00000000080060ac       0xfc Middlewares/Third_Party/FreeRTOS/Source/tasks.o
 .text.prvResetNextTaskUnblockTime
                0x00000000080061a8       0x24 Middlewares/Third_Party/FreeRTOS/Source/tasks.o
 .text.prvInitialiseNewTask.isra.0
                0x00000000080061cc       0x9c Middlewares/Third_Party/FreeRTOS/Source/tasks.o
 .text.prvDeleteTCB
                0x0000000008006268       0x36 Middlewares/Third_Party/FreeRTOS/Source/tasks.o
 *fill*         0x000000000800629e        0x2 
 .text.prvIdleTask
                0x00000000080062a0       0x68 Middlewares/Third_Party/FreeRTOS/Source/tasks.o
 .text.prvAddCurrentTaskToDelayedList
                0x0000000008006308       0x74 Middlewares/Third_Party/FreeRTOS/Source/tasks.o
 .text.xTaskCreateStatic
                0x000000000800637c       0x70 Middlewares/Third_Party/FreeRTOS/Source/tasks.o
                0x000000000800637c                xTaskCreateStatic
 .text.xTaskCreate
                0x00000000080063ec       0x5a Middlewares/Third_Party/FreeRTOS/Source/tasks.o
                0x00000000080063ec                xTaskCreate
 *fill*         0x0000000008006446        0x2 
 .text.vTaskStartScheduler
                0x0000000008006448       0x88 Middlewares/Third_Party/FreeRTOS/Source/tasks.o
                0x0000000008006448                vTaskStartScheduler
 .text.vTaskSuspendAll
                0x00000000080064d0       0x10 Middlewares/Third_Party/FreeRTOS/Source/tasks.o
                0x00000000080064d0                vTaskSuspendAll
 .text.xTaskGetTickCount
                0x00000000080064e0        0xc Middlewares/Third_Party/FreeRTOS/Source/tasks.o
                0x00000000080064e0                xTaskGetTickCount
 .text.xTaskIncrementTick
                0x00000000080064ec      0x138 Middlewares/Third_Party/FreeRTOS/Source/tasks.o
                0x00000000080064ec                xTaskIncrementTick
 .text.xTaskResumeAll
                0x0000000008006624       0xe8 Middlewares/Third_Party/FreeRTOS/Source/tasks.o
                0x0000000008006624                xTaskResumeAll
 .text.vTaskDelay
                0x000000000800670c       0x48 Middlewares/Third_Party/FreeRTOS/Source/tasks.o
                0x000000000800670c                vTaskDelay
 .text.vTaskSwitchContext
                0x0000000008006754       0xa8 Middlewares/Third_Party/FreeRTOS/Source/tasks.o
                0x0000000008006754                vTaskSwitchContext
 .text.vTaskPlaceOnEventList
                0x00000000080067fc       0x34 Middlewares/Third_Party/FreeRTOS/Source/tasks.o
                0x00000000080067fc                vTaskPlaceOnEventList
 .text.vTaskPlaceOnUnorderedEventList
                0x0000000008006830       0x58 Middlewares/Third_Party/FreeRTOS/Source/tasks.o
                0x0000000008006830                vTaskPlaceOnUnorderedEventList
 .text.vTaskPlaceOnEventListRestricted
                0x0000000008006888       0x3c Middlewares/Third_Party/FreeRTOS/Source/tasks.o
                0x0000000008006888                vTaskPlaceOnEventListRestricted
 .text.xTaskRemoveFromEventList
                0x00000000080068c4       0x88 Middlewares/Third_Party/FreeRTOS/Source/tasks.o
                0x00000000080068c4                xTaskRemoveFromEventList
 .text.vTaskRemoveFromUnorderedEventList
                0x000000000800694c       0x88 Middlewares/Third_Party/FreeRTOS/Source/tasks.o
                0x000000000800694c                vTaskRemoveFromUnorderedEventList
 .text.vTaskInternalSetTimeOutState
                0x00000000080069d4       0x18 Middlewares/Third_Party/FreeRTOS/Source/tasks.o
                0x00000000080069d4                vTaskInternalSetTimeOutState
 .text.xTaskCheckForTimeOut
                0x00000000080069ec       0x78 Middlewares/Third_Party/FreeRTOS/Source/tasks.o
                0x00000000080069ec                xTaskCheckForTimeOut
 .text.vTaskMissedYield
                0x0000000008006a64        0xc Middlewares/Third_Party/FreeRTOS/Source/tasks.o
                0x0000000008006a64                vTaskMissedYield
 .text.xTaskGetSchedulerState
                0x0000000008006a70       0x20 Middlewares/Third_Party/FreeRTOS/Source/tasks.o
                0x0000000008006a70                xTaskGetSchedulerState
 .text.xTaskPriorityDisinherit
                0x0000000008006a90       0x88 Middlewares/Third_Party/FreeRTOS/Source/tasks.o
                0x0000000008006a90                xTaskPriorityDisinherit
 .text.uxTaskResetEventItemValue
                0x0000000008006b18       0x18 Middlewares/Third_Party/FreeRTOS/Source/tasks.o
                0x0000000008006b18                uxTaskResetEventItemValue
 .text.prvCheckForValidListAndQueue
                0x0000000008006b30       0x68 Middlewares/Third_Party/FreeRTOS/Source/timers.o
 .text.prvInsertTimerInActiveList
                0x0000000008006b98       0x3c Middlewares/Third_Party/FreeRTOS/Source/timers.o
 .text.xTimerCreateTimerTask
                0x0000000008006bd4       0x64 Middlewares/Third_Party/FreeRTOS/Source/timers.o
                0x0000000008006bd4                xTimerCreateTimerTask
 .text.xTimerGenericCommand
                0x0000000008006c38       0x54 Middlewares/Third_Party/FreeRTOS/Source/timers.o
                0x0000000008006c38                xTimerGenericCommand
 .text.prvSwitchTimerLists
                0x0000000008006c8c       0x7c Middlewares/Third_Party/FreeRTOS/Source/timers.o
 .text.prvTimerTask
                0x0000000008006d08      0x1fc Middlewares/Third_Party/FreeRTOS/Source/timers.o
 .text.xTimerPendFunctionCallFromISR
                0x0000000008006f04       0x28 Middlewares/Third_Party/FreeRTOS/Source/timers.o
                0x0000000008006f04                xTimerPendFunctionCallFromISR
 .text.prvPortStartFirstTask
                0x0000000008006f2c       0x28 Middlewares/Third_Party/FreeRTOS/Source/portable/GCC/ARM_CM4F/port.o
 .text.vPortEnableVFP
                0x0000000008006f54       0x14 Middlewares/Third_Party/FreeRTOS/Source/portable/GCC/ARM_CM4F/port.o
 .text.prvTaskExitError
                0x0000000008006f68       0x40 Middlewares/Third_Party/FreeRTOS/Source/portable/GCC/ARM_CM4F/port.o
 .text.pxPortInitialiseStack
                0x0000000008006fa8       0x24 Middlewares/Third_Party/FreeRTOS/Source/portable/GCC/ARM_CM4F/port.o
                0x0000000008006fa8                pxPortInitialiseStack
 *fill*         0x0000000008006fcc        0x4 
 .text.SVC_Handler
                0x0000000008006fd0       0x24 Middlewares/Third_Party/FreeRTOS/Source/portable/GCC/ARM_CM4F/port.o
                0x0000000008006fd0                SVC_Handler
 .text.vPortEnterCritical
                0x0000000008006ff4       0x44 Middlewares/Third_Party/FreeRTOS/Source/portable/GCC/ARM_CM4F/port.o
                0x0000000008006ff4                vPortEnterCritical
 .text.vPortExitCritical
                0x0000000008007038       0x28 Middlewares/Third_Party/FreeRTOS/Source/portable/GCC/ARM_CM4F/port.o
                0x0000000008007038                vPortExitCritical
 .text.PendSV_Handler
                0x0000000008007060       0x64 Middlewares/Third_Party/FreeRTOS/Source/portable/GCC/ARM_CM4F/port.o
                0x0000000008007060                PendSV_Handler
 .text.xPortSysTickHandler
                0x00000000080070c4       0x2c Middlewares/Third_Party/FreeRTOS/Source/portable/GCC/ARM_CM4F/port.o
                0x00000000080070c4                xPortSysTickHandler
 .text.vPortSetupTimerInterrupt
                0x00000000080070f0       0x34 Middlewares/Third_Party/FreeRTOS/Source/portable/GCC/ARM_CM4F/port.o
                0x00000000080070f0                vPortSetupTimerInterrupt
 .text.xPortStartScheduler
                0x0000000008007124      0x104 Middlewares/Third_Party/FreeRTOS/Source/portable/GCC/ARM_CM4F/port.o
                0x0000000008007124                xPortStartScheduler
 .text.vPortValidateInterruptPriority
                0x0000000008007228       0x5c Middlewares/Third_Party/FreeRTOS/Source/portable/GCC/ARM_CM4F/port.o
                0x0000000008007228                vPortValidateInterruptPriority
 .text.prvInsertBlockIntoFreeList
                0x0000000008007284       0x48 Middlewares/Third_Party/FreeRTOS/Source/portable/MemMang/heap_5.o
 .text.pvPortMalloc
                0x00000000080072cc       0xd0 Middlewares/Third_Party/FreeRTOS/Source/portable/MemMang/heap_5.o
                0x00000000080072cc                pvPortMalloc
 .text.vPortFree
                0x000000000800739c       0x7c Middlewares/Third_Party/FreeRTOS/Source/portable/MemMang/heap_5.o
                0x000000000800739c                vPortFree
 .text.vPortDefineHeapRegions
                0x0000000008007418       0xf8 Middlewares/Third_Party/FreeRTOS/Source/portable/MemMang/heap_5.o
                0x0000000008007418                vPortDefineHeapRegions
 .text.__libc_init_array
                0x0000000008007510       0x48 c:/st/stm32cubeide_1.6.1/stm32cubeide/plugins/com.st.stm32cube.ide.mcu.externaltools.gnu-tools-for-stm32.9-2020-q2-update.win32_1.5.0.202011040924/tools/bin/../lib/gcc/arm-none-eabi/9.3.1/../../../../arm-none-eabi/lib/thumb/v7e-m+dp/hard\libc_nano.a(lib_a-init.o)
                0x0000000008007510                __libc_init_array
 .text.memcpy   0x0000000008007558       0x1c c:/st/stm32cubeide_1.6.1/stm32cubeide/plugins/com.st.stm32cube.ide.mcu.externaltools.gnu-tools-for-stm32.9-2020-q2-update.win32_1.5.0.202011040924/tools/bin/../lib/gcc/arm-none-eabi/9.3.1/../../../../arm-none-eabi/lib/thumb/v7e-m+dp/hard\libc_nano.a(lib_a-memcpy-stub.o)
                0x0000000008007558                memcpy
 .text.memset   0x0000000008007574       0x10 c:/st/stm32cubeide_1.6.1/stm32cubeide/plugins/com.st.stm32cube.ide.mcu.externaltools.gnu-tools-for-stm32.9-2020-q2-update.win32_1.5.0.202011040924/tools/bin/../lib/gcc/arm-none-eabi/9.3.1/../../../../arm-none-eabi/lib/thumb/v7e-m+dp/hard\libc_nano.a(lib_a-memset.o)
                0x0000000008007574                memset
 *(.glue_7)
 .glue_7        0x0000000008007584        0x0 linker stubs
 *(.glue_7t)
 .glue_7t       0x0000000008007584        0x0 linker stubs
 *(.eh_frame)
 .eh_frame      0x0000000008007584        0x0 c:/st/stm32cubeide_1.6.1/stm32cubeide/plugins/com.st.stm32cube.ide.mcu.externaltools.gnu-tools-for-stm32.9-2020-q2-update.win32_1.5.0.202011040924/tools/bin/../lib/gcc/arm-none-eabi/9.3.1/thumb/v7e-m+dp/hard/crtbegin.o
 *(.init)
 .init          0x0000000008007584        0x4 c:/st/stm32cubeide_1.6.1/stm32cubeide/plugins/com.st.stm32cube.ide.mcu.externaltools.gnu-tools-for-stm32.9-2020-q2-update.win32_1.5.0.202011040924/tools/bin/../lib/gcc/arm-none-eabi/9.3.1/thumb/v7e-m+dp/hard/crti.o
                0x0000000008007584                _init
 .init          0x0000000008007588        0x8 c:/st/stm32cubeide_1.6.1/stm32cubeide/plugins/com.st.stm32cube.ide.mcu.externaltools.gnu-tools-for-stm32.9-2020-q2-update.win32_1.5.0.202011040924/tools/bin/../lib/gcc/arm-none-eabi/9.3.1/thumb/v7e-m+dp/hard/crtn.o
 *(.fini)
 .fini          0x0000000008007590        0x4 c:/st/stm32cubeide_1.6.1/stm32cubeide/plugins/com.st.stm32cube.ide.mcu.externaltools.gnu-tools-for-stm32.9-2020-q2-update.win32_1.5.0.202011040924/tools/bin/../lib/gcc/arm-none-eabi/9.3.1/thumb/v7e-m+dp/hard/crti.o
                0x0000000008007590                _fini
 .fini          0x0000000008007594        0x8 c:/st/stm32cubeide_1.6.1/stm32cubeide/plugins/com.st.stm32cube.ide.mcu.externaltools.gnu-tools-for-stm32.9-2020-q2-update.win32_1.5.0.202011040924/tools/bin/../lib/gcc/arm-none-eabi/9.3.1/thumb/v7e-m+dp/hard/crtn.o
                0x000000000800759c                . = ALIGN (0x4)
                0x000000000800759c                _etext = .

.vfp11_veneer   0x000000000800759c        0x0
 .vfp11_veneer  0x000000000800759c        0x0 linker stubs

.v4_bx          0x000000000800759c        0x0
 .v4_bx         0x000000000800759c        0x0 linker stubs

.iplt           0x000000000800759c        0x0
 .iplt          0x000000000800759c        0x0 c:/st/stm32cubeide_1.6.1/stm32cubeide/plugins/com.st.stm32cube.ide.mcu.externaltools.gnu-tools-for-stm32.9-2020-q2-update.win32_1.5.0.202011040924/tools/bin/../lib/gcc/arm-none-eabi/9.3.1/thumb/v7e-m+dp/hard/crtbegin.o

.rodata         0x000000000800759c      0x180
                0x000000000800759c                . = ALIGN (0x4)
 *(.rodata)
 *(.rodata*)
 .rodata.str1.1
                0x000000000800759c       0x41 Core/Src/main.o
 *fill*         0x00000000080075dd        0x3 
 .rodata.container_detectTask_attributes
                0x00000000080075e0       0x24 Core/Src/main.o
                0x00000000080075e0                container_detectTask_attributes
 .rodata.defaultTask_attributes
                0x0000000008007604       0x24 Core/Src/main.o
                0x0000000008007604                defaultTask_attributes
 .rodata.keyboardTask_attributes
                0x0000000008007628       0x24 Core/Src/main.o
                0x0000000008007628                keyboardTask_attributes
 .rodata.lcdTask_attributes
                0x000000000800764c       0x24 Core/Src/main.o
                0x000000000800764c                lcdTask_attributes
 .rodata.scanerTask_attributes
                0x0000000008007670       0x24 Core/Src/main.o
                0x0000000008007670                scanerTask_attributes
 .rodata.D1CorePrescTable
                0x0000000008007694       0x10 Core/Src/system_stm32h7xx.o
                0x0000000008007694                D1CorePrescTable
 .rodata.flagBitshiftOffset.11414
                0x00000000080076a4        0x8 Drivers/STM32H7xx_HAL_Driver/Src/stm32h7xx_hal_dma.o
 .rodata.CSWTCH.59
                0x00000000080076ac       0x29 Drivers/STM32H7xx_HAL_Driver/Src/stm32h7xx_hal_uart.o
 .rodata.CSWTCH.60
                0x00000000080076d5        0x6 Drivers/STM32H7xx_HAL_Driver/Src/stm32h7xx_hal_uart.o
 .rodata.CSWTCH.69
                0x00000000080076db        0x6 Drivers/STM32H7xx_HAL_Driver/Src/stm32h7xx_hal_uart.o
 *fill*         0x00000000080076e1        0x1 
 .rodata.UARTPrescTable
                0x00000000080076e2       0x18 Drivers/STM32H7xx_HAL_Driver/Src/stm32h7xx_hal_uart.o
                0x00000000080076e2                UARTPrescTable
 .rodata.denominator.11370
                0x00000000080076fa        0x8 Drivers/STM32H7xx_HAL_Driver/Src/stm32h7xx_hal_uart_ex.o
 .rodata.numerator.11369
                0x0000000008007702        0x8 Drivers/STM32H7xx_HAL_Driver/Src/stm32h7xx_hal_uart_ex.o
 .rodata.vTaskStartScheduler.str1.1
                0x000000000800770a        0x5 Middlewares/Third_Party/FreeRTOS/Source/tasks.o
 .rodata.prvCheckForValidListAndQueue.str1.1
                0x000000000800770f        0x5 Middlewares/Third_Party/FreeRTOS/Source/timers.o
 .rodata.xTimerCreateTimerTask.str1.1
                0x0000000008007714        0x8 Middlewares/Third_Party/FreeRTOS/Source/timers.o
                0x000000000800771c                . = ALIGN (0x4)

.ARM.extab
 *(.ARM.extab* .gnu.linkonce.armextab.*)

.ARM            0x000000000800771c        0x8
                0x000000000800771c                __exidx_start = .
 *(.ARM.exidx*)
 .ARM.exidx     0x000000000800771c        0x8 c:/st/stm32cubeide_1.6.1/stm32cubeide/plugins/com.st.stm32cube.ide.mcu.externaltools.gnu-tools-for-stm32.9-2020-q2-update.win32_1.5.0.202011040924/tools/bin/../lib/gcc/arm-none-eabi/9.3.1/thumb/v7e-m+dp/hard\libgcc.a(_udivmoddi4.o)
                0x0000000008007724                __exidx_end = .

.rel.dyn        0x0000000008007724        0x0
 .rel.iplt      0x0000000008007724        0x0 c:/st/stm32cubeide_1.6.1/stm32cubeide/plugins/com.st.stm32cube.ide.mcu.externaltools.gnu-tools-for-stm32.9-2020-q2-update.win32_1.5.0.202011040924/tools/bin/../lib/gcc/arm-none-eabi/9.3.1/thumb/v7e-m+dp/hard/crtbegin.o

.preinit_array  0x0000000008007724        0x0
                0x0000000008007724                PROVIDE (__preinit_array_start = .)
 *(.preinit_array*)
                0x0000000008007724                PROVIDE (__preinit_array_end = .)

.init_array     0x0000000008007724        0x4
                0x0000000008007724                PROVIDE (__init_array_start = .)
 *(SORT_BY_NAME(.init_array.*))
 *(.init_array*)
 .init_array    0x0000000008007724        0x4 c:/st/stm32cubeide_1.6.1/stm32cubeide/plugins/com.st.stm32cube.ide.mcu.externaltools.gnu-tools-for-stm32.9-2020-q2-update.win32_1.5.0.202011040924/tools/bin/../lib/gcc/arm-none-eabi/9.3.1/thumb/v7e-m+dp/hard/crtbegin.o
                0x0000000008007728                PROVIDE (__init_array_end = .)

.fini_array     0x0000000008007728        0x4
                [!provide]                        PROVIDE (__fini_array_start = .)
 *(SORT_BY_NAME(.fini_array.*))
 *(.fini_array*)
 .fini_array    0x0000000008007728        0x4 c:/st/stm32cubeide_1.6.1/stm32cubeide/plugins/com.st.stm32cube.ide.mcu.externaltools.gnu-tools-for-stm32.9-2020-q2-update.win32_1.5.0.202011040924/tools/bin/../lib/gcc/arm-none-eabi/9.3.1/thumb/v7e-m+dp/hard/crtbegin.o
                [!provide]                        PROVIDE (__fini_array_end = .)
                0x000000000800772c                _sidata = LOADADDR (.data)

.data           0x0000000020000000       0x28 load address 0x000000000800772c
                0x0000000020000000                . = ALIGN (0x4)
                0x0000000020000000                _sdata = .
 *(.data)
 *(.data*)
 .data.previous_state.12465
                0x0000000020000000        0x1 Core/Src/main.o
 *fill*         0x0000000020000001        0x3 
 .data.SystemCoreClock
                0x0000000020000004        0x4 Core/Src/system_stm32h7xx.o
                0x0000000020000004                SystemCoreClock
 .data.SystemD2Clock
                0x0000000020000008        0x4 Core/Src/system_stm32h7xx.o
                0x0000000020000008                SystemD2Clock
 .data.uwTickFreq
                0x000000002000000c        0x1 Drivers/STM32H7xx_HAL_Driver/Src/stm32h7xx_hal.o
                0x000000002000000c                uwTickFreq
 *fill*         0x000000002000000d        0x3 
 .data.uwTickPrio
                0x0000000020000010        0x4 Drivers/STM32H7xx_HAL_Driver/Src/stm32h7xx_hal.o
                0x0000000020000010                uwTickPrio
 .data.xHeapRegions
                0x0000000020000014       0x10 Middlewares/Third_Party/FreeRTOS/Source/CMSIS_RTOS_V2/cmsis_os2.o
 .data.uxCriticalNesting
                0x0000000020000024        0x4 Middlewares/Third_Party/FreeRTOS/Source/portable/GCC/ARM_CM4F/port.o
 *(.RamFunc)
 *(.RamFunc*)
                0x0000000020000028                . = ALIGN (0x4)
                0x0000000020000028                _edata = .

.igot.plt       0x0000000020000028        0x0 load address 0x0000000008007754
 .igot.plt      0x0000000020000028        0x0 c:/st/stm32cubeide_1.6.1/stm32cubeide/plugins/com.st.stm32cube.ide.mcu.externaltools.gnu-tools-for-stm32.9-2020-q2-update.win32_1.5.0.202011040924/tools/bin/../lib/gcc/arm-none-eabi/9.3.1/thumb/v7e-m+dp/hard/crtbegin.o

.RxDecripSection
                0x0000000020000028       0x60 load address 0x0000000008007754
 .RxDecripSection
                0x0000000020000028       0x60 Core/Src/main.o
                0x0000000020000028                DMARxDscrTab

.TxDecripSection
                0x0000000020000088       0x60 load address 0x00000000080077b4
 .TxDecripSection
                0x0000000020000088       0x60 Core/Src/main.o
                0x0000000020000088                DMATxDscrTab
                0x00000000200000e8                . = ALIGN (0x4)

.bss            0x00000000200000e8     0x9f5c load address 0x0000000008007814
                0x00000000200000e8                _sbss = .
                0x00000000200000e8                __bss_start__ = _sbss
 *(.bss)
 .bss           0x00000000200000e8       0x1c c:/st/stm32cubeide_1.6.1/stm32cubeide/plugins/com.st.stm32cube.ide.mcu.externaltools.gnu-tools-for-stm32.9-2020-q2-update.win32_1.5.0.202011040924/tools/bin/../lib/gcc/arm-none-eabi/9.3.1/thumb/v7e-m+dp/hard/crtbegin.o
 *(.bss*)
 .bss.NumObjectsInLastLine
                0x0000000020000104        0x1 Core/Src/main.o
                0x0000000020000104                NumObjectsInLastLine
 *fill*         0x0000000020000105        0x3 
 .bss.counter_num_extra_count
                0x0000000020000108        0x4 Core/Src/main.o
                0x0000000020000108                counter_num_extra_count
 .bss.event_group_1_id
                0x000000002000010c        0x4 Core/Src/main.o
                0x000000002000010c                event_group_1_id
 .bss.event_state.12466
                0x0000000020000110        0x1 Core/Src/main.o
 *fill*         0x0000000020000111        0x3 
 .bss.max_area  0x0000000020000114        0x4 Core/Src/main.o
                0x0000000020000114                max_area
 .bss.numObjects
                0x0000000020000118        0x4 Core/Src/main.o
                0x0000000020000118                numObjects
 .bss.num_show_object_area
                0x000000002000011c        0x4 Core/Src/main.o
                0x000000002000011c                num_show_object_area
 .bss.pice_period
                0x0000000020000120        0x4 Core/Src/main.o
                0x0000000020000120                pice_period
 .bss.system_time
                0x0000000020000124        0x4 Core/Src/main.o
                0x0000000020000124                system_time
 .bss.HAL_RCC_COMP12_CLK_ENABLED
                0x0000000020000128        0x4 Core/Src/stm32h7xx_hal_msp.o
 .bss.Idle_Stack.13000
                0x000000002000012c      0x200 Middlewares/Third_Party/FreeRTOS/Source/CMSIS_RTOS_V2/cmsis_os2.o
 .bss.Idle_TCB.12999
                0x000000002000032c       0x5c Middlewares/Third_Party/FreeRTOS/Source/CMSIS_RTOS_V2/cmsis_os2.o
 .bss.KernelState
                0x0000000020000388        0x4 Middlewares/Third_Party/FreeRTOS/Source/CMSIS_RTOS_V2/cmsis_os2.o
 .bss.Timer_Stack.13007
                0x000000002000038c      0x400 Middlewares/Third_Party/FreeRTOS/Source/CMSIS_RTOS_V2/cmsis_os2.o
 .bss.Timer_TCB.13006
                0x000000002000078c       0x5c Middlewares/Third_Party/FreeRTOS/Source/CMSIS_RTOS_V2/cmsis_os2.o
 .bss.ucHeap    0x00000000200007e8     0x8000 Middlewares/Third_Party/FreeRTOS/Source/CMSIS_RTOS_V2/cmsis_os2.o
 .bss.pxCurrentTCB
                0x00000000200087e8        0x4 Middlewares/Third_Party/FreeRTOS/Source/tasks.o
                0x00000000200087e8                pxCurrentTCB
 .bss.pxDelayedTaskList
                0x00000000200087ec        0x4 Middlewares/Third_Party/FreeRTOS/Source/tasks.o
 .bss.pxOverflowDelayedTaskList
                0x00000000200087f0        0x4 Middlewares/Third_Party/FreeRTOS/Source/tasks.o
 .bss.pxReadyTasksLists
                0x00000000200087f4      0x460 Middlewares/Third_Party/FreeRTOS/Source/tasks.o
 .bss.uxCurrentNumberOfTasks
                0x0000000020008c54        0x4 Middlewares/Third_Party/FreeRTOS/Source/tasks.o
 .bss.uxDeletedTasksWaitingCleanUp
                0x0000000020008c58        0x4 Middlewares/Third_Party/FreeRTOS/Source/tasks.o
 .bss.uxSchedulerSuspended
                0x0000000020008c5c        0x4 Middlewares/Third_Party/FreeRTOS/Source/tasks.o
 .bss.uxTaskNumber
                0x0000000020008c60        0x4 Middlewares/Third_Party/FreeRTOS/Source/tasks.o
 .bss.uxTopReadyPriority
                0x0000000020008c64        0x4 Middlewares/Third_Party/FreeRTOS/Source/tasks.o
 .bss.xDelayedTaskList1
                0x0000000020008c68       0x14 Middlewares/Third_Party/FreeRTOS/Source/tasks.o
 .bss.xDelayedTaskList2
                0x0000000020008c7c       0x14 Middlewares/Third_Party/FreeRTOS/Source/tasks.o
 .bss.xNextTaskUnblockTime
                0x0000000020008c90        0x4 Middlewares/Third_Party/FreeRTOS/Source/tasks.o
 .bss.xNumOfOverflows
                0x0000000020008c94        0x4 Middlewares/Third_Party/FreeRTOS/Source/tasks.o
 .bss.xPendedTicks
                0x0000000020008c98        0x4 Middlewares/Third_Party/FreeRTOS/Source/tasks.o
 .bss.xPendingReadyList
                0x0000000020008c9c       0x14 Middlewares/Third_Party/FreeRTOS/Source/tasks.o
 .bss.xSchedulerRunning
                0x0000000020008cb0        0x4 Middlewares/Third_Party/FreeRTOS/Source/tasks.o
 .bss.xSuspendedTaskList
                0x0000000020008cb4       0x14 Middlewares/Third_Party/FreeRTOS/Source/tasks.o
 .bss.xTasksWaitingTermination
                0x0000000020008cc8       0x14 Middlewares/Third_Party/FreeRTOS/Source/tasks.o
 .bss.xTickCount
                0x0000000020008cdc        0x4 Middlewares/Third_Party/FreeRTOS/Source/tasks.o
 .bss.xYieldPending
                0x0000000020008ce0        0x4 Middlewares/Third_Party/FreeRTOS/Source/tasks.o
 .bss.pxCurrentTimerList
                0x0000000020008ce4        0x4 Middlewares/Third_Party/FreeRTOS/Source/timers.o
 .bss.pxOverflowTimerList
                0x0000000020008ce8        0x4 Middlewares/Third_Party/FreeRTOS/Source/timers.o
 .bss.ucStaticTimerQueueStorage.6979
                0x0000000020008cec       0xa0 Middlewares/Third_Party/FreeRTOS/Source/timers.o
 .bss.xActiveTimerList1
                0x0000000020008d8c       0x14 Middlewares/Third_Party/FreeRTOS/Source/timers.o
 .bss.xActiveTimerList2
                0x0000000020008da0       0x14 Middlewares/Third_Party/FreeRTOS/Source/timers.o
 .bss.xLastTime.6928
                0x0000000020008db4        0x4 Middlewares/Third_Party/FreeRTOS/Source/timers.o
 .bss.xStaticTimerQueue.6978
                0x0000000020008db8       0x50 Middlewares/Third_Party/FreeRTOS/Source/timers.o
 .bss.xTimerQueue
                0x0000000020008e08        0x4 Middlewares/Third_Party/FreeRTOS/Source/timers.o
 .bss.xTimerTaskHandle
                0x0000000020008e0c        0x4 Middlewares/Third_Party/FreeRTOS/Source/timers.o
 .bss.ucMaxSysCallPriority
                0x0000000020008e10        0x1 Middlewares/Third_Party/FreeRTOS/Source/portable/GCC/ARM_CM4F/port.o
 *fill*         0x0000000020008e11        0x3 
 .bss.ulMaxPRIGROUPValue
                0x0000000020008e14        0x4 Middlewares/Third_Party/FreeRTOS/Source/portable/GCC/ARM_CM4F/port.o
 .bss.pxEnd     0x0000000020008e18        0x4 Middlewares/Third_Party/FreeRTOS/Source/portable/MemMang/heap_5.o
 .bss.xBlockAllocatedBit
                0x0000000020008e1c        0x4 Middlewares/Third_Party/FreeRTOS/Source/portable/MemMang/heap_5.o
 .bss.xFreeBytesRemaining
                0x0000000020008e20        0x4 Middlewares/Third_Party/FreeRTOS/Source/portable/MemMang/heap_5.o
 .bss.xMinimumEverFreeBytesRemaining
                0x0000000020008e24        0x4 Middlewares/Third_Party/FreeRTOS/Source/portable/MemMang/heap_5.o
 .bss.xNumberOfSuccessfulAllocations
                0x0000000020008e28        0x4 Middlewares/Third_Party/FreeRTOS/Source/portable/MemMang/heap_5.o
 .bss.xNumberOfSuccessfulFrees
                0x0000000020008e2c        0x4 Middlewares/Third_Party/FreeRTOS/Source/portable/MemMang/heap_5.o
 .bss.xStart    0x0000000020008e30        0x8 Middlewares/Third_Party/FreeRTOS/Source/portable/MemMang/heap_5.o
 *(COMMON)
 COMMON         0x0000000020008e38     0x117c Core/Src/main.o
                0x0000000020008e38                last_line
                0x0000000020008e98                defaultTaskHandle
                0x0000000020008e9c                p_objects_last_line
                0x0000000020008f5c                huart3
                0x0000000020008fec                hdma_tim2_up
                0x0000000020009064                htim17
                0x00000000200090b0                BufferCOMP1
                0x0000000020009230                pices_time
                0x0000000020009250                comp_out_data
                0x0000000020009290                hcomp1
                0x00000000200092bc                htim3
                0x0000000020009308                scanerTaskHandle
                0x000000002000930c                hdma_tim2_ch2
                0x0000000020009384                objects_area_last_line
                0x00000000200093e4                BufferCOMP2
                0x0000000020009564                objects_last_line
                0x0000000020009624                PositionLCD
                0x000000002000962c                lcdTaskHandle
                0x0000000020009630                keyboardTaskHandle
                0x0000000020009634                hcomp2
                0x0000000020009660                htim2
                0x00000000200096ac                hdma_tim17_ch1
                0x0000000020009724                heth
                0x00000000200097ac                TxConfig
                0x00000000200097e0                container_detectTaskHandle
                0x00000000200097e4                Objects_area
 COMMON         0x0000000020009fb4       0x4c Core/Src/stm32h7xx_hal_timebase_tim.o
                0x0000000020009fb4                htim1
 COMMON         0x000000002000a000        0x4 Drivers/STM32H7xx_HAL_Driver/Src/stm32h7xx_hal.o
                0x000000002000a000                uwTick
 COMMON         0x000000002000a004       0x40 Middlewares/Third_Party/FreeRTOS/Source/queue.o
                0x000000002000a004                xQueueRegistry
                0x000000002000a044                . = ALIGN (0x4)
                0x000000002000a044                _ebss = .
                0x000000002000a044                __bss_end__ = _ebss

._user_heap_stack
                0x000000002000a044      0x604 load address 0x0000000008007814
                0x000000002000a048                . = ALIGN (0x8)
 *fill*         0x000000002000a044        0x4 
                [!provide]                        PROVIDE (end = .)
                0x000000002000a048                PROVIDE (_end = .)
                0x000000002000a248                . = (. + _Min_Heap_Size)
 *fill*         0x000000002000a048      0x200 
                0x000000002000a648                . = (. + _Min_Stack_Size)
 *fill*         0x000000002000a248      0x400 
                0x000000002000a648                . = ALIGN (0x8)

/DISCARD/
 libc.a(*)
 libm.a(*)
 libgcc.a(*)

.ARM.attributes
                0x0000000000000000       0x2e
 *(.ARM.attributes)
 .ARM.attributes
                0x0000000000000000       0x1e c:/st/stm32cubeide_1.6.1/stm32cubeide/plugins/com.st.stm32cube.ide.mcu.externaltools.gnu-tools-for-stm32.9-2020-q2-update.win32_1.5.0.202011040924/tools/bin/../lib/gcc/arm-none-eabi/9.3.1/thumb/v7e-m+dp/hard/crti.o
 .ARM.attributes
                0x000000000000001e       0x32 c:/st/stm32cubeide_1.6.1/stm32cubeide/plugins/com.st.stm32cube.ide.mcu.externaltools.gnu-tools-for-stm32.9-2020-q2-update.win32_1.5.0.202011040924/tools/bin/../lib/gcc/arm-none-eabi/9.3.1/thumb/v7e-m+dp/hard/crtbegin.o
 .ARM.attributes
                0x0000000000000050       0x32 Core/Src/freertos.o
 .ARM.attributes
                0x0000000000000082       0x32 Core/Src/main.o
 .ARM.attributes
                0x00000000000000b4       0x32 Core/Src/stm32h7xx_hal_msp.o
 .ARM.attributes
                0x00000000000000e6       0x32 Core/Src/stm32h7xx_hal_timebase_tim.o
 .ARM.attributes
                0x0000000000000118       0x32 Core/Src/stm32h7xx_it.o
 .ARM.attributes
                0x000000000000014a       0x32 Core/Src/system_stm32h7xx.o
 .ARM.attributes
                0x000000000000017c       0x21 Core/Startup/startup_stm32h723zgtx.o
 .ARM.attributes
                0x000000000000019d       0x32 Drivers/STM32H7xx_HAL_Driver/Src/stm32h7xx_hal.o
 .ARM.attributes
                0x00000000000001cf       0x32 Drivers/STM32H7xx_HAL_Driver/Src/stm32h7xx_hal_comp.o
 .ARM.attributes
                0x0000000000000201       0x32 Drivers/STM32H7xx_HAL_Driver/Src/stm32h7xx_hal_cortex.o
 .ARM.attributes
                0x0000000000000233       0x32 Drivers/STM32H7xx_HAL_Driver/Src/stm32h7xx_hal_dma.o
 .ARM.attributes
                0x0000000000000265       0x32 Drivers/STM32H7xx_HAL_Driver/Src/stm32h7xx_hal_eth.o
 .ARM.attributes
                0x0000000000000297       0x32 Drivers/STM32H7xx_HAL_Driver/Src/stm32h7xx_hal_gpio.o
 .ARM.attributes
                0x00000000000002c9       0x32 Drivers/STM32H7xx_HAL_Driver/Src/stm32h7xx_hal_pwr_ex.o
 .ARM.attributes
                0x00000000000002fb       0x32 Drivers/STM32H7xx_HAL_Driver/Src/stm32h7xx_hal_rcc.o
 .ARM.attributes
                0x000000000000032d       0x32 Drivers/STM32H7xx_HAL_Driver/Src/stm32h7xx_hal_rcc_ex.o
 .ARM.attributes
                0x000000000000035f       0x32 Drivers/STM32H7xx_HAL_Driver/Src/stm32h7xx_hal_tim.o
 .ARM.attributes
                0x0000000000000391       0x32 Drivers/STM32H7xx_HAL_Driver/Src/stm32h7xx_hal_tim_ex.o
 .ARM.attributes
                0x00000000000003c3       0x32 Drivers/STM32H7xx_HAL_Driver/Src/stm32h7xx_hal_uart.o
 .ARM.attributes
                0x00000000000003f5       0x32 Drivers/STM32H7xx_HAL_Driver/Src/stm32h7xx_hal_uart_ex.o
 .ARM.attributes
                0x0000000000000427       0x32 Middlewares/Third_Party/FreeRTOS/Source/CMSIS_RTOS_V2/cmsis_os2.o
 .ARM.attributes
                0x0000000000000459       0x32 Middlewares/Third_Party/FreeRTOS/Source/event_groups.o
 .ARM.attributes
                0x000000000000048b       0x32 Middlewares/Third_Party/FreeRTOS/Source/list.o
 .ARM.attributes
                0x00000000000004bd       0x32 Middlewares/Third_Party/FreeRTOS/Source/queue.o
 .ARM.attributes
                0x00000000000004ef       0x32 Middlewares/Third_Party/FreeRTOS/Source/tasks.o
 .ARM.attributes
                0x0000000000000521       0x32 Middlewares/Third_Party/FreeRTOS/Source/timers.o
 .ARM.attributes
                0x0000000000000553       0x32 Middlewares/Third_Party/FreeRTOS/Source/portable/GCC/ARM_CM4F/port.o
 .ARM.attributes
                0x0000000000000585       0x32 Middlewares/Third_Party/FreeRTOS/Source/portable/MemMang/heap_5.o
 .ARM.attributes
                0x00000000000005b7       0x32 c:/st/stm32cubeide_1.6.1/stm32cubeide/plugins/com.st.stm32cube.ide.mcu.externaltools.gnu-tools-for-stm32.9-2020-q2-update.win32_1.5.0.202011040924/tools/bin/../lib/gcc/arm-none-eabi/9.3.1/../../../../arm-none-eabi/lib/thumb/v7e-m+dp/hard\libc_nano.a(lib_a-init.o)
 .ARM.attributes
                0x00000000000005e9       0x32 c:/st/stm32cubeide_1.6.1/stm32cubeide/plugins/com.st.stm32cube.ide.mcu.externaltools.gnu-tools-for-stm32.9-2020-q2-update.win32_1.5.0.202011040924/tools/bin/../lib/gcc/arm-none-eabi/9.3.1/../../../../arm-none-eabi/lib/thumb/v7e-m+dp/hard\libc_nano.a(lib_a-memcpy-stub.o)
 .ARM.attributes
                0x000000000000061b       0x32 c:/st/stm32cubeide_1.6.1/stm32cubeide/plugins/com.st.stm32cube.ide.mcu.externaltools.gnu-tools-for-stm32.9-2020-q2-update.win32_1.5.0.202011040924/tools/bin/../lib/gcc/arm-none-eabi/9.3.1/../../../../arm-none-eabi/lib/thumb/v7e-m+dp/hard\libc_nano.a(lib_a-memset.o)
 .ARM.attributes
                0x000000000000064d       0x1e c:/st/stm32cubeide_1.6.1/stm32cubeide/plugins/com.st.stm32cube.ide.mcu.externaltools.gnu-tools-for-stm32.9-2020-q2-update.win32_1.5.0.202011040924/tools/bin/../lib/gcc/arm-none-eabi/9.3.1/thumb/v7e-m+dp/hard\libgcc.a(_aeabi_uldivmod.o)
 .ARM.attributes
                0x000000000000066b       0x32 c:/st/stm32cubeide_1.6.1/stm32cubeide/plugins/com.st.stm32cube.ide.mcu.externaltools.gnu-tools-for-stm32.9-2020-q2-update.win32_1.5.0.202011040924/tools/bin/../lib/gcc/arm-none-eabi/9.3.1/thumb/v7e-m+dp/hard\libgcc.a(_udivmoddi4.o)
 .ARM.attributes
                0x000000000000069d       0x1e c:/st/stm32cubeide_1.6.1/stm32cubeide/plugins/com.st.stm32cube.ide.mcu.externaltools.gnu-tools-for-stm32.9-2020-q2-update.win32_1.5.0.202011040924/tools/bin/../lib/gcc/arm-none-eabi/9.3.1/thumb/v7e-m+dp/hard\libgcc.a(_dvmd_tls.o)
 .ARM.attributes
                0x00000000000006bb       0x1e c:/st/stm32cubeide_1.6.1/stm32cubeide/plugins/com.st.stm32cube.ide.mcu.externaltools.gnu-tools-for-stm32.9-2020-q2-update.win32_1.5.0.202011040924/tools/bin/../lib/gcc/arm-none-eabi/9.3.1/thumb/v7e-m+dp/hard/crtn.o
OUTPUT(line_V3.elf elf32-littlearm)
LOAD linker stubs
LOAD c:/st/stm32cubeide_1.6.1/stm32cubeide/plugins/com.st.stm32cube.ide.mcu.externaltools.gnu-tools-for-stm32.9-2020-q2-update.win32_1.5.0.202011040924/tools/bin/../lib/gcc/arm-none-eabi/9.3.1/../../../../arm-none-eabi/lib/thumb/v7e-m+dp/hard\libc.a
LOAD c:/st/stm32cubeide_1.6.1/stm32cubeide/plugins/com.st.stm32cube.ide.mcu.externaltools.gnu-tools-for-stm32.9-2020-q2-update.win32_1.5.0.202011040924/tools/bin/../lib/gcc/arm-none-eabi/9.3.1/../../../../arm-none-eabi/lib/thumb/v7e-m+dp/hard\libm.a
LOAD c:/st/stm32cubeide_1.6.1/stm32cubeide/plugins/com.st.stm32cube.ide.mcu.externaltools.gnu-tools-for-stm32.9-2020-q2-update.win32_1.5.0.202011040924/tools/bin/../lib/gcc/arm-none-eabi/9.3.1/thumb/v7e-m+dp/hard\libgcc.a

.comment        0x0000000000000000       0x53
 .comment       0x0000000000000000       0x53 Core/Src/freertos.o
                                         0x54 (size before relaxing)
 .comment       0x0000000000000053       0x54 Core/Src/main.o
 .comment       0x0000000000000053       0x54 Core/Src/stm32h7xx_hal_msp.o
 .comment       0x0000000000000053       0x54 Core/Src/stm32h7xx_hal_timebase_tim.o
 .comment       0x0000000000000053       0x54 Core/Src/stm32h7xx_it.o
 .comment       0x0000000000000053       0x54 Core/Src/system_stm32h7xx.o
 .comment       0x0000000000000053       0x54 Drivers/STM32H7xx_HAL_Driver/Src/stm32h7xx_hal.o
 .comment       0x0000000000000053       0x54 Drivers/STM32H7xx_HAL_Driver/Src/stm32h7xx_hal_comp.o
 .comment       0x0000000000000053       0x54 Drivers/STM32H7xx_HAL_Driver/Src/stm32h7xx_hal_cortex.o
 .comment       0x0000000000000053       0x54 Drivers/STM32H7xx_HAL_Driver/Src/stm32h7xx_hal_dma.o
 .comment       0x0000000000000053       0x54 Drivers/STM32H7xx_HAL_Driver/Src/stm32h7xx_hal_eth.o
 .comment       0x0000000000000053       0x54 Drivers/STM32H7xx_HAL_Driver/Src/stm32h7xx_hal_gpio.o
 .comment       0x0000000000000053       0x54 Drivers/STM32H7xx_HAL_Driver/Src/stm32h7xx_hal_pwr_ex.o
 .comment       0x0000000000000053       0x54 Drivers/STM32H7xx_HAL_Driver/Src/stm32h7xx_hal_rcc.o
 .comment       0x0000000000000053       0x54 Drivers/STM32H7xx_HAL_Driver/Src/stm32h7xx_hal_rcc_ex.o
 .comment       0x0000000000000053       0x54 Drivers/STM32H7xx_HAL_Driver/Src/stm32h7xx_hal_tim.o
 .comment       0x0000000000000053       0x54 Drivers/STM32H7xx_HAL_Driver/Src/stm32h7xx_hal_tim_ex.o
 .comment       0x0000000000000053       0x54 Drivers/STM32H7xx_HAL_Driver/Src/stm32h7xx_hal_uart.o
 .comment       0x0000000000000053       0x54 Drivers/STM32H7xx_HAL_Driver/Src/stm32h7xx_hal_uart_ex.o
 .comment       0x0000000000000053       0x54 Middlewares/Third_Party/FreeRTOS/Source/CMSIS_RTOS_V2/cmsis_os2.o
 .comment       0x0000000000000053       0x54 Middlewares/Third_Party/FreeRTOS/Source/event_groups.o
 .comment       0x0000000000000053       0x54 Middlewares/Third_Party/FreeRTOS/Source/list.o
 .comment       0x0000000000000053       0x54 Middlewares/Third_Party/FreeRTOS/Source/queue.o
 .comment       0x0000000000000053       0x54 Middlewares/Third_Party/FreeRTOS/Source/tasks.o
 .comment       0x0000000000000053       0x54 Middlewares/Third_Party/FreeRTOS/Source/timers.o
 .comment       0x0000000000000053       0x54 Middlewares/Third_Party/FreeRTOS/Source/portable/GCC/ARM_CM4F/port.o
 .comment       0x0000000000000053       0x54 Middlewares/Third_Party/FreeRTOS/Source/portable/MemMang/heap_5.o

.debug_frame    0x0000000000000000       0xd4
 .debug_frame   0x0000000000000000       0x2c c:/st/stm32cubeide_1.6.1/stm32cubeide/plugins/com.st.stm32cube.ide.mcu.externaltools.gnu-tools-for-stm32.9-2020-q2-update.win32_1.5.0.202011040924/tools/bin/../lib/gcc/arm-none-eabi/9.3.1/../../../../arm-none-eabi/lib/thumb/v7e-m+dp/hard\libc_nano.a(lib_a-init.o)
 .debug_frame   0x000000000000002c       0x28 c:/st/stm32cubeide_1.6.1/stm32cubeide/plugins/com.st.stm32cube.ide.mcu.externaltools.gnu-tools-for-stm32.9-2020-q2-update.win32_1.5.0.202011040924/tools/bin/../lib/gcc/arm-none-eabi/9.3.1/../../../../arm-none-eabi/lib/thumb/v7e-m+dp/hard\libc_nano.a(lib_a-memcpy-stub.o)
 .debug_frame   0x0000000000000054       0x20 c:/st/stm32cubeide_1.6.1/stm32cubeide/plugins/com.st.stm32cube.ide.mcu.externaltools.gnu-tools-for-stm32.9-2020-q2-update.win32_1.5.0.202011040924/tools/bin/../lib/gcc/arm-none-eabi/9.3.1/../../../../arm-none-eabi/lib/thumb/v7e-m+dp/hard\libc_nano.a(lib_a-memset.o)
 .debug_frame   0x0000000000000074       0x2c c:/st/stm32cubeide_1.6.1/stm32cubeide/plugins/com.st.stm32cube.ide.mcu.externaltools.gnu-tools-for-stm32.9-2020-q2-update.win32_1.5.0.202011040924/tools/bin/../lib/gcc/arm-none-eabi/9.3.1/thumb/v7e-m+dp/hard\libgcc.a(_aeabi_uldivmod.o)
 .debug_frame   0x00000000000000a0       0x34 c:/st/stm32cubeide_1.6.1/stm32cubeide/plugins/com.st.stm32cube.ide.mcu.externaltools.gnu-tools-for-stm32.9-2020-q2-update.win32_1.5.0.202011040924/tools/bin/../lib/gcc/arm-none-eabi/9.3.1/thumb/v7e-m+dp/hard\libgcc.a(_udivmoddi4.o)
